Archive member included to satisfy reference by file (symbol)

c:/progra~1/microc~1/xc8/v3.10/avr/bin/../lib/gcc/avr/5.4.0/avrxmega4\libgcc.a(_mulsi3.o)
                              CMakeFiles\TestAi2_default_default_XC8_compile.dir\C_\Users\A76570\MPLABProjects\TestAi2\config.mcc\dino_game.c.o (__mulsi3)
c:/progra~1/microc~1/xc8/v3.10/avr/bin/../lib/gcc/avr/5.4.0/avrxmega4\libgcc.a(_udivmodhi4.o)
                              CMakeFiles\TestAi2_default_default_XC8_compile.dir\C_\Users\A76570\MPLABProjects\TestAi2\config.mcc\dino_game.c.o (__udivmodhi4)
c:/progra~1/microc~1/xc8/v3.10/avr/bin/../lib/gcc/avr/5.4.0/avrxmega4\libgcc.a(_udivmodsi4.o)
                              CMakeFiles\TestAi2_default_default_XC8_compile.dir\C_\Users\A76570\MPLABProjects\TestAi2\config.mcc\bringup.c.o (__udivmodsi4)
c:/progra~1/microc~1/xc8/v3.10/avr/bin/../lib/gcc/avr/5.4.0/avrxmega4\libgcc.a(_copy_data.o)
                              CMakeFiles\TestAi2_default_default_XC8_compile.dir\C_\Users\A76570\MPLABProjects\TestAi2\config.mcc\breakout.c.o (__do_copy_data)
c:/progra~1/microc~1/xc8/v3.10/avr/bin/../lib/gcc/avr/5.4.0/avrxmega4\libgcc.a(_umulhisi3.o)
                              CMakeFiles\TestAi2_default_default_XC8_compile.dir\C_\Users\A76570\MPLABProjects\TestAi2\config.mcc\dino_game.c.o (__umulhisi3)
c:/progra~1/microc~1/xc8/v3.10/avr/bin/../lib/gcc/avr/5.4.0/avrxmega4\libgcc.a(_muluhisi3.o)
                              CMakeFiles\TestAi2_default_default_XC8_compile.dir\C_\Users\A76570\MPLABProjects\TestAi2\config.mcc\bringup.c.o (__muluhisi3)
c:/progra~1/microc~1/xc8/v3.10/avr/bin/../lib/gcc/avr/5.4.0/../../../../avr/lib/avrxmega4\libc.a(exit.o)
                              C:/Users/A76570/.mchp_packs/Microchip/AVR-Dx_DFP/2.8.343/xc8/avr/lib/avrxmega4/crtavr128da48.o (exit)
c:/progra~1/microc~1/xc8/v3.10/avr/bin/../lib/gcc/avr/5.4.0/../../../../avr/lib/avrxmega4\libc.a(__sio_printf_dosux.o)
                              CMakeFiles\TestAi2_default_default_XC8_compile.dir\C_\Users\A76570\MPLABProjects\TestAi2\config.mcc\bringup.c.o (_printf_cdopsuxX)
c:/progra~1/microc~1/xc8/v3.10/avr/bin/../lib/gcc/avr/5.4.0/../../../../avr/lib/avrxmega4\libc.a(__sio_printf_doux.o)
                              CMakeFiles\TestAi2_default_default_XC8_compile.dir\C_\Users\A76570\MPLABProjects\TestAi2\config.mcc\breakout.c.o (_printf_cdopuxX)
c:/progra~1/microc~1/xc8/v3.10/avr/bin/../lib/gcc/avr/5.4.0/../../../../avr/lib/avrxmega4\libc.a(__sio_printf_s.o)
                              CMakeFiles\TestAi2_default_default_XC8_compile.dir\C_\Users\A76570\MPLABProjects\TestAi2\config.mcc\menu.c.o (_printf_s)
c:/progra~1/microc~1/xc8/v3.10/avr/bin/../lib/gcc/avr/5.4.0/../../../../avr/lib/avrxmega4\libc.a(__fmt_d.o)
                              c:/progra~1/microc~1/xc8/v3.10/avr/bin/../lib/gcc/avr/5.4.0/../../../../avr/lib/avrxmega4\libc.a(__sio_printf_dosux.o) (__fmt_d_needed)
c:/progra~1/microc~1/xc8/v3.10/avr/bin/../lib/gcc/avr/5.4.0/../../../../avr/lib/avrxmega4\libc.a(__fmt_o.o)
                              c:/progra~1/microc~1/xc8/v3.10/avr/bin/../lib/gcc/avr/5.4.0/../../../../avr/lib/avrxmega4\libc.a(__sio_printf_dosux.o) (__fmt_o_needed)
c:/progra~1/microc~1/xc8/v3.10/avr/bin/../lib/gcc/avr/5.4.0/../../../../avr/lib/avrxmega4\libc.a(__fmt_s.o)
                              c:/progra~1/microc~1/xc8/v3.10/avr/bin/../lib/gcc/avr/5.4.0/../../../../avr/lib/avrxmega4\libc.a(__sio_printf_dosux.o) (__fmt_s_needed)
c:/progra~1/microc~1/xc8/v3.10/avr/bin/../lib/gcc/avr/5.4.0/../../../../avr/lib/avrxmega4\libc.a(__fmt_u.o)
                              c:/progra~1/microc~1/xc8/v3.10/avr/bin/../lib/gcc/avr/5.4.0/../../../../avr/lib/avrxmega4\libc.a(__fmt_d.o) (__cvt_u)
c:/progra~1/microc~1/xc8/v3.10/avr/bin/../lib/gcc/avr/5.4.0/../../../../avr/lib/avrxmega4\libc.a(__fmt_x.o)
                              c:/progra~1/microc~1/xc8/v3.10/avr/bin/../lib/gcc/avr/5.4.0/../../../../avr/lib/avrxmega4\libc.a(__sio_printf_dosux.o) (__fmt_x_needed)
c:/progra~1/microc~1/xc8/v3.10/avr/bin/../lib/gcc/avr/5.4.0/../../../../avr/lib/avrxmega4\libc.a(__pop_int.o)
                              c:/progra~1/microc~1/xc8/v3.10/avr/bin/../lib/gcc/avr/5.4.0/../../../../avr/lib/avrxmega4\libc.a(__sio_printf_dosux.o) (__pop_int_needed)
c:/progra~1/microc~1/xc8/v3.10/avr/bin/../lib/gcc/avr/5.4.0/../../../../avr/lib/avrxmega4\libc.a(__printf_core.o)
                              c:/progra~1/microc~1/xc8/v3.10/avr/bin/../lib/gcc/avr/5.4.0/../../../../avr/lib/avrxmega4\libc.a(__fmt_d.o) (__pad)
c:/progra~1/microc~1/xc8/v3.10/avr/bin/../lib/gcc/avr/5.4.0/../../../../avr/lib/avrxmega4\libc.a(fputc.o)
                              c:/progra~1/microc~1/xc8/v3.10/avr/bin/../lib/gcc/avr/5.4.0/../../../../avr/lib/avrxmega4\libc.a(__printf_core.o) (fputc)
c:/progra~1/microc~1/xc8/v3.10/avr/bin/../lib/gcc/avr/5.4.0/../../../../avr/lib/avrxmega4\libc.a(puts.o)
[...]
Memory Configuration

Name             Origin             Length             Attributes
text             0x0000000000000000 0x0000000000020000 xr
data             0x0000000000804000 0x0000000000004000 rw !x
eeprom           0x0000000000810000 0x0000000000000200 rw !x
fuse             0x0000000000820000 0x0000000000000010 rw !x
lock             0x0000000000830000 0x0000000000000400 rw !x
signature        0x0000000000840000 0x0000000000000400 rw !x
user_signatures  0x0000000000850000 0x0000000000000400 rw !x
bootrow          0x0000000000860000 0x0000000000000400 rw !x
*default*        0x0000000000000000 0xffffffffffffffff

Linker script and memory map

Address of section .data set to 0x804000
                0x0000000000008000                __RODATA_PM_OFFSET__ = 0x8000
LOAD C:/Users/A76570/.mchp_packs/Microchip/AVR-Dx_DFP/2.8.343/xc8/avr/lib/avrxmega4/crtavr128da48.o
                0x0000000000000001                __MPLAB_BUILD = 0x1
LOAD CMakeFiles\TestAi2_default_default_XC8_assemblePreprocess.dir\C_\Users\A76570\MPLABProjects\TestAi2\config.mcc\mcc_generated_files\system\src\protected_io.S.o
LOAD CMakeFiles\TestAi2_default_default_XC8_compile.dir\C_\Users\A76570\MPLABProjects\TestAi2\config.mcc\breakout.c.o
LOAD CMakeFiles\TestAi2_default_default_XC8_compile.dir\C_\Users\A76570\MPLABProjects\TestAi2\config.mcc\bringup.c.o
LOAD CMakeFiles\TestAi2_default_default_XC8_compile.dir\C_\Users\A76570\MPLABProjects\TestAi2\config.mcc\dino_game.c.o
LOAD CMakeFiles\TestAi2_default_default_XC8_compile.dir\C_\Users\A76570\MPLABProjects\TestAi2\config.mcc\gfx_assets.c.o
LOAD CMakeFiles\TestAi2_default_default_XC8_compile.dir\C_\Users\A76570\MPLABProjects\TestAi2\config.mcc\i2c_bus.c.o
LOAD CMakeFiles\TestAi2_default_default_XC8_compile.dir\C_\Users\A76570\MPLABProjects\TestAi2\config.mcc\main.c.o
LOAD CMakeFiles\TestAi2_default_default_XC8_compile.dir\C_\Users\A76570\MPLABProjects\TestAi2\config.mcc\mcc_generated_files\adc\src\adc0.c.o
LOAD CMakeFiles\TestAi2_default_default_XC8_compile.dir\C_\Users\A76570\MPLABProjects\TestAi2\config.mcc\mcc_generated_files\i2c_host\src\twi0.c.o
LOAD CMakeFiles\TestAi2_default_default_XC8_compile.dir\C_\Users\A76570\MPLABProjects\TestAi2\config.mcc\mcc_generated_files\system\src\clock.c.o
LOAD CMakeFiles\TestAi2_default_default_XC8_compile.dir\C_\Users\A76570\MPLABProjects\TestAi2\config.mcc\mcc_generated_files\system\src\config_bits.c.o
LOAD CMakeFiles\TestAi2_default_default_XC8_compile.dir\C_\Users\A76570\MPLABProjects\TestAi2\config.mcc\mcc_generated_files\system\src\interrupt.c.o
LOAD CMakeFiles\TestAi2_default_default_XC8_compile.dir\C_\Users\A76570\MPLABProjects\TestAi2\config.mcc\mcc_generated_files\system\src\pins.c.o
LOAD CMakeFiles\TestAi2_default_default_XC8_compile.dir\C_\Users\A76570\MPLABProjects\TestAi2\config.mcc\mcc_generated_files\system\src\system.c.o
LOAD CMakeFiles\TestAi2_default_default_XC8_compile.dir\C_\Users\A76570\MPLABProjects\TestAi2\config.mcc\mcc_generated_files\timer\src\tca0.c.o
LOAD CMakeFiles\TestAi2_default_default_XC8_compile.dir\C_\Users\A76570\MPLABProjects\TestAi2\config.mcc\mcc_generated_files\uart\src\usart1.c.o
LOAD CMakeFiles\TestAi2_default_default_XC8_compile.dir\C_\Users\A76570\MPLABProjects\TestAi2\config.mcc\mcc_generated_files\vref\src\vref.c.o
LOAD CMakeFiles\TestAi2_default_default_XC8_compile.dir\C_\Users\A76570\MPLABProjects\TestAi2\config.mcc\mcp23008.c.o
LOAD CMakeFiles\TestAi2_default_default_XC8_compile.dir\C_\Users\A76570\MPLABProjects\TestAi2\config.mcc\menu.c.o
LOAD CMakeFiles\TestAi2_default_default_XC8_compile.dir\C_\Users\A76570\MPLABProjects\TestAi2\config.mcc\millis.c.o
LOAD CMakeFiles\TestAi2_default_default_XC8_compile.dir\C_\Users\A76570\MPLABProjects\TestAi2\config.mcc\pot.c.o
LOAD CMakeFiles\TestAi2_default_default_XC8_compile.dir\C_\Users\A76570\MPLABProjects\TestAi2\config.mcc\ssd1306.c.o
START GROUP
LOAD c:/progra~1/microc~1/xc8/v3.10/avr/bin/../lib/gcc/avr/5.4.0/avrxmega4\libgcc.a
LOAD c:/progra~1/microc~1/xc8/v3.10/avr/bin/../lib/gcc/avr/5.4.0/../../../../avr/lib/avrxmega4\libm.a
LOAD c:/progra~1/microc~1/xc8/v3.10/avr/bin/../lib/gcc/avr/5.4.0/../../../../avr/lib/avrxmega4\libc.a
LOAD C:/Users/A76570/.mchp_packs/Microchip/AVR-Dx_DFP/2.8.343/xc8/avr/lib/avrxmega4\libavr128da48.a
END GROUP
                [0x0000000000000000]                __TEXT_REGION_ORIGIN__ = DEFINED (__TEXT_REGION_ORIGIN__)?__TEXT_REGION_ORIGIN__:0x0
                [0x0000000000804000]                __DATA_REGION_ORIGIN__ = DEFINED (__DATA_REGION_ORIGIN__)?__DATA_REGION_ORIGIN__:0x802000
                [0x0000000000020000]                __TEXT_REGION_LENGTH__ = DEFINED (__TEXT_REGION_LENGTH__)?__TEXT_REGION_LENGTH__:0x100000
                [0x0000000000004000]                __DATA_REGION_LENGTH__ = DEFINED (__DATA_REGION_LENGTH__)?__DATA_REGION_LENGTH__:0xffa0
                [0x0000000000000200]                __EEPROM_REGION_LENGTH__ = DEFINED (__EEPROM_REGION_LENGTH__)?__EEPROM_REGION_LENGTH__:0x10000
                [0x0000000000000010]                __FUSE_REGION_LENGTH__ = DEFINED (__FUSE_REGION_LENGTH__)?__FUSE_REGION_LENGTH__:0x400
                0x0000000000000400                __LOCK_REGION_LENGTH__ = DEFINED (__LOCK_REGION_LENGTH__)?__LOCK_REGION_LENGTH__:0x400
                0x0000000000000400                __SIGNATURE_REGION_LENGTH__ = DEFINED (__SIGNATURE_REGION_LENGTH__)?__SIGNATURE_REGION_LENGTH__:0x400
                0x0000000000000400                __USER_SIGNATURE_REGION_LENGTH__ = DEFINED (__USER_SIGNATURE_REGION_LENGTH__)?__USER_SIGNATURE_REGION_LENGTH__:0x400
                0x0000000000000400                __BOOTROW_REGION_LENGTH__ = DEFINED (__BOOTROW_REGION_LENGTH__)?__BOOTROW_REGION_LENGTH__:0x400

.hash
 *(.hash)

.dynsym
 *(.dynsym)

.dynstr
 *(.dynstr)

.gnu.version
 *(.gnu.version)

.gnu.version_d
 *(.gnu.version_d)

.gnu.version_r
 *(.gnu.version_r)

.rel.init
 *(.rel.init)

.rela.init
 *(.rela.init)

.rel.text
 *(.rel.text)
 *(.rel.text.*)
 *(.rel.gnu.linkonce.t*)

.rela.text
 *(.rela.text)
 *(.rela.text.*)
 *(.rela.gnu.linkonce.t*)

.rel.fini
 *(.rel.fini)

.rela.fini
 *(.rela.fini)

.rel.rodata
 *(.rel.rodata)
 *(.rel.rodata.*)
 *(.rel.gnu.linkonce.r*)

.rela.rodata
 *(.rela.rodata)
 *(.rela.rodata.*)
 *(.rela.gnu.linkonce.r*)

.rel.data
 *(.rel.data)
 *(.rel.data.*)
 *(.rel.gnu.linkonce.d*)

.rela.data
 *(.rela.data)
 *(.rela.data.*)
 *(.rela.gnu.linkonce.d*)

.rel.ctors
 *(.rel.ctors)

.rela.ctors
 *(.rela.ctors)

.rel.dtors
 *(.rel.dtors)

.rela.dtors
 *(.rela.dtors)

.rel.got
 *(.rel.got)

.rela.got
 *(.rela.got)

.rel.bss
 *(.rel.bss)

.rela.bss
 *(.rela.bss)

.rel.plt
 *(.rel.plt)

.rela.plt
 *(.rela.plt)

.text           0x0000000000000000      0x236
 *(.vectors)
 .vectors       0x0000000000000000       0xe8 C:/Users/A76570/.mchp_packs/Microchip/AVR-Dx_DFP/2.8.343/xc8/avr/lib/avrxmega4/crtavr128da48.o
                0x0000000000000000                __vector_default
                0x0000000000000000                __vectors
 *(.vectors)
 *(.progmem.gcc*)
 *(.dinit)
 .dinit         0x00000000000000e8       0xf5 data_init
                0x00000000000001de                . = ALIGN (0x2)
 *fill*         0x00000000000001dd        0x1 
                0x00000000000001de                __trampolines_start = .
 *(.trampolines)
 .trampolines   0x00000000000001de        0x0 linker stubs
 *(.trampolines*)
                0x00000000000001de                __trampolines_end = .
 *libprintf_flt.a:*(.progmem.data)
 *libc.a:*(.progmem.data)
                0x00000000000001de                . = ALIGN (0x2)
 *(.jumptables)
 *(.jumptables*)
 *(.lowtext)
 *(.lowtext*)
                0x00000000000001de                __ctors_start = .
 *(.ctors)
                0x00000000000001de                __ctors_end = .
                0x00000000000001de                __dtors_start = .
 *(.dtors)
                0x00000000000001de                __dtors_end = .
 SORT(*)(.ctors)
 SORT(*)(.dtors)
 *(.init0)
 .init0         0x00000000000001de        0x0 C:/Users/A76570/.mchp_packs/Microchip/AVR-Dx_DFP/2.8.343/xc8/avr/lib/avrxmega4/crtavr128da48.o
                0x00000000000001de                __init
 *(.init0)
 *(.init1)
 *(.init1)
 *(.init2)
 .init2         0x00000000000001de        0xc C:/Users/A76570/.mchp_packs/Microchip/AVR-Dx_DFP/2.8.343/xc8/avr/lib/avrxmega4/crtavr128da48.o
 *(.init2)
 *(.init3)
 *(.init3)
 *(.init4)
 .init4         0x00000000000001ea       0x40 c:/progra~1/microc~1/xc8/v3.10/avr/bin/../lib/gcc/avr/5.4.0/avrxmega4\libgcc.a(_copy_data.o)
                0x00000000000001ea                __do_copy_data
                0x000000000000021c                __do_clear_bss
 *(.init4)
 *(.init5)
 *(.init5)
 *(.init6)
 *(.init6)
 *(.init7)
 *(.init7)
 *(.init8)
 *(.init8)
 *(.init9)
 .init9         0x000000000000022a        0x8 C:/Users/A76570/.mchp_packs/Microchip/AVR-Dx_DFP/2.8.343/xc8/avr/lib/avrxmega4/crtavr128da48.o
 *(.init9)
                0x0000000000000232                . = ALIGN (0x2)
 *(.fini9)
 .fini9         0x0000000000000232        0x0 c:/progra~1/microc~1/xc8/v3.10/avr/bin/../lib/gcc/avr/5.4.0/avrxmega4\libgcc.a(_exit.o)
                0x0000000000000232                _exit
 *(.fini9)
 *(.fini8)
 *(.fini8)
 *(.fini7)
 *(.fini7)
 *(.fini6)
 *(.fini6)
 *(.fini5)
 *(.fini5)
 *(.fini4)
 *(.fini4)
 *(.fini3)
 *(.fini3)
 *(.fini2)
 *(.fini2)
 *(.fini1)
 *(.fini1)
 *(.fini0)
 .fini0         0x0000000000000232        0x4 c:/progra~1/microc~1/xc8/v3.10/avr/bin/../lib/gcc/avr/5.4.0/avrxmega4\libgcc.a(_exit.o)
 *(.fini0)
                0x0000000000000236                _etext = .

.data           0x0000000000804000        0x0 load address 0x0000000000000236
                [!provide]                        PROVIDE (__data_start, .)
 *(.gnu.linkonce.d*)
 *(.gnu.linkonce.r*)
                0x0000000000804000                . = ALIGN (0x2)
                0x0000000000804000                _edata = .
                [!provide]                        PROVIDE (__data_end, .)

.bss            0x0000000000804000        0x6
                [!provide]                        PROVIDE (__bss_start, .)
 *(COMMON)
 COMMON         0x0000000000804000        0x4 CMakeFiles\TestAi2_default_default_XC8_compile.dir\C_\Users\A76570\MPLABProjects\TestAi2\config.mcc\mcc_generated_files\uart\src\usart1.c.o
                0x0000000000804000                USART1_TxInterruptHandler
                0x0000000000804002                USART1_RxInterruptHandler
 COMMON         0x0000000000804004        0x2 c:/progra~1/microc~1/xc8/v3.10/avr/bin/../lib/gcc/avr/5.4.0/../../../../avr/lib/avrxmega4\libc.a(errno.o)
                0x0000000000804004                __errno_val
                [!provide]                        PROVIDE (__bss_end, .)
                0x0000000000000236                __data_load_start = LOADADDR (.data)
                0x0000000000000236                __data_load_end = (__data_load_start + SIZEOF (.data))

.noinit         0x0000000000804006        0x0
                [!provide]                        PROVIDE (__noinit_start, .)
 *(.noinit*)
                [!provide]                        PROVIDE (__noinit_end, .)
                0x0000000000804006                _end = .

.eeprom         0x0000000000810000        0x0
 *(.eeprom*)
                0x0000000000810000                __eeprom_end = .

.fuse           0x0000000000820000        0x9
 *(.fuse)
 .fuse          0x0000000000820000        0x9 CMakeFiles\TestAi2_default_default_XC8_compile.dir\C_\Users\A76570\MPLABProjects\TestAi2\config.mcc\mcc_generated_files\system\src\config_bits.c.o
                0x0000000000820000                __fuse
 *(.lfuse)
 *(.hfuse)
 *(.efuse)

.lock
 *(.lock*)

.signature
 *(.signature*)

.user_signatures
 *(.user_signatures*)

.bootrow
 *(.bootrow*)

.stab
 *(.stab)

.stabstr
 *(.stabstr)

.stab.excl
 *(.stab.excl)

.stab.exclstr
 *(.stab.exclstr)

.stab.index
 *(.stab.index)

.stab.indexstr
 *(.stab.indexstr)

.comment        0x0000000000000000       0x5b
 *(.comment)
 .comment       0x0000000000000000       0x2f CMakeFiles\TestAi2_default_default_XC8_compile.dir\C_\Users\A76570\MPLABProjects\TestAi2\config.mcc\breakout.c.o
                                         0x30 (size before relaxing)
 .comment       0x000000000000002f       0x30 CMakeFiles\TestAi2_default_default_XC8_compile.dir\C_\Users\A76570\MPLABProjects\TestAi2\config.mcc\bringup.c.o
 .comment       0x000000000000002f       0x30 CMakeFiles\TestAi2_default_default_XC8_compile.dir\C_\Users\A76570\MPLABProjects\TestAi2\config.mcc\dino_game.c.o
 .comment       0x000000000000002f       0x30 CMakeFiles\TestAi2_default_default_XC8_compile.dir\C_\Users\A76570\MPLABProjects\TestAi2\config.mcc\gfx_assets.c.o
 .comment       0x000000000000002f       0x30 CMakeFiles\TestAi2_default_default_XC8_compile.dir\C_\Users\A76570\MPLABProjects\TestAi2\config.mcc\i2c_bus.c.o
 .comment       0x000000000000002f       0x30 CMakeFiles\TestAi2_default_default_XC8_compile.dir\C_\Users\A76570\MPLABProjects\TestAi2\config.mcc\main.c.o
 .comment       0x000000000000002f       0x30 CMakeFiles\TestAi2_default_default_XC8_compile.dir\C_\Users\A76570\MPLABProjects\TestAi2\config.mcc\mcc_generated_files\adc\src\adc0.c.o
 .comment       0x000000000000002f       0x30 CMakeFiles\TestAi2_default_default_XC8_compile.dir\C_\Users\A76570\MPLABProjects\TestAi2\config.mcc\mcc_generated_files\i2c_host\src\twi0.c.o
 .comment       0x000000000000002f       0x30 CMakeFiles\TestAi2_default_default_XC8_compile.dir\C_\Users\A76570\MPLABProjects\TestAi2\config.mcc\mcc_generated_files\system\src\clock.c.o
 .comment       0x000000000000002f       0x30 CMakeFiles\TestAi2_default_default_XC8_compile.dir\C_\Users\A76570\MPLABProjects\TestAi2\config.mcc\mcc_generated_files\system\src\config_bits.c.o
 .comment       0x000000000000002f       0x30 CMakeFiles\TestAi2_default_default_XC8_compile.dir\C_\Users\A76570\MPLABProjects\TestAi2\config.mcc\mcc_generated_files\system\src\interrupt.c.o
 .comment       0x000000000000002f       0x30 CMakeFiles\TestAi2_default_default_XC8_compile.dir\C_\Users\A76570\MPLABProjects\TestAi2\config.mcc\mcc_generated_files\system\src\pins.c.o
 .comment       0x000000000000002f       0x30 CMakeFiles\TestAi2_default_default_XC8_compile.dir\C_\Users\A76570\MPLABProjects\TestAi2\config.mcc\mcc_generated_files\system\src\system.c.o
 .comment       0x000000000000002f       0x30 CMakeFiles\TestAi2_default_default_XC8_compile.dir\C_\Users\A76570\MPLABProjects\TestAi2\config.mcc\mcc_generated_files\timer\src\tca0.c.o
 .comment       0x000000000000002f       0x30 CMakeFiles\TestAi2_default_default_XC8_compile.dir\C_\Users\A76570\MPLABProjects\TestAi2\config.mcc\mcc_generated_files\uart\src\usart1.c.o
 .comment       0x000000000000002f       0x30 CMakeFiles\TestAi2_default_default_XC8_compile.dir\C_\Users\A76570\MPLABProjects\TestAi2\config.mcc\mcc_generated_files\vref\src\vref.c.o
 .comment       0x000000000000002f       0x30 CMakeFiles\TestAi2_default_default_XC8_compile.dir\C_\Users\A76570\MPLABProjects\TestAi2\config.mcc\mcp23008.c.o
 .comment       0x000000000000002f       0x30 CMakeFiles\TestAi2_default_default_XC8_compile.dir\C_\Users\A76570\MPLABProjects\TestAi2\config.mcc\menu.c.o
 .comment       0x000000000000002f       0x30 CMakeFiles\TestAi2_default_default_XC8_compile.dir\C_\Users\A76570\MPLABProjects\TestAi2\config.mcc\millis.c.o
 .comment       0x000000000000002f       0x30 CMakeFiles\TestAi2_default_default_XC8_compile.dir\C_\Users\A76570\MPLABProjects\TestAi2\config.mcc\pot.c.o
 .comment       0x000000000000002f       0x30 CMakeFiles\TestAi2_default_default_XC8_compile.dir\C_\Users\A76570\MPLABProjects\TestAi2\config.mcc\ssd1306.c.o
 .comment       0x000000000000002f       0x2c c:/progra~1/microc~1/xc8/v3.10/avr/bin/../lib/gcc/avr/5.4.0/../../../../avr/lib/avrxmega4\libc.a(exit.o)
                                         0x2d (size before relaxing)
 .comment       0x000000000000005b       0x2d c:/progra~1/microc~1/xc8/v3.10/avr/bin/../lib/gcc/avr/5.4.0/../../../../avr/lib/avrxmega4\libc.a(__sio_printf_dosux.o)
 .comment       0x000000000000005b       0x2d c:/progra~1/microc~1/xc8/v3.10/avr/bin/../lib/gcc/avr/5.4.0/../../../../avr/lib/avrxmega4\libc.a(__sio_printf_doux.o)
 .comment       0x000000000000005b       0x2d c:/progra~1/microc~1/xc8/v3.10/avr/bin/../lib/gcc/avr/5.4.0/../../../../avr/lib/avrxmega4\libc.a(__sio_printf_s.o)
 .comment       0x000000000000005b       0x2d c:/progra~1/microc~1/xc8/v3.10/avr/bin/../lib/gcc/avr/5.4.0/../../../../avr/lib/avrxmega4\libc.a(__fmt_d.o)
 .comment       0x000000000000005b       0x2d c:/progra~1/microc~1/xc8/v3.10/avr/bin/../lib/gcc/avr/5.4.0/../../../../avr/lib/avrxmega4\libc.a(__fmt_o.o)
 .comment       0x000000000000005b       0x2d c:/progra~1/microc~1/xc8/v3.10/avr/bin/../lib/gcc/avr/5.4.0/../../../../avr/lib/avrxmega4\libc.a(__fmt_s.o)
 .comment       0x000000000000005b       0x2d c:/progra~1/microc~1/xc8/v3.10/avr/bin/../lib/gcc/avr/5.4.0/../../../../avr/lib/avrxmega4\libc.a(__fmt_u.o)
 .comment       0x000000000000005b       0x2d c:/progra~1/microc~1/xc8/v3.10/avr/bin/../lib/gcc/avr/5.4.0/../../../../avr/lib/avrxmega4\libc.a(__fmt_x.o)
 .comment       0x000000000000005b       0x2d c:/progra~1/microc~1/xc8/v3.10/avr/bin/../lib/gcc/avr/5.4.0/../../../../avr/lib/avrxmega4\libc.a(__pop_int.o)
 .comment       0x000000000000005b       0x2d c:/progra~1/microc~1/xc8/v3.10/avr/bin/../lib/gcc/avr/5.4.0/../../../../avr/lib/avrxmega4\libc.a(__printf_core.o)
 .comment       0x000000000000005b       0x2d c:/progra~1/microc~1/xc8/v3.10/avr/bin/../lib/gcc/avr/5.4.0/../../../../avr/lib/avrxmega4\libc.a(fputc.o)
 .comment       0x000000000000005b       0x2d c:/progra~1/microc~1/xc8/v3.10/avr/bin/../lib/gcc/avr/5.4.0/../../../../avr/lib/avrxmega4\libc.a(puts.o)
 .comment       0x000000000000005b       0x2d c:/progra~1/microc~1/xc8/v3.10/avr/bin/../lib/gcc/avr/5.4.0/../../../../avr/lib/avrxmega4\libc.a(stdout.o)
 .comment       0x000000000000005b       0x2d c:/progra~1/microc~1/xc8/v3.10/avr/bin/../lib/gcc/avr/5.4.0/../../../../avr/lib/avrxmega4\libc.a(memcpy.o)
 .comment       0x000000000000005b       0x2d c:/progra~1/microc~1/xc8/v3.10/avr/bin/../lib/gcc/avr/5.4.0/../../../../avr/lib/avrxmega4\libc.a(memset.o)
 .comment       0x000000000000005b       0x2d c:/progra~1/microc~1/xc8/v3.10/avr/bin/../lib/gcc/avr/5.4.0/../../../../avr/lib/avrxmega4\libc.a(strlen.o)
 .comment       0x000000000000005b       0x2d c:/progra~1/microc~1/xc8/v3.10/avr/bin/../lib/gcc/avr/5.4.0/../../../../avr/lib/avrxmega4\libc.a(tolower.o)
 .comment       0x000000000000005b       0x2d c:/progra~1/microc~1/xc8/v3.10/avr/bin/../lib/gcc/avr/5.4.0/../../../../avr/lib/avrxmega4\libc.a(toupper.o)
 .comment       0x000000000000005b       0x2d c:/progra~1/microc~1/xc8/v3.10/avr/bin/../lib/gcc/avr/5.4.0/../../../../avr/lib/avrxmega4\libc.a(errno.o)
 .comment       0x000000000000005b       0x2d c:/progra~1/microc~1/xc8/v3.10/avr/bin/../lib/gcc/avr/5.4.0/../../../../avr/lib/avrxmega4\libc.a(_Exit.o)
 .comment       0x000000000000005b       0x2d c:/progra~1/microc~1/xc8/v3.10/avr/bin/../lib/gcc/avr/5.4.0/../../../../avr/lib/avrxmega4\libc.a(__int_vfprintf.o)
 .comment       0x000000000000005b       0x2d c:/progra~1/microc~1/xc8/v3.10/avr/bin/../lib/gcc/avr/5.4.0/../../../../avr/lib/avrxmega4\libc.a(fputs.o)

.stack.descriptors.hdr
                0x0000000000000000      0x196
 .stack.descriptors.hdr
                0x0000000000000000        0xe c:/progra~1/microc~1/xc8/v3.10/avr/bin/../lib/gcc/avr/5.4.0/avrxmega4\libgcc.a(_mulsi3.o)
 .stack.descriptors.hdr
                0x000000000000000e        0xe c:/progra~1/microc~1/xc8/v3.10/avr/bin/../lib/gcc/avr/5.4.0/avrxmega4\libgcc.a(_udivmodhi4.o)
 .stack.descriptors.hdr
                0x000000000000001c        0xe c:/progra~1/microc~1/xc8/v3.10/avr/bin/../lib/gcc/avr/5.4.0/avrxmega4\libgcc.a(_udivmodsi4.o)
 .stack.descriptors.hdr
                0x000000000000002a        0xe c:/progra~1/microc~1/xc8/v3.10/avr/bin/../lib/gcc/avr/5.4.0/avrxmega4\libgcc.a(_umulhisi3.o)
 .stack.descriptors.hdr
                0x0000000000000038        0xe c:/progra~1/microc~1/xc8/v3.10/avr/bin/../lib/gcc/avr/5.4.0/avrxmega4\libgcc.a(_muluhisi3.o)
 .stack.descriptors.hdr
                0x0000000000000046        0xe c:/progra~1/microc~1/xc8/v3.10/avr/bin/../lib/gcc/avr/5.4.0/../../../../avr/lib/avrxmega4\libc.a(exit.o)
 .stack.descriptors.hdr
                0x0000000000000054        0xe c:/progra~1/microc~1/xc8/v3.10/avr/bin/../lib/gcc/avr/5.4.0/../../../../avr/lib/avrxmega4\libc.a(__sio_printf_dosux.o)
 .stack.descriptors.hdr
                0x0000000000000062        0xe c:/progra~1/microc~1/xc8/v3.10/avr/bin/../lib/gcc/avr/5.4.0/../../../../avr/lib/avrxmega4\libc.a(__sio_printf_doux.o)
 .stack.descriptors.hdr
                0x0000000000000070        0xe c:/progra~1/microc~1/xc8/v3.10/avr/bin/../lib/gcc/avr/5.4.0/../../../../avr/lib/avrxmega4\libc.a(__sio_printf_s.o)
 .stack.descriptors.hdr
                0x000000000000007e        0xe c:/progra~1/microc~1/xc8/v3.10/avr/bin/../lib/gcc/avr/5.4.0/../../../../avr/lib/avrxmega4\libc.a(__fmt_d.o)
 .stack.descriptors.hdr
                0x000000000000008c        0xe c:/progra~1/microc~1/xc8/v3.10/avr/bin/../lib/gcc/avr/5.4.0/../../../../avr/lib/avrxmega4\libc.a(__fmt_o.o)
 .stack.descriptors.hdr
                0x000000000000009a        0xe c:/progra~1/microc~1/xc8/v3.10/avr/bin/../lib/gcc/avr/5.4.0/../../../../avr/lib/avrxmega4\libc.a(__fmt_s.o)
 .stack.descriptors.hdr
                0x00000000000000a8        0xe c:/progra~1/microc~1/xc8/v3.10/avr/bin/../lib/gcc/avr/5.4.0/../../../../avr/lib/avrxmega4\libc.a(__fmt_u.o)
 .stack.descriptors.hdr
                0x00000000000000b6        0xe c:/progra~1/microc~1/xc8/v3.10/avr/bin/../lib/gcc/avr/5.4.0/../../../../avr/lib/avrxmega4\libc.a(__fmt_x.o)
 .stack.descriptors.hdr
                0x00000000000000c4        0xe c:/progra~1/microc~1/xc8/v3.10/avr/bin/../lib/gcc/avr/5.4.0/../../../../avr/lib/avrxmega4\libc.a(__pop_int.o)
 .stack.descriptors.hdr
                0x00000000000000d2        0xe c:/progra~1/microc~1/xc8/v3.10/avr/bin/../lib/gcc/avr/5.4.0/../../../../avr/lib/avrxmega4\libc.a(__printf_core.o)
 .stack.descriptors.hdr
                0x00000000000000e0        0xe c:/progra~1/microc~1/xc8/v3.10/avr/bin/../lib/gcc/avr/5.4.0/../../../../avr/lib/avrxmega4\libc.a(fputc.o)
 .stack.descriptors.hdr
                0x00000000000000ee        0xe c:/progra~1/microc~1/xc8/v3.10/avr/bin/../lib/gcc/avr/5.4.0/../../../../avr/lib/avrxmega4\libc.a(puts.o)
 .stack.descriptors.hdr
                0x00000000000000fc        0xe c:/progra~1/microc~1/xc8/v3.10/avr/bin/../lib/gcc/avr/5.4.0/../../../../avr/lib/avrxmega4\libc.a(stdout.o)
 .stack.descriptors.hdr
                0x000000000000010a        0xe c:/progra~1/microc~1/xc8/v3.10/avr/bin/../lib/gcc/avr/5.4.0/../../../../avr/lib/avrxmega4\libc.a(memcpy.o)
 .stack.descriptors.hdr
                0x0000000000000118        0xe c:/progra~1/microc~1/xc8/v3.10/avr/bin/../lib/gcc/avr/5.4.0/../../../../avr/lib/avrxmega4\libc.a(memset.o)
 .stack.descriptors.hdr
                0x0000000000000126        0xe c:/progra~1/microc~1/xc8/v3.10/avr/bin/../lib/gcc/avr/5.4.0/../../../../avr/lib/avrxmega4\libc.a(strlen.o)
 .stack.descriptors.hdr
                0x0000000000000134        0xe c:/progra~1/microc~1/xc8/v3.10/avr/bin/../lib/gcc/avr/5.4.0/../../../../avr/lib/avrxmega4\libc.a(tolower.o)
 .stack.descriptors.hdr
                0x0000000000000142        0xe c:/progra~1/microc~1/xc8/v3.10/avr/bin/../lib/gcc/avr/5.4.0/../../../../avr/lib/avrxmega4\libc.a(toupper.o)
 .stack.descriptors.hdr
                0x0000000000000150        0xe c:/progra~1/microc~1/xc8/v3.10/avr/bin/../lib/gcc/avr/5.4.0/../../../../avr/lib/avrxmega4\libc.a(errno.o)
 .stack.descriptors.hdr
                0x000000000000015e        0xe c:/progra~1/microc~1/xc8/v3.10/avr/bin/../lib/gcc/avr/5.4.0/../../../../avr/lib/avrxmega4\libc.a(_Exit.o)
 .stack.descriptors.hdr
                0x000000000000016c        0xe c:/progra~1/microc~1/xc8/v3.10/avr/bin/../lib/gcc/avr/5.4.0/../../../../avr/lib/avrxmega4\libc.a(__int_vfprintf.o)
 .stack.descriptors.hdr
                0x000000000000017a        0xe c:/progra~1/microc~1/xc8/v3.10/avr/bin/../lib/gcc/avr/5.4.0/../../../../avr/lib/avrxmega4\libc.a(fputs.o)
 .stack.descriptors.hdr
                0x0000000000000188        0xe c:/progra~1/microc~1/xc8/v3.10/avr/bin/../lib/gcc/avr/5.4.0/avrxmega4\libgcc.a(_exit.o)

.note.GNU-stack
                0x0000000000000000        0x0
 .note.GNU-stack
                0x0000000000000000        0x0 c:/progra~1/microc~1/xc8/v3.10/avr/bin/../lib/gcc/avr/5.4.0/../../../../avr/lib/avrxmega4\libc.a(exit.o)
 .note.GNU-stack
                0x0000000000000000        0x0 c:/progra~1/microc~1/xc8/v3.10/avr/bin/../lib/gcc/avr/5.4.0/../../../../avr/lib/avrxmega4\libc.a(__sio_printf_dosux.o)
 .note.GNU-stack
                0x0000000000000000        0x0 c:/progra~1/microc~1/xc8/v3.10/avr/bin/../lib/gcc/avr/5.4.0/../../../../avr/lib/avrxmega4\libc.a(__sio_printf_doux.o)
 .note.GNU-stack
                0x0000000000000000        0x0 c:/progra~1/microc~1/xc8/v3.10/avr/bin/../lib/gcc/avr/5.4.0/../../../../avr/lib/avrxmega4\libc.a(__sio_printf_s.o)
 .note.GNU-stack
                0x0000000000000000        0x0 c:/progra~1/microc~1/xc8/v3.10/avr/bin/../lib/gcc/avr/5.4.0/../../../../avr/lib/avrxmega4\libc.a(__fmt_d.o)
 .note.GNU-stack
                0x0000000000000000        0x0 c:/progra~1/microc~1/xc8/v3.10/avr/bin/../lib/gcc/avr/5.4.0/../../../../avr/lib/avrxmega4\libc.a(__fmt_o.o)
 .note.GNU-stack
                0x0000000000000000        0x0 c:/progra~1/microc~1/xc8/v3.10/avr/bin/../lib/gcc/avr/5.4.0/../../../../avr/lib/avrxmega4\libc.a(__fmt_s.o)
 .note.GNU-stack
                0x0000000000000000        0x0 c:/progra~1/microc~1/xc8/v3.10/avr/bin/../lib/gcc/avr/5.4.0/../../../../avr/lib/avrxmega4\libc.a(__fmt_u.o)
 .note.GNU-stack
                0x0000000000000000        0x0 c:/progra~1/microc~1/xc8/v3.10/avr/bin/../lib/gcc/avr/5.4.0/../../../../avr/lib/avrxmega4\libc.a(__fmt_x.o)
 .note.GNU-stack
                0x0000000000000000        0x0 c:/progra~1/microc~1/xc8/v3.10/avr/bin/../lib/gcc/avr/5.4.0/../../../../avr/lib/avrxmega4\libc.a(__pop_int.o)
 .note.GNU-stack
                0x0000000000000000        0x0 c:/progra~1/microc~1/xc8/v3.10/avr/bin/../lib/gcc/avr/5.4.0/../../../../avr/lib/avrxmega4\libc.a(__printf_core.o)
 .note.GNU-stack
                0x0000000000000000        0x0 c:/progra~1/microc~1/xc8/v3.10/avr/bin/../lib/gcc/avr/5.4.0/../../../../avr/lib/avrxmega4\libc.a(fputc.o)
 .note.GNU-stack
                0x0000000000000000        0x0 c:/progra~1/microc~1/xc8/v3.10/avr/bin/../lib/gcc/avr/5.4.0/../../../../avr/lib/avrxmega4\libc.a(puts.o)
 .note.GNU-stack
                0x0000000000000000        0x0 c:/progra~1/microc~1/xc8/v3.10/avr/bin/../lib/gcc/avr/5.4.0/../../../../avr/lib/avrxmega4\libc.a(stdout.o)
 .note.GNU-stack
                0x0000000000000000        0x0 c:/progra~1/microc~1/xc8/v3.10/avr/bin/../lib/gcc/avr/5.4.0/../../../../avr/lib/avrxmega4\libc.a(memcpy.o)
 .note.GNU-stack
                0x0000000000000000        0x0 c:/progra~1/microc~1/xc8/v3.10/avr/bin/../lib/gcc/avr/5.4.0/../../../../avr/lib/avrxmega4\libc.a(memset.o)
 .note.GNU-stack
                0x0000000000000000        0x0 c:/progra~1/microc~1/xc8/v3.10/avr/bin/../lib/gcc/avr/5.4.0/../../../../avr/lib/avrxmega4\libc.a(strlen.o)
 .note.GNU-stack
                0x0000000000000000        0x0 c:/progra~1/microc~1/xc8/v3.10/avr/bin/../lib/gcc/avr/5.4.0/../../../../avr/lib/avrxmega4\libc.a(tolower.o)
 .note.GNU-stack
                0x0000000000000000        0x0 c:/progra~1/microc~1/xc8/v3.10/avr/bin/../lib/gcc/avr/5.4.0/../../../../avr/lib/avrxmega4\libc.a(toupper.o)
 .note.GNU-stack
                0x0000000000000000        0x0 c:/progra~1/microc~1/xc8/v3.10/avr/bin/../lib/gcc/avr/5.4.0/../../../../avr/lib/avrxmega4\libc.a(errno.o)
 .note.GNU-stack
                0x0000000000000000        0x0 c:/progra~1/microc~1/xc8/v3.10/avr/bin/../lib/gcc/avr/5.4.0/../../../../avr/lib/avrxmega4\libc.a(_Exit.o)
 .note.GNU-stack
                0x0000000000000000        0x0 c:/progra~1/microc~1/xc8/v3.10/avr/bin/../lib/gcc/avr/5.4.0/../../../../avr/lib/avrxmega4\libc.a(__int_vfprintf.o)
 .note.GNU-stack
                0x0000000000000000        0x0 c:/progra~1/microc~1/xc8/v3.10/avr/bin/../lib/gcc/avr/5.4.0/../../../../avr/lib/avrxmega4\libc.a(fputs.o)

.note.gnu.build-id
 *(.note.gnu.build-id)

.debug
 *(.debug)

.line
 *(.line)

.debug_srcinfo
 *(.debug_srcinfo)

.debug_sfnames
 *(.debug_sfnames)

.debug_aranges  0x0000000000000000      0x990
 *(.debug_aranges)
 .debug_aranges
                0x0000000000000000       0x20 CMakeFiles\TestAi2_default_default_XC8_assemblePreprocess.dir\C_\Users\A76570\MPLABProjects\TestAi2\config.mcc\mcc_generated_files\system\src\protected_io.S.o
 .debug_aranges
                0x0000000000000020       0xa8 CMakeFiles\TestAi2_default_default_XC8_compile.dir\C_\Users\A76570\MPLABProjects\TestAi2\config.mcc\breakout.c.o
 .debug_aranges
                0x00000000000000c8       0x30 CMakeFiles\TestAi2_default_default_XC8_compile.dir\C_\Users\A76570\MPLABProjects\TestAi2\config.mcc\bringup.c.o
 .debug_aranges
                0x00000000000000f8       0xa8 CMakeFiles\TestAi2_default_default_XC8_compile.dir\C_\Users\A76570\MPLABProjects\TestAi2\config.mcc\dino_game.c.o
 .debug_aranges
                0x00000000000001a0       0x18 CMakeFiles\TestAi2_default_default_XC8_compile.dir\C_\Users\A76570\MPLABProjects\TestAi2\config.mcc\gfx_assets.c.o
 .debug_aranges
                0x00000000000001b8       0x90 CMakeFiles\TestAi2_default_default_XC8_compile.dir\C_\Users\A76570\MPLABProjects\TestAi2\config.mcc\i2c_bus.c.o
 .debug_aranges
                0x0000000000000248       0x20 CMakeFiles\TestAi2_default_default_XC8_compile.dir\C_\Users\A76570\MPLABProjects\TestAi2\config.mcc\main.c.o
 .debug_aranges
                0x0000000000000268      0x120 CMakeFiles\TestAi2_default_default_XC8_compile.dir\C_\Users\A76570\MPLABProjects\TestAi2\config.mcc\mcc_generated_files\adc\src\adc0.c.o
 .debug_aranges
                0x0000000000000388       0xd8 CMakeFiles\TestAi2_default_default_XC8_compile.dir\C_\Users\A76570\MPLABProjects\TestAi2\config.mcc\mcc_generated_files\i2c_host\src\twi0.c.o
 .debug_aranges
                0x0000000000000460       0x28 CMakeFiles\TestAi2_default_default_XC8_compile.dir\C_\Users\A76570\MPLABProjects\TestAi2\config.mcc\mcc_generated_files\system\src\clock.c.o
 .debug_aranges
                0x0000000000000488       0x18 CMakeFiles\TestAi2_default_default_XC8_compile.dir\C_\Users\A76570\MPLABProjects\TestAi2\config.mcc\mcc_generated_files\system\src\config_bits.c.o
 .debug_aranges
                0x00000000000004a0       0x28 CMakeFiles\TestAi2_default_default_XC8_compile.dir\C_\Users\A76570\MPLABProjects\TestAi2\config.mcc\mcc_generated_files\system\src\interrupt.c.o
 .debug_aranges
                0x00000000000004c8       0xb0 CMakeFiles\TestAi2_default_default_XC8_compile.dir\C_\Users\A76570\MPLABProjects\TestAi2\config.mcc\mcc_generated_files\system\src\pins.c.o
 .debug_aranges
                0x0000000000000578       0x20 CMakeFiles\TestAi2_default_default_XC8_compile.dir\C_\Users\A76570\MPLABProjects\TestAi2\config.mcc\mcc_generated_files\system\src\system.c.o
 .debug_aranges
                0x0000000000000598       0x70 CMakeFiles\TestAi2_default_default_XC8_compile.dir\C_\Users\A76570\MPLABProjects\TestAi2\config.mcc\mcc_generated_files\timer\src\tca0.c.o
 .debug_aranges
                0x0000000000000608      0x138 CMakeFiles\TestAi2_default_default_XC8_compile.dir\C_\Users\A76570\MPLABProjects\TestAi2\config.mcc\mcc_generated_files\uart\src\usart1.c.o
 .debug_aranges
                0x0000000000000740       0x20 CMakeFiles\TestAi2_default_default_XC8_compile.dir\C_\Users\A76570\MPLABProjects\TestAi2\config.mcc\mcc_generated_files\vref\src\vref.c.o
 .debug_aranges
                0x0000000000000760       0x68 CMakeFiles\TestAi2_default_default_XC8_compile.dir\C_\Users\A76570\MPLABProjects\TestAi2\config.mcc\mcp23008.c.o
 .debug_aranges
                0x00000000000007c8       0x30 CMakeFiles\TestAi2_default_default_XC8_compile.dir\C_\Users\A76570\MPLABProjects\TestAi2\config.mcc\menu.c.o
 .debug_aranges
                0x00000000000007f8       0x50 CMakeFiles\TestAi2_default_default_XC8_compile.dir\C_\Users\A76570\MPLABProjects\TestAi2\config.mcc\millis.c.o
 .debug_aranges
                0x0000000000000848       0x48 CMakeFiles\TestAi2_default_default_XC8_compile.dir\C_\Users\A76570\MPLABProjects\TestAi2\config.mcc\pot.c.o
 .debug_aranges
                0x0000000000000890      0x100 CMakeFiles\TestAi2_default_default_XC8_compile.dir\C_\Users\A76570\MPLABProjects\TestAi2\config.mcc\ssd1306.c.o

.debug_pubnames
 *(.debug_pubnames)

.debug_info     0x0000000000000000    0x6850d
 *(.debug_info .gnu.linkonce.wi.*)
 .debug_info    0x0000000000000000     0x2fda C:/Users/A76570/.mchp_packs/Microchip/AVR-Dx_DFP/2.8.343/xc8/avr/lib/avrxmega4/crtavr128da48.o
 .debug_info    0x0000000000002fda       0xc2 CMakeFiles\TestAi2_default_default_XC8_assemblePreprocess.dir\C_\Users\A76570\MPLABProjects\TestAi2\config.mcc\mcc_generated_files\system\src\protected_io.S.o
 .debug_info    0x000000000000309c      0xabc CMakeFiles\TestAi2_default_default_XC8_compile.dir\C_\Users\A76570\MPLABProjects\TestAi2\config.mcc\breakout.c.o
 .debug_info    0x0000000000003b58      0x4a7 CMakeFiles\TestAi2_default_default_XC8_compile.dir\C_\Users\A76570\MPLABProjects\TestAi2\config.mcc\bringup.c.o
 .debug_info    0x0000000000003fff      0xc3c CMakeFiles\TestAi2_default_default_XC8_compile.dir\C_\Users\A76570\MPLABProjects\TestAi2\config.mcc\dino_game.c.o
 .debug_info    0x0000000000004c3b      0x464 CMakeFiles\TestAi2_default_default_XC8_compile.dir\C_\Users\A76570\MPLABProjects\TestAi2\config.mcc\gfx_assets.c.o
 .debug_info    0x000000000000509f     0xa773 CMakeFiles\TestAi2_default_default_XC8_compile.dir\C_\Users\A76570\MPLABProjects\TestAi2\config.mcc\i2c_bus.c.o
 .debug_info    0x000000000000f812      0x572 CMakeFiles\TestAi2_default_default_XC8_compile.dir\C_\Users\A76570\MPLABProjects\TestAi2\config.mcc\main.c.o
 .debug_info    0x000000000000fd84     0xb5e6 CMakeFiles\TestAi2_default_default_XC8_compile.dir\C_\Users\A76570\MPLABProjects\TestAi2\config.mcc\mcc_generated_files\adc\src\adc0.c.o
 .debug_info    0x000000000001b36a     0xaaf3 CMakeFiles\TestAi2_default_default_XC8_compile.dir\C_\Users\A76570\MPLABProjects\TestAi2\config.mcc\mcc_generated_files\i2c_host\src\twi0.c.o
 .debug_info    0x0000000000025e5d      0x805 CMakeFiles\TestAi2_default_default_XC8_compile.dir\C_\Users\A76570\MPLABProjects\TestAi2\config.mcc\mcc_generated_files\system\src\clock.c.o
 .debug_info    0x0000000000026662     0xa538 CMakeFiles\TestAi2_default_default_XC8_compile.dir\C_\Users\A76570\MPLABProjects\TestAi2\config.mcc\mcc_generated_files\system\src\config_bits.c.o
 .debug_info    0x0000000000030b9a      0x3a2 CMakeFiles\TestAi2_default_default_XC8_compile.dir\C_\Users\A76570\MPLABProjects\TestAi2\config.mcc\mcc_generated_files\system\src\interrupt.c.o
 .debug_info    0x0000000000030f3c     0xa728 CMakeFiles\TestAi2_default_default_XC8_compile.dir\C_\Users\A76570\MPLABProjects\TestAi2\config.mcc\mcc_generated_files\system\src\pins.c.o
 .debug_info    0x000000000003b664      0x27a CMakeFiles\TestAi2_default_default_XC8_compile.dir\C_\Users\A76570\MPLABProjects\TestAi2\config.mcc\mcc_generated_files\system\src\system.c.o
 .debug_info    0x000000000003b8de     0xad80 CMakeFiles\TestAi2_default_default_XC8_compile.dir\C_\Users\A76570\MPLABProjects\TestAi2\config.mcc\mcc_generated_files\timer\src\tca0.c.o
 .debug_info    0x000000000004665e     0xafe7 CMakeFiles\TestAi2_default_default_XC8_compile.dir\C_\Users\A76570\MPLABProjects\TestAi2\config.mcc\mcc_generated_files\uart\src\usart1.c.o
 .debug_info    0x0000000000051645      0x32a CMakeFiles\TestAi2_default_default_XC8_compile.dir\C_\Users\A76570\MPLABProjects\TestAi2\config.mcc\mcc_generated_files\vref\src\vref.c.o
 .debug_info    0x000000000005196f      0x630 CMakeFiles\TestAi2_default_default_XC8_compile.dir\C_\Users\A76570\MPLABProjects\TestAi2\config.mcc\mcp23008.c.o
 .debug_info    0x0000000000051f9f      0x46f CMakeFiles\TestAi2_default_default_XC8_compile.dir\C_\Users\A76570\MPLABProjects\TestAi2\config.mcc\menu.c.o
 .debug_info    0x000000000005240e     0xa7b6 CMakeFiles\TestAi2_default_default_XC8_compile.dir\C_\Users\A76570\MPLABProjects\TestAi2\config.mcc\millis.c.o
 .debug_info    0x000000000005cbc4     0xa808 CMakeFiles\TestAi2_default_default_XC8_compile.dir\C_\Users\A76570\MPLABProjects\TestAi2\config.mcc\pot.c.o
 .debug_info    0x00000000000673cc     0x1141 CMakeFiles\TestAi2_default_default_XC8_compile.dir\C_\Users\A76570\MPLABProjects\TestAi2\config.mcc\ssd1306.c.o

.debug_abbrev   0x0000000000000000     0x4a92
 *(.debug_abbrev)
 .debug_abbrev  0x0000000000000000     0x2d52 C:/Users/A76570/.mchp_packs/Microchip/AVR-Dx_DFP/2.8.343/xc8/avr/lib/avrxmega4/crtavr128da48.o
 .debug_abbrev  0x0000000000002d52       0x14 CMakeFiles\TestAi2_default_default_XC8_assemblePreprocess.dir\C_\Users\A76570\MPLABProjects\TestAi2\config.mcc\mcc_generated_files\system\src\protected_io.S.o
 .debug_abbrev  0x0000000000002d66      0x1ce CMakeFiles\TestAi2_default_default_XC8_compile.dir\C_\Users\A76570\MPLABProjects\TestAi2\config.mcc\breakout.c.o
 .debug_abbrev  0x0000000000002f34       0xd4 CMakeFiles\TestAi2_default_default_XC8_compile.dir\C_\Users\A76570\MPLABProjects\TestAi2\config.mcc\bringup.c.o
 .debug_abbrev  0x0000000000003008      0x1f7 CMakeFiles\TestAi2_default_default_XC8_compile.dir\C_\Users\A76570\MPLABProjects\TestAi2\config.mcc\dino_game.c.o
 .debug_abbrev  0x00000000000031ff       0x8d CMakeFiles\TestAi2_default_default_XC8_compile.dir\C_\Users\A76570\MPLABProjects\TestAi2\config.mcc\gfx_assets.c.o
 .debug_abbrev  0x000000000000328c      0x1d9 CMakeFiles\TestAi2_default_default_XC8_compile.dir\C_\Users\A76570\MPLABProjects\TestAi2\config.mcc\i2c_bus.c.o
 .debug_abbrev  0x0000000000003465       0xb8 CMakeFiles\TestAi2_default_default_XC8_compile.dir\C_\Users\A76570\MPLABProjects\TestAi2\config.mcc\main.c.o
 .debug_abbrev  0x000000000000351d      0x1ae CMakeFiles\TestAi2_default_default_XC8_compile.dir\C_\Users\A76570\MPLABProjects\TestAi2\config.mcc\mcc_generated_files\adc\src\adc0.c.o
 .debug_abbrev  0x00000000000036cb      0x2ac CMakeFiles\TestAi2_default_default_XC8_compile.dir\C_\Users\A76570\MPLABProjects\TestAi2\config.mcc\mcc_generated_files\i2c_host\src\twi0.c.o
 .debug_abbrev  0x0000000000003977       0xd0 CMakeFiles\TestAi2_default_default_XC8_compile.dir\C_\Users\A76570\MPLABProjects\TestAi2\config.mcc\mcc_generated_files\system\src\clock.c.o
 .debug_abbrev  0x0000000000003a47       0x9e CMakeFiles\TestAi2_default_default_XC8_compile.dir\C_\Users\A76570\MPLABProjects\TestAi2\config.mcc\mcc_generated_files\system\src\config_bits.c.o
 .debug_abbrev  0x0000000000003ae5       0xd0 CMakeFiles\TestAi2_default_default_XC8_compile.dir\C_\Users\A76570\MPLABProjects\TestAi2\config.mcc\mcc_generated_files\system\src\interrupt.c.o
 .debug_abbrev  0x0000000000003bb5      0x148 CMakeFiles\TestAi2_default_default_XC8_compile.dir\C_\Users\A76570\MPLABProjects\TestAi2\config.mcc\mcc_generated_files\system\src\pins.c.o
 .debug_abbrev  0x0000000000003cfd       0x37 CMakeFiles\TestAi2_default_default_XC8_compile.dir\C_\Users\A76570\MPLABProjects\TestAi2\config.mcc\mcc_generated_files\system\src\system.c.o
 .debug_abbrev  0x0000000000003d34      0x1c9 CMakeFiles\TestAi2_default_default_XC8_compile.dir\C_\Users\A76570\MPLABProjects\TestAi2\config.mcc\mcc_generated_files\timer\src\tca0.c.o
 .debug_abbrev  0x0000000000003efd      0x2e2 CMakeFiles\TestAi2_default_default_XC8_compile.dir\C_\Users\A76570\MPLABProjects\TestAi2\config.mcc\mcc_generated_files\uart\src\usart1.c.o
 .debug_abbrev  0x00000000000041df       0x8a CMakeFiles\TestAi2_default_default_XC8_compile.dir\C_\Users\A76570\MPLABProjects\TestAi2\config.mcc\mcc_generated_files\vref\src\vref.c.o
 .debug_abbrev  0x0000000000004269      0x122 CMakeFiles\TestAi2_default_default_XC8_compile.dir\C_\Users\A76570\MPLABProjects\TestAi2\config.mcc\mcp23008.c.o
 .debug_abbrev  0x000000000000438b       0xe6 CMakeFiles\TestAi2_default_default_XC8_compile.dir\C_\Users\A76570\MPLABProjects\TestAi2\config.mcc\menu.c.o
 .debug_abbrev  0x0000000000004471      0x1b2 CMakeFiles\TestAi2_default_default_XC8_compile.dir\C_\Users\A76570\MPLABProjects\TestAi2\config.mcc\millis.c.o
 .debug_abbrev  0x0000000000004623      0x1ab CMakeFiles\TestAi2_default_default_XC8_compile.dir\C_\Users\A76570\MPLABProjects\TestAi2\config.mcc\pot.c.o
 .debug_abbrev  0x00000000000047ce      0x2c4 CMakeFiles\TestAi2_default_default_XC8_compile.dir\C_\Users\A76570\MPLABProjects\TestAi2\config.mcc\ssd1306.c.o

.debug_line     0x0000000000000000     0x5cbc
 *(.debug_line .debug_line.* .debug_line_end)
 .debug_line    0x0000000000000000      0x1f3 C:/Users/A76570/.mchp_packs/Microchip/AVR-Dx_DFP/2.8.343/xc8/avr/lib/avrxmega4/crtavr128da48.o
 .debug_line    0x00000000000001f3       0xa4 CMakeFiles\TestAi2_default_default_XC8_assemblePreprocess.dir\C_\Users\A76570\MPLABProjects\TestAi2\config.mcc\mcc_generated_files\system\src\protected_io.S.o
 .debug_line    0x0000000000000297      0x8ae CMakeFiles\TestAi2_default_default_XC8_compile.dir\C_\Users\A76570\MPLABProjects\TestAi2\config.mcc\breakout.c.o
 .debug_line    0x0000000000000b45      0x35b CMakeFiles\TestAi2_default_default_XC8_compile.dir\C_\Users\A76570\MPLABProjects\TestAi2\config.mcc\bringup.c.o
 .debug_line    0x0000000000000ea0      0x8b9 CMakeFiles\TestAi2_default_default_XC8_compile.dir\C_\Users\A76570\MPLABProjects\TestAi2\config.mcc\dino_game.c.o
 .debug_line    0x0000000000001759       0xad CMakeFiles\TestAi2_default_default_XC8_compile.dir\C_\Users\A76570\MPLABProjects\TestAi2\config.mcc\gfx_assets.c.o
 .debug_line    0x0000000000001806      0x54d CMakeFiles\TestAi2_default_default_XC8_compile.dir\C_\Users\A76570\MPLABProjects\TestAi2\config.mcc\i2c_bus.c.o
 .debug_line    0x0000000000001d53      0x489 CMakeFiles\TestAi2_default_default_XC8_compile.dir\C_\Users\A76570\MPLABProjects\TestAi2\config.mcc\main.c.o
 .debug_line    0x00000000000021dc      0x67e CMakeFiles\TestAi2_default_default_XC8_compile.dir\C_\Users\A76570\MPLABProjects\TestAi2\config.mcc\mcc_generated_files\adc\src\adc0.c.o
 .debug_line    0x000000000000285a      0x779 CMakeFiles\TestAi2_default_default_XC8_compile.dir\C_\Users\A76570\MPLABProjects\TestAi2\config.mcc\mcc_generated_files\i2c_host\src\twi0.c.o
 .debug_line    0x0000000000002fd3      0x1d5 CMakeFiles\TestAi2_default_default_XC8_compile.dir\C_\Users\A76570\MPLABProjects\TestAi2\config.mcc\mcc_generated_files\system\src\clock.c.o
 .debug_line    0x00000000000031a8      0x11c CMakeFiles\TestAi2_default_default_XC8_compile.dir\C_\Users\A76570\MPLABProjects\TestAi2\config.mcc\mcc_generated_files\system\src\config_bits.c.o
 .debug_line    0x00000000000032c4      0x1c1 CMakeFiles\TestAi2_default_default_XC8_compile.dir\C_\Users\A76570\MPLABProjects\TestAi2\config.mcc\mcc_generated_files\system\src\interrupt.c.o
 .debug_line    0x0000000000003485      0x527 CMakeFiles\TestAi2_default_default_XC8_compile.dir\C_\Users\A76570\MPLABProjects\TestAi2\config.mcc\mcc_generated_files\system\src\pins.c.o
 .debug_line    0x00000000000039ac       0xbc CMakeFiles\TestAi2_default_default_XC8_compile.dir\C_\Users\A76570\MPLABProjects\TestAi2\config.mcc\mcc_generated_files\system\src\system.c.o
 .debug_line    0x0000000000003a68      0x384 CMakeFiles\TestAi2_default_default_XC8_compile.dir\C_\Users\A76570\MPLABProjects\TestAi2\config.mcc\mcc_generated_files\timer\src\tca0.c.o
 .debug_line    0x0000000000003dec      0x83f CMakeFiles\TestAi2_default_default_XC8_compile.dir\C_\Users\A76570\MPLABProjects\TestAi2\config.mcc\mcc_generated_files\uart\src\usart1.c.o
 .debug_line    0x000000000000462b      0x141 CMakeFiles\TestAi2_default_default_XC8_compile.dir\C_\Users\A76570\MPLABProjects\TestAi2\config.mcc\mcc_generated_files\vref\src\vref.c.o
 .debug_line    0x000000000000476c      0x384 CMakeFiles\TestAi2_default_default_XC8_compile.dir\C_\Users\A76570\MPLABProjects\TestAi2\config.mcc\mcp23008.c.o
 .debug_line    0x0000000000004af0      0x1cd CMakeFiles\TestAi2_default_default_XC8_compile.dir\C_\Users\A76570\MPLABProjects\TestAi2\config.mcc\menu.c.o
 .debug_line    0x0000000000004cbd      0x246 CMakeFiles\TestAi2_default_default_XC8_compile.dir\C_\Users\A76570\MPLABProjects\TestAi2\config.mcc\millis.c.o
 .debug_line    0x0000000000004f03      0x2c0 CMakeFiles\TestAi2_default_default_XC8_compile.dir\C_\Users\A76570\MPLABProjects\TestAi2\config.mcc\pot.c.o
 .debug_line    0x00000000000051c3      0xaf9 CMakeFiles\TestAi2_default_default_XC8_compile.dir\C_\Users\A76570\MPLABProjects\TestAi2\config.mcc\ssd1306.c.o

.debug_frame    0x0000000000000000     0x23ec
 *(.debug_frame)
 .debug_frame   0x0000000000000000      0x284 CMakeFiles\TestAi2_default_default_XC8_compile.dir\C_\Users\A76570\MPLABProjects\TestAi2\config.mcc\breakout.c.o
 .debug_frame   0x0000000000000284       0x90 CMakeFiles\TestAi2_default_default_XC8_compile.dir\C_\Users\A76570\MPLABProjects\TestAi2\config.mcc\bringup.c.o
 .debug_frame   0x0000000000000314      0x290 CMakeFiles\TestAi2_default_default_XC8_compile.dir\C_\Users\A76570\MPLABProjects\TestAi2\config.mcc\dino_game.c.o
 .debug_frame   0x00000000000005a4      0x24c CMakeFiles\TestAi2_default_default_XC8_compile.dir\C_\Users\A76570\MPLABProjects\TestAi2\config.mcc\i2c_bus.c.o
 .debug_frame   0x00000000000007f0       0x48 CMakeFiles\TestAi2_default_default_XC8_compile.dir\C_\Users\A76570\MPLABProjects\TestAi2\config.mcc\main.c.o
 .debug_frame   0x0000000000000838      0x4bc CMakeFiles\TestAi2_default_default_XC8_compile.dir\C_\Users\A76570\MPLABProjects\TestAi2\config.mcc\mcc_generated_files\adc\src\adc0.c.o
 .debug_frame   0x0000000000000cf4      0x364 CMakeFiles\TestAi2_default_default_XC8_compile.dir\C_\Users\A76570\MPLABProjects\TestAi2\config.mcc\mcc_generated_files\i2c_host\src\twi0.c.o
 .debug_frame   0x0000000000001058       0x54 CMakeFiles\TestAi2_default_default_XC8_compile.dir\C_\Users\A76570\MPLABProjects\TestAi2\config.mcc\mcc_generated_files\system\src\clock.c.o
 .debug_frame   0x00000000000010ac       0x54 CMakeFiles\TestAi2_default_default_XC8_compile.dir\C_\Users\A76570\MPLABProjects\TestAi2\config.mcc\mcc_generated_files\system\src\interrupt.c.o
 .debug_frame   0x0000000000001100      0x37c CMakeFiles\TestAi2_default_default_XC8_compile.dir\C_\Users\A76570\MPLABProjects\TestAi2\config.mcc\mcc_generated_files\system\src\pins.c.o
 .debug_frame   0x000000000000147c       0x34 CMakeFiles\TestAi2_default_default_XC8_compile.dir\C_\Users\A76570\MPLABProjects\TestAi2\config.mcc\mcc_generated_files\system\src\system.c.o
 .debug_frame   0x00000000000014b0      0x1b8 CMakeFiles\TestAi2_default_default_XC8_compile.dir\C_\Users\A76570\MPLABProjects\TestAi2\config.mcc\mcc_generated_files\timer\src\tca0.c.o
 .debug_frame   0x0000000000001668      0x560 CMakeFiles\TestAi2_default_default_XC8_compile.dir\C_\Users\A76570\MPLABProjects\TestAi2\config.mcc\mcc_generated_files\uart\src\usart1.c.o
 .debug_frame   0x0000000000001bc8       0x34 CMakeFiles\TestAi2_default_default_XC8_compile.dir\C_\Users\A76570\MPLABProjects\TestAi2\config.mcc\mcc_generated_files\vref\src\vref.c.o
 .debug_frame   0x0000000000001bfc      0x194 CMakeFiles\TestAi2_default_default_XC8_compile.dir\C_\Users\A76570\MPLABProjects\TestAi2\config.mcc\mcp23008.c.o
 .debug_frame   0x0000000000001d90       0x90 CMakeFiles\TestAi2_default_default_XC8_compile.dir\C_\Users\A76570\MPLABProjects\TestAi2\config.mcc\menu.c.o
 .debug_frame   0x0000000000001e20      0x108 CMakeFiles\TestAi2_default_default_XC8_compile.dir\C_\Users\A76570\MPLABProjects\TestAi2\config.mcc\millis.c.o
 .debug_frame   0x0000000000001f28       0xe8 CMakeFiles\TestAi2_default_default_XC8_compile.dir\C_\Users\A76570\MPLABProjects\TestAi2\config.mcc\pot.c.o
 .debug_frame   0x0000000000002010      0x3dc CMakeFiles\TestAi2_default_default_XC8_compile.dir\C_\Users\A76570\MPLABProjects\TestAi2\config.mcc\ssd1306.c.o

.debug_str      0x0000000000000000     0x15b1
 *(.debug_str)
 .debug_str     0x0000000000000000     0x1411 C:/Users/A76570/.mchp_packs/Microchip/AVR-Dx_DFP/2.8.343/xc8/avr/lib/avrxmega4/crtavr128da48.o
 .debug_str     0x0000000000001411       0x2a CMakeFiles\TestAi2_default_default_XC8_compile.dir\C_\Users\A76570\MPLABProjects\TestAi2\config.mcc\breakout.c.o
 .debug_str     0x000000000000143b        0x0 CMakeFiles\TestAi2_default_default_XC8_compile.dir\C_\Users\A76570\MPLABProjects\TestAi2\config.mcc\bringup.c.o
 .debug_str     0x000000000000143b        0xa CMakeFiles\TestAi2_default_default_XC8_compile.dir\C_\Users\A76570\MPLABProjects\TestAi2\config.mcc\dino_game.c.o
 .debug_str     0x0000000000001445        0x0 CMakeFiles\TestAi2_default_default_XC8_compile.dir\C_\Users\A76570\MPLABProjects\TestAi2\config.mcc\gfx_assets.c.o
 .debug_str     0x0000000000001445        0xd CMakeFiles\TestAi2_default_default_XC8_compile.dir\C_\Users\A76570\MPLABProjects\TestAi2\config.mcc\i2c_bus.c.o
 .debug_str     0x0000000000001452        0x0 CMakeFiles\TestAi2_default_default_XC8_compile.dir\C_\Users\A76570\MPLABProjects\TestAi2\config.mcc\main.c.o
 .debug_str     0x0000000000001452        0x9 CMakeFiles\TestAi2_default_default_XC8_compile.dir\C_\Users\A76570\MPLABProjects\TestAi2\config.mcc\mcc_generated_files\adc\src\adc0.c.o
 .debug_str     0x000000000000145b       0x42 CMakeFiles\TestAi2_default_default_XC8_compile.dir\C_\Users\A76570\MPLABProjects\TestAi2\config.mcc\mcc_generated_files\i2c_host\src\twi0.c.o
 .debug_str     0x000000000000149d        0x0 CMakeFiles\TestAi2_default_default_XC8_compile.dir\C_\Users\A76570\MPLABProjects\TestAi2\config.mcc\mcc_generated_files\system\src\clock.c.o
 .debug_str     0x000000000000149d        0x0 CMakeFiles\TestAi2_default_default_XC8_compile.dir\C_\Users\A76570\MPLABProjects\TestAi2\config.mcc\mcc_generated_files\system\src\config_bits.c.o
 .debug_str     0x000000000000149d        0x0 CMakeFiles\TestAi2_default_default_XC8_compile.dir\C_\Users\A76570\MPLABProjects\TestAi2\config.mcc\mcc_generated_files\system\src\interrupt.c.o
 .debug_str     0x000000000000149d       0x25 CMakeFiles\TestAi2_default_default_XC8_compile.dir\C_\Users\A76570\MPLABProjects\TestAi2\config.mcc\mcc_generated_files\system\src\pins.c.o
 .debug_str     0x00000000000014c2        0x0 CMakeFiles\TestAi2_default_default_XC8_compile.dir\C_\Users\A76570\MPLABProjects\TestAi2\config.mcc\mcc_generated_files\system\src\system.c.o
 .debug_str     0x00000000000014c2       0x52 CMakeFiles\TestAi2_default_default_XC8_compile.dir\C_\Users\A76570\MPLABProjects\TestAi2\config.mcc\mcc_generated_files\timer\src\tca0.c.o
 .debug_str     0x0000000000001514       0x10 CMakeFiles\TestAi2_default_default_XC8_compile.dir\C_\Users\A76570\MPLABProjects\TestAi2\config.mcc\mcc_generated_files\uart\src\usart1.c.o
 .debug_str     0x0000000000001524        0x0 CMakeFiles\TestAi2_default_default_XC8_compile.dir\C_\Users\A76570\MPLABProjects\TestAi2\config.mcc\mcc_generated_files\vref\src\vref.c.o
 .debug_str     0x0000000000001524        0x0 CMakeFiles\TestAi2_default_default_XC8_compile.dir\C_\Users\A76570\MPLABProjects\TestAi2\config.mcc\mcp23008.c.o
 .debug_str     0x0000000000001524        0x0 CMakeFiles\TestAi2_default_default_XC8_compile.dir\C_\Users\A76570\MPLABProjects\TestAi2\config.mcc\menu.c.o
 .debug_str     0x0000000000001524       0x52 CMakeFiles\TestAi2_default_default_XC8_compile.dir\C_\Users\A76570\MPLABProjects\TestAi2\config.mcc\millis.c.o
 .debug_str     0x0000000000001576       0x16 CMakeFiles\TestAi2_default_default_XC8_compile.dir\C_\Users\A76570\MPLABProjects\TestAi2\config.mcc\pot.c.o
 .debug_str     0x000000000000158c       0x25 CMakeFiles\TestAi2_default_default_XC8_compile.dir\C_\Users\A76570\MPLABProjects\TestAi2\config.mcc\ssd1306.c.o

.debug_loc
 *(.debug_loc)

.debug_macinfo
 *(.debug_macinfo)

.debug_weaknames
 *(.debug_weaknames)

.debug_funcnames
 *(.debug_funcnames)

.debug_typenames
 *(.debug_typenames)

.debug_varnames
 *(.debug_varnames)

.debug_pubtypes
 *(.debug_pubtypes)

.debug_ranges   0x0000000000000000      0x840
 *(.debug_ranges)
 .debug_ranges  0x0000000000000000       0x98 CMakeFiles\TestAi2_default_default_XC8_compile.dir\C_\Users\A76570\MPLABProjects\TestAi2\config.mcc\breakout.c.o
 .debug_ranges  0x0000000000000098       0x20 CMakeFiles\TestAi2_default_default_XC8_compile.dir\C_\Users\A76570\MPLABProjects\TestAi2\config.mcc\bringup.c.o
 .debug_ranges  0x00000000000000b8       0x98 CMakeFiles\TestAi2_default_default_XC8_compile.dir\C_\Users\A76570\MPLABProjects\TestAi2\config.mcc\dino_game.c.o
 .debug_ranges  0x0000000000000150       0x80 CMakeFiles\TestAi2_default_default_XC8_compile.dir\C_\Users\A76570\MPLABProjects\TestAi2\config.mcc\i2c_bus.c.o
 .debug_ranges  0x00000000000001d0       0x10 CMakeFiles\TestAi2_default_default_XC8_compile.dir\C_\Users\A76570\MPLABProjects\TestAi2\config.mcc\main.c.o
 .debug_ranges  0x00000000000001e0      0x110 CMakeFiles\TestAi2_default_default_XC8_compile.dir\C_\Users\A76570\MPLABProjects\TestAi2\config.mcc\mcc_generated_files\adc\src\adc0.c.o
 .debug_ranges  0x00000000000002f0       0xc8 CMakeFiles\TestAi2_default_default_XC8_compile.dir\C_\Users\A76570\MPLABProjects\TestAi2\config.mcc\mcc_generated_files\i2c_host\src\twi0.c.o
 .debug_ranges  0x00000000000003b8       0x18 CMakeFiles\TestAi2_default_default_XC8_compile.dir\C_\Users\A76570\MPLABProjects\TestAi2\config.mcc\mcc_generated_files\system\src\clock.c.o
 .debug_ranges  0x00000000000003d0       0x18 CMakeFiles\TestAi2_default_default_XC8_compile.dir\C_\Users\A76570\MPLABProjects\TestAi2\config.mcc\mcc_generated_files\system\src\interrupt.c.o
 .debug_ranges  0x00000000000003e8       0xa0 CMakeFiles\TestAi2_default_default_XC8_compile.dir\C_\Users\A76570\MPLABProjects\TestAi2\config.mcc\mcc_generated_files\system\src\pins.c.o
 .debug_ranges  0x0000000000000488       0x10 CMakeFiles\TestAi2_default_default_XC8_compile.dir\C_\Users\A76570\MPLABProjects\TestAi2\config.mcc\mcc_generated_files\system\src\system.c.o
 .debug_ranges  0x0000000000000498       0x60 CMakeFiles\TestAi2_default_default_XC8_compile.dir\C_\Users\A76570\MPLABProjects\TestAi2\config.mcc\mcc_generated_files\timer\src\tca0.c.o
 .debug_ranges  0x00000000000004f8      0x128 CMakeFiles\TestAi2_default_default_XC8_compile.dir\C_\Users\A76570\MPLABProjects\TestAi2\config.mcc\mcc_generated_files\uart\src\usart1.c.o
 .debug_ranges  0x0000000000000620       0x10 CMakeFiles\TestAi2_default_default_XC8_compile.dir\C_\Users\A76570\MPLABProjects\TestAi2\config.mcc\mcc_generated_files\vref\src\vref.c.o
 .debug_ranges  0x0000000000000630       0x70 CMakeFiles\TestAi2_default_default_XC8_compile.dir\C_\Users\A76570\MPLABProjects\TestAi2\config.mcc\mcp23008.c.o
 .debug_ranges  0x00000000000006a0       0x20 CMakeFiles\TestAi2_default_default_XC8_compile.dir\C_\Users\A76570\MPLABProjects\TestAi2\config.mcc\menu.c.o
 .debug_ranges  0x00000000000006c0       0x40 CMakeFiles\TestAi2_default_default_XC8_compile.dir\C_\Users\A76570\MPLABProjects\TestAi2\config.mcc\millis.c.o
 .debug_ranges  0x0000000000000700       0x38 CMakeFiles\TestAi2_default_default_XC8_compile.dir\C_\Users\A76570\MPLABProjects\TestAi2\config.mcc\pot.c.o
 .debug_ranges  0x0000000000000738      0x108 CMakeFiles\TestAi2_default_default_XC8_compile.dir\C_\Users\A76570\MPLABProjects\TestAi2\config.mcc\ssd1306.c.o

.debug_macro
 *(.debug_macro)
OUTPUT(C:\Users\A76570\MPLABProjects\TestAi2\out\TestAi2\default.elf elf32-avr)
LOAD linker stubs
LOAD data_init

.note.gnu.avr.deviceinfo
                0x0000000000000000       0x40
 .note.gnu.avr.deviceinfo
                0x0000000000000000       0x40 C:/Users/A76570/.mchp_packs/Microchip/AVR-Dx_DFP/2.8.343/xc8/avr/lib/avrxmega4/crtavr128da48.o

.bss.brkState   0x0000000000804e5e        0x1
 .bss.brkState  0x0000000000804e5e        0x1 CMakeFiles\TestAi2_default_default_XC8_compile.dir\C_\Users\A76570\MPLABProjects\TestAi2\config.mcc\breakout.c.o

.bss.brickAlive
                0x0000000000804dfe        0x3
 .bss.brickAlive
                0x0000000000804dfe        0x3 CMakeFiles\TestAi2_default_default_XC8_compile.dir\C_\Users\A76570\MPLABProjects\TestAi2\config.mcc\breakout.c.o

.bss.bricksRemaining
                0x0000000000804e5f        0x1
 .bss.bricksRemaining
                0x0000000000804e5f        0x1 CMakeFiles\TestAi2_default_default_XC8_compile.dir\C_\Users\A76570\MPLABProjects\TestAi2\config.mcc\breakout.c.o

.bss.ballX      0x0000000000804e04        0x2
 .bss.ballX     0x0000000000804e04        0x2 CMakeFiles\TestAi2_default_default_XC8_compile.dir\C_\Users\A76570\MPLABProjects\TestAi2\config.mcc\breakout.c.o

.bss.ballY      0x0000000000804e06        0x2
 .bss.ballY     0x0000000000804e06        0x2 CMakeFiles\TestAi2_default_default_XC8_compile.dir\C_\Users\A76570\MPLABProjects\TestAi2\config.mcc\breakout.c.o

.bss.ballDx     0x0000000000804e08        0x2
 .bss.ballDx    0x0000000000804e08        0x2 CMakeFiles\TestAi2_default_default_XC8_compile.dir\C_\Users\A76570\MPLABProjects\TestAi2\config.mcc\breakout.c.o

.bss.ballDy     0x0000000000804e0a        0x2
 .bss.ballDy    0x0000000000804e0a        0x2 CMakeFiles\TestAi2_default_default_XC8_compile.dir\C_\Users\A76570\MPLABProjects\TestAi2\config.mcc\breakout.c.o

.bss.paddleX    0x0000000000804e0e        0x2
 .bss.paddleX   0x0000000000804e0e        0x2 CMakeFiles\TestAi2_default_default_XC8_compile.dir\C_\Users\A76570\MPLABProjects\TestAi2\config.mcc\breakout.c.o

.bss.paddleDrawnX
                0x0000000000804e10        0x2
 .bss.paddleDrawnX
                0x0000000000804e10        0x2 CMakeFiles\TestAi2_default_default_XC8_compile.dir\C_\Users\A76570\MPLABProjects\TestAi2\config.mcc\breakout.c.o

.bss.ballDrawnX
                0x0000000000804e12        0x2
 .bss.ballDrawnX
                0x0000000000804e12        0x2 CMakeFiles\TestAi2_default_default_XC8_compile.dir\C_\Users\A76570\MPLABProjects\TestAi2\config.mcc\breakout.c.o

.bss.ballDrawnY
                0x0000000000804e14        0x2
 .bss.ballDrawnY
                0x0000000000804e14        0x2 CMakeFiles\TestAi2_default_default_XC8_compile.dir\C_\Users\A76570\MPLABProjects\TestAi2\config.mcc\breakout.c.o

.bss.spritesPainted
                0x0000000000804e60        0x1
 .bss.spritesPainted
                0x0000000000804e60        0x1 CMakeFiles\TestAi2_default_default_XC8_compile.dir\C_\Users\A76570\MPLABProjects\TestAi2\config.mcc\breakout.c.o

.bss.brkScore   0x0000000000804e16        0x2
 .bss.brkScore  0x0000000000804e16        0x2 CMakeFiles\TestAi2_default_default_XC8_compile.dir\C_\Users\A76570\MPLABProjects\TestAi2\config.mcc\breakout.c.o

.bss.brkHighScore
                0x0000000000804e18        0x2
 .bss.brkHighScore
                0x0000000000804e18        0x2 CMakeFiles\TestAi2_default_default_XC8_compile.dir\C_\Users\A76570\MPLABProjects\TestAi2\config.mcc\breakout.c.o

.bss.lastTick   0x0000000000804dae        0x4
 .bss.lastTick  0x0000000000804dae        0x4 CMakeFiles\TestAi2_default_default_XC8_compile.dir\C_\Users\A76570\MPLABProjects\TestAi2\config.mcc\breakout.c.o

.bss.lastFrame  0x0000000000804db2        0x4
 .bss.lastFrame
                0x0000000000804db2        0x4 CMakeFiles\TestAi2_default_default_XC8_compile.dir\C_\Users\A76570\MPLABProjects\TestAi2\config.mcc\breakout.c.o

.bss.rngSeeded  0x0000000000804e65        0x1
 .bss.rngSeeded
                0x0000000000804e65        0x1 CMakeFiles\TestAi2_default_default_XC8_compile.dir\C_\Users\A76570\MPLABProjects\TestAi2\config.mcc\breakout.c.o

.bss.bringupLastFrame
                0x0000000000804db6        0x4
 .bss.bringupLastFrame
                0x0000000000804db6        0x4 CMakeFiles\TestAi2_default_default_XC8_compile.dir\C_\Users\A76570\MPLABProjects\TestAi2\config.mcc\bringup.c.o

.bss.bringupFpsWindow
                0x0000000000804dba        0x4
 .bss.bringupFpsWindow
                0x0000000000804dba        0x4 CMakeFiles\TestAi2_default_default_XC8_compile.dir\C_\Users\A76570\MPLABProjects\TestAi2\config.mcc\bringup.c.o

.bss.bringupFrameCount
                0x0000000000804e20        0x2
 .bss.bringupFrameCount
                0x0000000000804e20        0x2 CMakeFiles\TestAi2_default_default_XC8_compile.dir\C_\Users\A76570\MPLABProjects\TestAi2\config.mcc\bringup.c.o

.bss.bringupFps
                0x0000000000804e22        0x2
 .bss.bringupFps
                0x0000000000804e22        0x2 CMakeFiles\TestAi2_default_default_XC8_compile.dir\C_\Users\A76570\MPLABProjects\TestAi2\config.mcc\bringup.c.o

.bss.gameState  0x0000000000804e68        0x1
 .bss.gameState
                0x0000000000804e68        0x1 CMakeFiles\TestAi2_default_default_XC8_compile.dir\C_\Users\A76570\MPLABProjects\TestAi2\config.mcc\dino_game.c.o

.bss.dinoVelocity
                0x0000000000804e26        0x2
 .bss.dinoVelocity
                0x0000000000804e26        0x2 CMakeFiles\TestAi2_default_default_XC8_compile.dir\C_\Users\A76570\MPLABProjects\TestAi2\config.mcc\dino_game.c.o

.bss.dinoAirborne
                0x0000000000804e69        0x1
 .bss.dinoAirborne
                0x0000000000804e69        0x1 CMakeFiles\TestAi2_default_default_XC8_compile.dir\C_\Users\A76570\MPLABProjects\TestAi2\config.mcc\dino_game.c.o

.bss.jumpVelocity
                0x0000000000804e28        0x2
 .bss.jumpVelocity
                0x0000000000804e28        0x2 CMakeFiles\TestAi2_default_default_XC8_compile.dir\C_\Users\A76570\MPLABProjects\TestAi2\config.mcc\dino_game.c.o

.bss.obstacles  0x0000000000804d76        0xf
 .bss.obstacles
                0x0000000000804d76        0xf CMakeFiles\TestAi2_default_default_XC8_compile.dir\C_\Users\A76570\MPLABProjects\TestAi2\config.mcc\dino_game.c.o

.bss.gameScore  0x0000000000804e2e        0x2
 .bss.gameScore
                0x0000000000804e2e        0x2 CMakeFiles\TestAi2_default_default_XC8_compile.dir\C_\Users\A76570\MPLABProjects\TestAi2\config.mcc\dino_game.c.o

.bss.gameHighScore
                0x0000000000804e30        0x2
 .bss.gameHighScore
                0x0000000000804e30        0x2 CMakeFiles\TestAi2_default_default_XC8_compile.dir\C_\Users\A76570\MPLABProjects\TestAi2\config.mcc\dino_game.c.o

.bss.distanceAccumulator
                0x0000000000804dbe        0x4
 .bss.distanceAccumulator
                0x0000000000804dbe        0x4 CMakeFiles\TestAi2_default_default_XC8_compile.dir\C_\Users\A76570\MPLABProjects\TestAi2\config.mcc\dino_game.c.o

.bss.runFrame   0x0000000000804e6a        0x1
 .bss.runFrame  0x0000000000804e6a        0x1 CMakeFiles\TestAi2_default_default_XC8_compile.dir\C_\Users\A76570\MPLABProjects\TestAi2\config.mcc\dino_game.c.o

.bss.runFrameTimer
                0x0000000000804e6b        0x1
 .bss.runFrameTimer
                0x0000000000804e6b        0x1 CMakeFiles\TestAi2_default_default_XC8_compile.dir\C_\Users\A76570\MPLABProjects\TestAi2\config.mcc\dino_game.c.o

.bss.groundOffset
                0x0000000000804e6c        0x1
 .bss.groundOffset
                0x0000000000804e6c        0x1 CMakeFiles\TestAi2_default_default_XC8_compile.dir\C_\Users\A76570\MPLABProjects\TestAi2\config.mcc\dino_game.c.o

.bss.lastTick   0x0000000000804dc2        0x4
 .bss.lastTick  0x0000000000804dc2        0x4 CMakeFiles\TestAi2_default_default_XC8_compile.dir\C_\Users\A76570\MPLABProjects\TestAi2\config.mcc\dino_game.c.o

.bss.lastFrame  0x0000000000804dc6        0x4
 .bss.lastFrame
                0x0000000000804dc6        0x4 CMakeFiles\TestAi2_default_default_XC8_compile.dir\C_\Users\A76570\MPLABProjects\TestAi2\config.mcc\dino_game.c.o

.bss.rngSeeded  0x0000000000804e6e        0x1
 .bss.rngSeeded
                0x0000000000804e6e        0x1 CMakeFiles\TestAi2_default_default_XC8_compile.dir\C_\Users\A76570\MPLABProjects\TestAi2\config.mcc\dino_game.c.o

.bss.i2cCurrentSpeed
                0x0000000000804de2        0x4
 .bss.i2cCurrentSpeed
                0x0000000000804de2        0x4 CMakeFiles\TestAi2_default_default_XC8_compile.dir\C_\Users\A76570\MPLABProjects\TestAi2\config.mcc\i2c_bus.c.o

.bss.i2cLastError
                0x0000000000804e6f        0x1
 .bss.i2cLastError
                0x0000000000804e6f        0x1 CMakeFiles\TestAi2_default_default_XC8_compile.dir\C_\Users\A76570\MPLABProjects\TestAi2\config.mcc\i2c_bus.c.o

.bss.ADC0_ConversionDoneCallback
                0x0000000000804e38        0x2
 .bss.ADC0_ConversionDoneCallback
                0x0000000000804e38        0x2 CMakeFiles\TestAi2_default_default_XC8_compile.dir\C_\Users\A76570\MPLABProjects\TestAi2\config.mcc\mcc_generated_files\adc\src\adc0.c.o

.bss.ADC0_ThresholdCallback
                0x0000000000804e3a        0x2
 .bss.ADC0_ThresholdCallback
                0x0000000000804e3a        0x2 CMakeFiles\TestAi2_default_default_XC8_compile.dir\C_\Users\A76570\MPLABProjects\TestAi2\config.mcc\mcc_generated_files\adc\src\adc0.c.o

.bss.TWI0_Callback
                0x0000000000804e3c        0x2
 .bss.TWI0_Callback
                0x0000000000804e3c        0x2 CMakeFiles\TestAi2_default_default_XC8_compile.dir\C_\Users\A76570\MPLABProjects\TestAi2\config.mcc\mcc_generated_files\i2c_host\src\twi0.c.o

.bss.twi0_Status
                0x0000000000804d85        0xe
 .bss.twi0_Status
                0x0000000000804d85        0xe CMakeFiles\TestAi2_default_default_XC8_compile.dir\C_\Users\A76570\MPLABProjects\TestAi2\config.mcc\mcc_generated_files\i2c_host\src\twi0.c.o

.bss.IO_PD7_InterruptHandler
                0x0000000000804e3e        0x2
 .bss.IO_PD7_InterruptHandler
                0x0000000000804e3e        0x2 CMakeFiles\TestAi2_default_default_XC8_compile.dir\C_\Users\A76570\MPLABProjects\TestAi2\config.mcc\mcc_generated_files\system\src\pins.c.o

.bss.IO_PC1_InterruptHandler
                0x0000000000804e40        0x2
 .bss.IO_PC1_InterruptHandler
                0x0000000000804e40        0x2 CMakeFiles\TestAi2_default_default_XC8_compile.dir\C_\Users\A76570\MPLABProjects\TestAi2\config.mcc\mcc_generated_files\system\src\pins.c.o

.bss.IO_PC0_InterruptHandler
                0x0000000000804e42        0x2
 .bss.IO_PC0_InterruptHandler
                0x0000000000804e42        0x2 CMakeFiles\TestAi2_default_default_XC8_compile.dir\C_\Users\A76570\MPLABProjects\TestAi2\config.mcc\mcc_generated_files\system\src\pins.c.o

.bss.IO_PC3_InterruptHandler
                0x0000000000804e44        0x2
 .bss.IO_PC3_InterruptHandler
                0x0000000000804e44        0x2 CMakeFiles\TestAi2_default_default_XC8_compile.dir\C_\Users\A76570\MPLABProjects\TestAi2\config.mcc\mcc_generated_files\system\src\pins.c.o

.bss.IO_PC2_InterruptHandler
                0x0000000000804e46        0x2
 .bss.IO_PC2_InterruptHandler
                0x0000000000804e46        0x2 CMakeFiles\TestAi2_default_default_XC8_compile.dir\C_\Users\A76570\MPLABProjects\TestAi2\config.mcc\mcc_generated_files\system\src\pins.c.o

.bss.IO_PC6_InterruptHandler
                0x0000000000804e48        0x2
 .bss.IO_PC6_InterruptHandler
                0x0000000000804e48        0x2 CMakeFiles\TestAi2_default_default_XC8_compile.dir\C_\Users\A76570\MPLABProjects\TestAi2\config.mcc\mcc_generated_files\system\src\pins.c.o

.bss.TCA0_OverflowCallback
                0x0000000000804e4a        0x2
 .bss.TCA0_OverflowCallback
                0x0000000000804e4a        0x2 CMakeFiles\TestAi2_default_default_XC8_compile.dir\C_\Users\A76570\MPLABProjects\TestAi2\config.mcc\mcc_generated_files\timer\src\tca0.c.o

.bss.usart1TxHead
                0x0000000000804e70        0x1
 .bss.usart1TxHead
                0x0000000000804e70        0x1 CMakeFiles\TestAi2_default_default_XC8_compile.dir\C_\Users\A76570\MPLABProjects\TestAi2\config.mcc\mcc_generated_files\uart\src\usart1.c.o

.bss.usart1TxTail
                0x0000000000804e71        0x1
 .bss.usart1TxTail
                0x0000000000804e71        0x1 CMakeFiles\TestAi2_default_default_XC8_compile.dir\C_\Users\A76570\MPLABProjects\TestAi2\config.mcc\mcc_generated_files\uart\src\usart1.c.o

.bss.usart1TxBufferRemaining
                0x0000000000804e72        0x1
 .bss.usart1TxBufferRemaining
                0x0000000000804e72        0x1 CMakeFiles\TestAi2_default_default_XC8_compile.dir\C_\Users\A76570\MPLABProjects\TestAi2\config.mcc\mcc_generated_files\uart\src\usart1.c.o

.bss.usart1TxBuffer
                0x0000000000804cb1       0x20
 .bss.usart1TxBuffer
                0x0000000000804cb1       0x20 CMakeFiles\TestAi2_default_default_XC8_compile.dir\C_\Users\A76570\MPLABProjects\TestAi2\config.mcc\mcc_generated_files\uart\src\usart1.c.o

.bss.usart1IsTxComplete
                0x0000000000804e73        0x1
 .bss.usart1IsTxComplete
                0x0000000000804e73        0x1 CMakeFiles\TestAi2_default_default_XC8_compile.dir\C_\Users\A76570\MPLABProjects\TestAi2\config.mcc\mcc_generated_files\uart\src\usart1.c.o

.bss.usart1RxHead
                0x0000000000804e74        0x1
 .bss.usart1RxHead
                0x0000000000804e74        0x1 CMakeFiles\TestAi2_default_default_XC8_compile.dir\C_\Users\A76570\MPLABProjects\TestAi2\config.mcc\mcc_generated_files\uart\src\usart1.c.o

.bss.usart1RxTail
                0x0000000000804e75        0x1
 .bss.usart1RxTail
                0x0000000000804e75        0x1 CMakeFiles\TestAi2_default_default_XC8_compile.dir\C_\Users\A76570\MPLABProjects\TestAi2\config.mcc\mcc_generated_files\uart\src\usart1.c.o

.bss.usart1RxCount
                0x0000000000804e76        0x1
 .bss.usart1RxCount
                0x0000000000804e76        0x1 CMakeFiles\TestAi2_default_default_XC8_compile.dir\C_\Users\A76570\MPLABProjects\TestAi2\config.mcc\mcc_generated_files\uart\src\usart1.c.o

.bss.usart1RxBuffer
                0x0000000000804d93        0x8
 .bss.usart1RxBuffer
                0x0000000000804d93        0x8 CMakeFiles\TestAi2_default_default_XC8_compile.dir\C_\Users\A76570\MPLABProjects\TestAi2\config.mcc\mcc_generated_files\uart\src\usart1.c.o

.bss.usart1RxStatusBuffer
                0x0000000000804d56       0x10
 .bss.usart1RxStatusBuffer
                0x0000000000804d56       0x10 CMakeFiles\TestAi2_default_default_XC8_compile.dir\C_\Users\A76570\MPLABProjects\TestAi2\config.mcc\mcc_generated_files\uart\src\usart1.c.o

.bss.usart1RxLastError
                0x0000000000804e4c        0x2
 .bss.usart1RxLastError
                0x0000000000804e4c        0x2 CMakeFiles\TestAi2_default_default_XC8_compile.dir\C_\Users\A76570\MPLABProjects\TestAi2\config.mcc\mcc_generated_files\uart\src\usart1.c.o

.bss.USART1_FramingErrorHandler
                0x0000000000804e4e        0x2
 .bss.USART1_FramingErrorHandler
                0x0000000000804e4e        0x2 CMakeFiles\TestAi2_default_default_XC8_compile.dir\C_\Users\A76570\MPLABProjects\TestAi2\config.mcc\mcc_generated_files\uart\src\usart1.c.o

.bss.USART1_OverrunErrorHandler
                0x0000000000804e50        0x2
 .bss.USART1_OverrunErrorHandler
                0x0000000000804e50        0x2 CMakeFiles\TestAi2_default_default_XC8_compile.dir\C_\Users\A76570\MPLABProjects\TestAi2\config.mcc\mcc_generated_files\uart\src\usart1.c.o

.bss.USART1_ParityErrorHandler
                0x0000000000804e52        0x2
 .bss.USART1_ParityErrorHandler
                0x0000000000804e52        0x2 CMakeFiles\TestAi2_default_default_XC8_compile.dir\C_\Users\A76570\MPLABProjects\TestAi2\config.mcc\mcc_generated_files\uart\src\usart1.c.o

.bss.USART1_TxCompleteInterruptHandler
                0x0000000000804e54        0x2
 .bss.USART1_TxCompleteInterruptHandler
                0x0000000000804e54        0x2 CMakeFiles\TestAi2_default_default_XC8_compile.dir\C_\Users\A76570\MPLABProjects\TestAi2\config.mcc\mcc_generated_files\uart\src\usart1.c.o

.bss.USART1_RxCompleteInterruptHandler
                0x0000000000804e56        0x2
 .bss.USART1_RxCompleteInterruptHandler
                0x0000000000804e56        0x2 CMakeFiles\TestAi2_default_default_XC8_compile.dir\C_\Users\A76570\MPLABProjects\TestAi2\config.mcc\mcc_generated_files\uart\src\usart1.c.o

.bss.mcpDebounced
                0x0000000000804e78        0x1
 .bss.mcpDebounced
                0x0000000000804e78        0x1 CMakeFiles\TestAi2_default_default_XC8_compile.dir\C_\Users\A76570\MPLABProjects\TestAi2\config.mcc\mcp23008.c.o

.bss.mcpHistory
                0x0000000000804e01        0x3
 .bss.mcpHistory
                0x0000000000804e01        0x3 CMakeFiles\TestAi2_default_default_XC8_compile.dir\C_\Users\A76570\MPLABProjects\TestAi2\config.mcc\mcp23008.c.o

.bss.mcpHistoryIndex
                0x0000000000804e79        0x1
 .bss.mcpHistoryIndex
                0x0000000000804e79        0x1 CMakeFiles\TestAi2_default_default_XC8_compile.dir\C_\Users\A76570\MPLABProjects\TestAi2\config.mcc\mcp23008.c.o

.bss.mcpPressedLatch
                0x0000000000804e7a        0x1
 .bss.mcpPressedLatch
                0x0000000000804e7a        0x1 CMakeFiles\TestAi2_default_default_XC8_compile.dir\C_\Users\A76570\MPLABProjects\TestAi2\config.mcc\mcp23008.c.o

.bss.mcpReleasedLatch
                0x0000000000804e7b        0x1
 .bss.mcpReleasedLatch
                0x0000000000804e7b        0x1 CMakeFiles\TestAi2_default_default_XC8_compile.dir\C_\Users\A76570\MPLABProjects\TestAi2\config.mcc\mcp23008.c.o

.bss.mcpLastPoll
                0x0000000000804de6        0x4
 .bss.mcpLastPoll
                0x0000000000804de6        0x4 CMakeFiles\TestAi2_default_default_XC8_compile.dir\C_\Users\A76570\MPLABProjects\TestAi2\config.mcc\mcp23008.c.o

.bss.mcpOnline  0x0000000000804e7c        0x1
 .bss.mcpOnline
                0x0000000000804e7c        0x1 CMakeFiles\TestAi2_default_default_XC8_compile.dir\C_\Users\A76570\MPLABProjects\TestAi2\config.mcc\mcp23008.c.o

.bss.menuCursor
                0x0000000000804e7d        0x1
 .bss.menuCursor
                0x0000000000804e7d        0x1 CMakeFiles\TestAi2_default_default_XC8_compile.dir\C_\Users\A76570\MPLABProjects\TestAi2\config.mcc\menu.c.o

.bss.menuLastFrame
                0x0000000000804dee        0x4
 .bss.menuLastFrame
                0x0000000000804dee        0x4 CMakeFiles\TestAi2_default_default_XC8_compile.dir\C_\Users\A76570\MPLABProjects\TestAi2\config.mcc\menu.c.o

.bss.millisCounter
                0x0000000000804df2        0x4
 .bss.millisCounter
                0x0000000000804df2        0x4 CMakeFiles\TestAi2_default_default_XC8_compile.dir\C_\Users\A76570\MPLABProjects\TestAi2\config.mcc\millis.c.o

.bss.potAverage
                0x0000000000804e58        0x2
 .bss.potAverage
                0x0000000000804e58        0x2 CMakeFiles\TestAi2_default_default_XC8_compile.dir\C_\Users\A76570\MPLABProjects\TestAi2\config.mcc\pot.c.o

.bss.potBusy    0x0000000000804e7f        0x1
 .bss.potBusy   0x0000000000804e7f        0x1 CMakeFiles\TestAi2_default_default_XC8_compile.dir\C_\Users\A76570\MPLABProjects\TestAi2\config.mcc\pot.c.o

.bss.potLastSample
                0x0000000000804df6        0x4
 .bss.potLastSample
                0x0000000000804df6        0x4 CMakeFiles\TestAi2_default_default_XC8_compile.dir\C_\Users\A76570\MPLABProjects\TestAi2\config.mcc\pot.c.o

.bss.ssd1306Buffer
                0x000000000080442f      0x401
 .bss.ssd1306Buffer
                0x000000000080442f      0x401 CMakeFiles\TestAi2_default_default_XC8_compile.dir\C_\Users\A76570\MPLABProjects\TestAi2\config.mcc\ssd1306.c.o

.bss.ssd1306DirtyPages
                0x0000000000804e80        0x1
 .bss.ssd1306DirtyPages
                0x0000000000804e80        0x1 CMakeFiles\TestAi2_default_default_XC8_compile.dir\C_\Users\A76570\MPLABProjects\TestAi2\config.mcc\ssd1306.c.o

.bss.ssd1306InitFailError
                0x0000000000804e82        0x1
 .bss.ssd1306InitFailError
                0x0000000000804e82        0x1 CMakeFiles\TestAi2_default_default_XC8_compile.dir\C_\Users\A76570\MPLABProjects\TestAi2\config.mcc\ssd1306.c.o

.bss.__stdout   0x0000000000804e5c        0x2
 .bss.__stdout  0x0000000000804e5c        0x2 c:/progra~1/microc~1/xc8/v3.10/avr/bin/../lib/gcc/avr/5.4.0/../../../../avr/lib/avrxmega4\libc.a(stdout.o)

.text.main      0x0000000000000236      0x782
 .text.main     0x0000000000000236      0x782 CMakeFiles\TestAi2_default_default_XC8_compile.dir\C_\Users\A76570\MPLABProjects\TestAi2\config.mcc\main.c.o
                0x0000000000000236                main

.text.BRK_Step  0x00000000000009b8      0x456
 .text.BRK_Step
                0x00000000000009b8      0x456 CMakeFiles\TestAi2_default_default_XC8_compile.dir\C_\Users\A76570\MPLABProjects\TestAi2\config.mcc\breakout.c.o

.text.BRINGUP_Tasks
                0x0000000000000e0e      0x3fc
 .text.BRINGUP_Tasks
                0x0000000000000e0e      0x3fc CMakeFiles\TestAi2_default_default_XC8_compile.dir\C_\Users\A76570\MPLABProjects\TestAi2\config.mcc\bringup.c.o
                0x0000000000000e0e                BRINGUP_Tasks

.text.vfpfcnvrt
                0x000000000000120a      0x3fc
 .text.vfpfcnvrt
                0x000000000000120a      0x3fc c:/progra~1/microc~1/xc8/v3.10/avr/bin/../lib/gcc/avr/5.4.0/../../../../avr/lib/avrxmega4\libc.a(__printf_core.o)
                0x000000000000120a                vfpfcnvrt

.text.GAME_Step
                0x0000000000001606      0x3c0
 .text.GAME_Step
                0x0000000000001606      0x3c0 CMakeFiles\TestAi2_default_default_XC8_compile.dir\C_\Users\A76570\MPLABProjects\TestAi2\config.mcc\dino_game.c.o

.text.PIN_MANAGER_Initialize
                0x00000000000019c6      0x27e
 .text.PIN_MANAGER_Initialize
                0x00000000000019c6      0x27e CMakeFiles\TestAi2_default_default_XC8_compile.dir\C_\Users\A76570\MPLABProjects\TestAi2\config.mcc\mcc_generated_files\system\src\pins.c.o
                0x00000000000019c6                PIN_MANAGER_Initialize

.text.GAME_Render
                0x0000000000001c44      0x26c
 .text.GAME_Render
                0x0000000000001c44      0x26c CMakeFiles\TestAi2_default_default_XC8_compile.dir\C_\Users\A76570\MPLABProjects\TestAi2\config.mcc\dino_game.c.o

.text.SSD1306_SpriteDraw
                0x0000000000001eb0      0x22a
 .text.SSD1306_SpriteDraw
                0x0000000000001eb0      0x22a CMakeFiles\TestAi2_default_default_XC8_compile.dir\C_\Users\A76570\MPLABProjects\TestAi2\config.mcc\ssd1306.c.o
                0x0000000000001eb0                SSD1306_SpriteDraw

.text.__fmt_x   0x00000000000020da      0x1dc
 .text.__fmt_x  0x00000000000020da      0x1dc c:/progra~1/microc~1/xc8/v3.10/avr/bin/../lib/gcc/avr/5.4.0/../../../../avr/lib/avrxmega4\libc.a(__fmt_x.o)
                0x00000000000020da                __fmt_x_needed
                0x00000000000020da                __fmt_x

.text.SSD1306_TextDrawUint
                0x00000000000022b6      0x188
 .text.SSD1306_TextDrawUint
                0x00000000000022b6      0x188 CMakeFiles\TestAi2_default_default_XC8_compile.dir\C_\Users\A76570\MPLABProjects\TestAi2\config.mcc\ssd1306.c.o
                0x00000000000022b6                SSD1306_TextDrawUint

.text.SSD1306_Update
                0x000000000000243e      0x176
 .text.SSD1306_Update
                0x000000000000243e      0x176 CMakeFiles\TestAi2_default_default_XC8_compile.dir\C_\Users\A76570\MPLABProjects\TestAi2\config.mcc\ssd1306.c.o
                0x000000000000243e                SSD1306_Update

.text.BRK_Tasks
                0x00000000000025b4      0x166
 .text.BRK_Tasks
                0x00000000000025b4      0x166 CMakeFiles\TestAi2_default_default_XC8_compile.dir\C_\Users\A76570\MPLABProjects\TestAi2\config.mcc\breakout.c.o
                0x00000000000025b4                BRK_Tasks

.text.GAME_Tasks
                0x000000000000271a      0x166
 .text.GAME_Tasks
                0x000000000000271a      0x166 CMakeFiles\TestAi2_default_default_XC8_compile.dir\C_\Users\A76570\MPLABProjects\TestAi2\config.mcc\dino_game.c.o
                0x000000000000271a                GAME_Tasks

.text.GAME_ObstacleSpawn
                0x0000000000002880      0x162
 .text.GAME_ObstacleSpawn
                0x0000000000002880      0x162 CMakeFiles\TestAi2_default_default_XC8_compile.dir\C_\Users\A76570\MPLABProjects\TestAi2\config.mcc\dino_game.c.o

.text.MENU_Tasks
                0x00000000000029e2      0x14e
 .text.MENU_Tasks
                0x00000000000029e2      0x14e CMakeFiles\TestAi2_default_default_XC8_compile.dir\C_\Users\A76570\MPLABProjects\TestAi2\config.mcc\menu.c.o
                0x00000000000029e2                MENU_Tasks

.text.SSD1306_TextDraw
                0x0000000000002b30      0x14a
 .text.SSD1306_TextDraw
                0x0000000000002b30      0x14a CMakeFiles\TestAi2_default_default_XC8_compile.dir\C_\Users\A76570\MPLABProjects\TestAi2\config.mcc\ssd1306.c.o
                0x0000000000002b30                SSD1306_TextDraw

.text.BRK_BrickCollide
                0x0000000000002c7a      0x148
 .text.BRK_BrickCollide
                0x0000000000002c7a      0x148 CMakeFiles\TestAi2_default_default_XC8_compile.dir\C_\Users\A76570\MPLABProjects\TestAi2\config.mcc\breakout.c.o

.text.USART1_ReceiveISR
                0x0000000000002dc2      0x146
 .text.USART1_ReceiveISR
                0x0000000000002dc2      0x146 CMakeFiles\TestAi2_default_default_XC8_compile.dir\C_\Users\A76570\MPLABProjects\TestAi2\config.mcc\mcc_generated_files\uart\src\usart1.c.o
                0x0000000000002dc2                USART1_ReceiveISR

.text.GAME_JumpVelocityFor
                0x0000000000002f08      0x144
 .text.GAME_JumpVelocityFor
                0x0000000000002f08      0x144 CMakeFiles\TestAi2_default_default_XC8_compile.dir\C_\Users\A76570\MPLABProjects\TestAi2\config.mcc\dino_game.c.o

.text.MCP23008_Tasks
                0x000000000000304c      0x144
 .text.MCP23008_Tasks
                0x000000000000304c      0x144 CMakeFiles\TestAi2_default_default_XC8_compile.dir\C_\Users\A76570\MPLABProjects\TestAi2\config.mcc\mcp23008.c.o
                0x000000000000304c                MCP23008_Tasks

.text.GAME_Initialize
                0x0000000000003190      0x142
 .text.GAME_Initialize
                0x0000000000003190      0x142 CMakeFiles\TestAi2_default_default_XC8_compile.dir\C_\Users\A76570\MPLABProjects\TestAi2\config.mcc\dino_game.c.o
                0x0000000000003190                GAME_Initialize

.text.BRK_SpritesRepaint
                0x00000000000032d2      0x138
 .text.BRK_SpritesRepaint
                0x00000000000032d2      0x138 CMakeFiles\TestAi2_default_default_XC8_compile.dir\C_\Users\A76570\MPLABProjects\TestAi2\config.mcc\breakout.c.o

.text.SSD1306_PixelDraw
                0x000000000000340a      0x126
 .text.SSD1306_PixelDraw
                0x000000000000340a      0x126 CMakeFiles\TestAi2_default_default_XC8_compile.dir\C_\Users\A76570\MPLABProjects\TestAi2\config.mcc\ssd1306.c.o
                0x000000000000340a                SSD1306_PixelDraw

.text.SSD1306_VSpanDraw
                0x0000000000003530      0x122
 .text.SSD1306_VSpanDraw
                0x0000000000003530      0x122 CMakeFiles\TestAi2_default_default_XC8_compile.dir\C_\Users\A76570\MPLABProjects\TestAi2\config.mcc\ssd1306.c.o

.text.I2C_SpeedSet
                0x0000000000003652      0x120
 .text.I2C_SpeedSet
                0x0000000000003652      0x120 CMakeFiles\TestAi2_default_default_XC8_compile.dir\C_\Users\A76570\MPLABProjects\TestAi2\config.mcc\i2c_bus.c.o
                0x0000000000003652                I2C_SpeedSet

.text.GAME_HasCollided
                0x0000000000003772      0x116
 .text.GAME_HasCollided
                0x0000000000003772      0x116 CMakeFiles\TestAi2_default_default_XC8_compile.dir\C_\Users\A76570\MPLABProjects\TestAi2\config.mcc\dino_game.c.o

.text.MCP23008_Initialize
                0x0000000000003888      0x114
 .text.MCP23008_Initialize
                0x0000000000003888      0x114 CMakeFiles\TestAi2_default_default_XC8_compile.dir\C_\Users\A76570\MPLABProjects\TestAi2\config.mcc\mcp23008.c.o
                0x0000000000003888                MCP23008_Initialize

.text.__vector_29
                0x000000000000399c      0x104
 .text.__vector_29
                0x000000000000399c      0x104 CMakeFiles\TestAi2_default_default_XC8_compile.dir\C_\Users\A76570\MPLABProjects\TestAi2\config.mcc\mcc_generated_files\system\src\pins.c.o
                0x000000000000399c                __vector_29

.text.BRK_BricksRedrawIn
                0x0000000000003aa0       0xfe
 .text.BRK_BricksRedrawIn
                0x0000000000003aa0       0xfe CMakeFiles\TestAi2_default_default_XC8_compile.dir\C_\Users\A76570\MPLABProjects\TestAi2\config.mcc\breakout.c.o

.text.BRK_HudDraw
                0x0000000000003b9e       0xfa
 .text.BRK_HudDraw
                0x0000000000003b9e       0xfa CMakeFiles\TestAi2_default_default_XC8_compile.dir\C_\Users\A76570\MPLABProjects\TestAi2\config.mcc\breakout.c.o

.text.I2C_TimeoutCalc
                0x0000000000003c98       0xfa
 .text.I2C_TimeoutCalc
                0x0000000000003c98       0xfa CMakeFiles\TestAi2_default_default_XC8_compile.dir\C_\Users\A76570\MPLABProjects\TestAi2\config.mcc\i2c_bus.c.o

.text.GAME_Sqrt
                0x0000000000003d92       0xf8
 .text.GAME_Sqrt
                0x0000000000003d92       0xf8 CMakeFiles\TestAi2_default_default_XC8_compile.dir\C_\Users\A76570\MPLABProjects\TestAi2\config.mcc\dino_game.c.o

.text.SSD1306_Initialize
                0x0000000000003e8a       0xea
 .text.SSD1306_Initialize
                0x0000000000003e8a       0xea CMakeFiles\TestAi2_default_default_XC8_compile.dir\C_\Users\A76570\MPLABProjects\TestAi2\config.mcc\ssd1306.c.o
                0x0000000000003e8a                SSD1306_Initialize

.text.TWI0_ErrorEventHandler
                0x0000000000003f74       0xe8
 .text.TWI0_ErrorEventHandler
                0x0000000000003f74       0xe8 CMakeFiles\TestAi2_default_default_XC8_compile.dir\C_\Users\A76570\MPLABProjects\TestAi2\config.mcc\mcc_generated_files\i2c_host\src\twi0.c.o

.text.SSD1306_MaskApply
                0x000000000000405c       0xe8
 .text.SSD1306_MaskApply
                0x000000000000405c       0xe8 CMakeFiles\TestAi2_default_default_XC8_compile.dir\C_\Users\A76570\MPLABProjects\TestAi2\config.mcc\ssd1306.c.o

.text.__fmt_d   0x0000000000004144       0xe4
 .text.__fmt_d  0x0000000000004144       0xe4 c:/progra~1/microc~1/xc8/v3.10/avr/bin/../lib/gcc/avr/5.4.0/../../../../avr/lib/avrxmega4\libc.a(__fmt_d.o)
                0x0000000000004144                __fmt_d
                0x0000000000004144                __fmt_d_needed

.text.I2C_MBaudFor
                0x0000000000004228       0xe2
 .text.I2C_MBaudFor
                0x0000000000004228       0xe2 CMakeFiles\TestAi2_default_default_XC8_compile.dir\C_\Users\A76570\MPLABProjects\TestAi2\config.mcc\i2c_bus.c.o
                0x0000000000004228                I2C_MBaudFor

.text.USART1_Initialize
                0x000000000000430a       0xd8
 .text.USART1_Initialize
                0x000000000000430a       0xd8 CMakeFiles\TestAi2_default_default_XC8_compile.dir\C_\Users\A76570\MPLABProjects\TestAi2\config.mcc\mcc_generated_files\uart\src\usart1.c.o
                0x000000000000430a                USART1_Initialize

.text.MENU_Draw
                0x00000000000043e2       0xd8
 .text.MENU_Draw
                0x00000000000043e2       0xd8 CMakeFiles\TestAi2_default_default_XC8_compile.dir\C_\Users\A76570\MPLABProjects\TestAi2\config.mcc\menu.c.o

.text.I2C_EVENT_RX
                0x00000000000044ba       0xd0
 .text.I2C_EVENT_RX
                0x00000000000044ba       0xd0 CMakeFiles\TestAi2_default_default_XC8_compile.dir\C_\Users\A76570\MPLABProjects\TestAi2\config.mcc\mcc_generated_files\i2c_host\src\twi0.c.o

.text.__pop_int
                0x000000000000458a       0xd0
 .text.__pop_int
                0x000000000000458a       0xd0 c:/progra~1/microc~1/xc8/v3.10/avr/bin/../lib/gcc/avr/5.4.0/../../../../avr/lib/avrxmega4\libc.a(__pop_int.o)
                0x000000000000458a                __pop_int_needed
                0x000000000000458a                __pop_int

.text.SSD1306_RectDraw
                0x000000000000465a       0xce
 .text.SSD1306_RectDraw
                0x000000000000465a       0xce CMakeFiles\TestAi2_default_default_XC8_compile.dir\C_\Users\A76570\MPLABProjects\TestAi2\config.mcc\ssd1306.c.o
                0x000000000000465a                SSD1306_RectDraw

.text.GAME_RightmostObstacleEdge
                0x0000000000004728       0xcc
 .text.GAME_RightmostObstacleEdge
                0x0000000000004728       0xcc CMakeFiles\TestAi2_default_default_XC8_compile.dir\C_\Users\A76570\MPLABProjects\TestAi2\config.mcc\dino_game.c.o

.text.BRK_Render
                0x00000000000047f4       0xca
 .text.BRK_Render
                0x00000000000047f4       0xca CMakeFiles\TestAi2_default_default_XC8_compile.dir\C_\Users\A76570\MPLABProjects\TestAi2\config.mcc\breakout.c.o

.text.ADC0_Initialize
                0x00000000000048be       0xca
 .text.ADC0_Initialize
                0x00000000000048be       0xca CMakeFiles\TestAi2_default_default_XC8_compile.dir\C_\Users\A76570\MPLABProjects\TestAi2\config.mcc\mcc_generated_files\adc\src\adc0.c.o
                0x00000000000048be                ADC0_Initialize

.text.__cvt_u   0x0000000000004988       0xca
 .text.__cvt_u  0x0000000000004988       0xca c:/progra~1/microc~1/xc8/v3.10/avr/bin/../lib/gcc/avr/5.4.0/../../../../avr/lib/avrxmega4\libc.a(__fmt_u.o)
                0x0000000000004988                __cvt_u

.text.GAME_HudDraw
                0x0000000000004a52       0xbe
 .text.GAME_HudDraw
                0x0000000000004a52       0xbe CMakeFiles\TestAi2_default_default_XC8_compile.dir\C_\Users\A76570\MPLABProjects\TestAi2\config.mcc\dino_game.c.o

.text.TCA0_Initialize
                0x0000000000004b10       0xb2
 .text.TCA0_Initialize
                0x0000000000004b10       0xb2 CMakeFiles\TestAi2_default_default_XC8_compile.dir\C_\Users\A76570\MPLABProjects\TestAi2\config.mcc\mcc_generated_files\timer\src\tca0.c.o
                0x0000000000004b10                TCA0_Initialize

.text.__fmt_o   0x0000000000004bc2       0xb2
 .text.__fmt_o  0x0000000000004bc2       0xb2 c:/progra~1/microc~1/xc8/v3.10/avr/bin/../lib/gcc/avr/5.4.0/../../../../avr/lib/avrxmega4\libc.a(__fmt_o.o)
                0x0000000000004bc2                __fmt_o
                0x0000000000004bc2                __fmt_o_needed

.text.BRK_Initialize
                0x0000000000004c74       0xae
 .text.BRK_Initialize
                0x0000000000004c74       0xae CMakeFiles\TestAi2_default_default_XC8_compile.dir\C_\Users\A76570\MPLABProjects\TestAi2\config.mcc\breakout.c.o
                0x0000000000004c74                BRK_Initialize

.text.BRINGUP_Initialize
                0x0000000000004d22       0xa8
 .text.BRINGUP_Initialize
                0x0000000000004d22       0xa8 CMakeFiles\TestAi2_default_default_XC8_compile.dir\C_\Users\A76570\MPLABProjects\TestAi2\config.mcc\bringup.c.o
                0x0000000000004d22                BRINGUP_Initialize

.text.POT_ConversionDone
                0x0000000000004dca       0xa8
 .text.POT_ConversionDone
                0x0000000000004dca       0xa8 CMakeFiles\TestAi2_default_default_XC8_compile.dir\C_\Users\A76570\MPLABProjects\TestAi2\config.mcc\pot.c.o

.text.SSD1306_PagesClear
                0x0000000000004e72       0xa6
 .text.SSD1306_PagesClear
                0x0000000000004e72       0xa6 CMakeFiles\TestAi2_default_default_XC8_compile.dir\C_\Users\A76570\MPLABProjects\TestAi2\config.mcc\ssd1306.c.o
                0x0000000000004e72                SSD1306_PagesClear

.text.MILLIS_IntervalElapsed
                0x0000000000004f18       0xa2
 .text.MILLIS_IntervalElapsed
                0x0000000000004f18       0xa2 CMakeFiles\TestAi2_default_default_XC8_compile.dir\C_\Users\A76570\MPLABProjects\TestAi2\config.mcc\millis.c.o
                0x0000000000004f18                MILLIS_IntervalElapsed

.text.__vector_33
                0x0000000000004fba       0xa0
 .text.__vector_33
                0x0000000000004fba       0xa0 CMakeFiles\TestAi2_default_default_XC8_compile.dir\C_\Users\A76570\MPLABProjects\TestAi2\config.mcc\mcc_generated_files\uart\src\usart1.c.o
                0x0000000000004fba                __vector_33

.text.GAME_JumpRiseGet
                0x000000000000505a       0x9e
 .text.GAME_JumpRiseGet
                0x000000000000505a       0x9e CMakeFiles\TestAi2_default_default_XC8_compile.dir\C_\Users\A76570\MPLABProjects\TestAi2\config.mcc\dino_game.c.o

.text.TWI0_WriteRead
                0x00000000000050f8       0x9c
 .text.TWI0_WriteRead
                0x00000000000050f8       0x9c CMakeFiles\TestAi2_default_default_XC8_compile.dir\C_\Users\A76570\MPLABProjects\TestAi2\config.mcc\mcc_generated_files\i2c_host\src\twi0.c.o
                0x00000000000050f8                TWI0_WriteRead

.text.I2C_SclLowTimeNsFor
                0x0000000000005194       0x9a
 .text.I2C_SclLowTimeNsFor
                0x0000000000005194       0x9a CMakeFiles\TestAi2_default_default_XC8_compile.dir\C_\Users\A76570\MPLABProjects\TestAi2\config.mcc\i2c_bus.c.o
                0x0000000000005194                I2C_SclLowTimeNsFor

.text.POT_ScaledGet
                0x000000000000522e       0x9a
 .text.POT_ScaledGet
                0x000000000000522e       0x9a CMakeFiles\TestAi2_default_default_XC8_compile.dir\C_\Users\A76570\MPLABProjects\TestAi2\config.mcc\pot.c.o
                0x000000000000522e                POT_ScaledGet

.text.POT_Tasks
                0x00000000000052c8       0x98
 .text.POT_Tasks
                0x00000000000052c8       0x98 CMakeFiles\TestAi2_default_default_XC8_compile.dir\C_\Users\A76570\MPLABProjects\TestAi2\config.mcc\pot.c.o
                0x00000000000052c8                POT_Tasks

.text.fputc     0x0000000000005360       0x98
 .text.fputc    0x0000000000005360       0x98 c:/progra~1/microc~1/xc8/v3.10/avr/bin/../lib/gcc/avr/5.4.0/../../../../avr/lib/avrxmega4\libc.a(fputc.o)
                0x0000000000005360                fputc
                0x0000000000005360                putc

.text.SSD1306_HLineDraw
                0x00000000000053f8       0x90
 .text.SSD1306_HLineDraw
                0x00000000000053f8       0x90 CMakeFiles\TestAi2_default_default_XC8_compile.dir\C_\Users\A76570\MPLABProjects\TestAi2\config.mcc\ssd1306.c.o
                0x00000000000053f8                SSD1306_HLineDraw

.text.__fmt_u   0x0000000000005488       0x8e
 .text.__fmt_u  0x0000000000005488       0x8e c:/progra~1/microc~1/xc8/v3.10/avr/bin/../lib/gcc/avr/5.4.0/../../../../avr/lib/avrxmega4\libc.a(__fmt_u.o)