Archive member included to satisfy reference by file (symbol)

c:/progra~1/microc~1/xc8/v3.10/avr/bin/../lib/gcc/avr/5.4.0/avrxmega4\libgcc.a(_mulsi3.o)
                              CMakeFiles\TestAi2_default_default_XC8_compile.dir\C_\Users\A76570\MPLABProjects\TestAi2\config.mcc\dino_game.c.o (__mulsi3)
c:/progra~1/microc~1/xc8/v3.10/avr/bin/../lib/gcc/avr/5.4.0/avrxmega4\libgcc.a(_udivmodhi4.o)
                              CMakeFiles\TestAi2_default_default_XC8_compile.dir\C_\Users\A76570\MPLABProjects\TestAi2\config.mcc\dino_game.c.o (__udivmodhi4)
c:/progra~1/microc~1/xc8/v3.10/avr/bin/../lib/gcc/avr/5.4.0/avrxmega4\libgcc.a(_udivmodsi4.o)
                              CMakeFiles\TestAi2_default_default_XC8_compile.dir\C_\Users\A76570\MPLABProjects\TestAi2\config.mcc\bringup.c.o (__udivmodsi4)
c:/progra~1/microc~1/xc8/v3.10/avr/bin/../lib/gcc/avr/5.4.0/avrxmega4\libgcc.a(_copy_data.o)
                              CMakeFiles\TestAi2_default_default_XC8_compile.dir\C_\Users\A76570\MPLABProjects\TestAi2\config.mcc\bringup.c.o (__do_copy_data)
c:/progra~1/microc~1/xc8/v3.10/avr/bin/../lib/gcc/avr/5.4.0/avrxmega4\libgcc.a(_umulhisi3.o)
                              CMakeFiles\TestAi2_default_default_XC8_compile.dir\C_\Users\A76570\MPLABProjects\TestAi2\config.mcc\dino_game.c.o (__umulhisi3)
c:/progra~1/microc~1/xc8/v3.10/avr/bin/../lib/gcc/avr/5.4.0/avrxmega4\libgcc.a(_muluhisi3.o)
                              CMakeFiles\TestAi2_default_default_XC8_compile.dir\C_\Users\A76570\MPLABProjects\TestAi2\config.mcc\bringup.c.o (__muluhisi3)
c:/progra~1/microc~1/xc8/v3.10/avr/bin/../lib/gcc/avr/5.4.0/../../../../avr/lib/avrxmega4\libc.a(exit.o)
                              C:/Users/A76570/.mchp_packs/Microchip/AVR-Dx_DFP/2.8.343/xc8/avr/lib/avrxmega4/crtavr128da48.o (exit)
c:/progra~1/microc~1/xc8/v3.10/avr/bin/../lib/gcc/avr/5.4.0/../../../../avr/lib/avrxmega4\libc.a(__sio_printf_dosux.o)
                              CMakeFiles\TestAi2_default_default_XC8_compile.dir\C_\Users\A76570\MPLABProjects\TestAi2\config.mcc\bringup.c.o (_printf_cdopsuxX)
c:/progra~1/microc~1/xc8/v3.10/avr/bin/../lib/gcc/avr/5.4.0/../../../../avr/lib/avrxmega4\libc.a(__sio_printf_doux.o)
                              CMakeFiles\TestAi2_default_default_XC8_compile.dir\C_\Users\A76570\MPLABProjects\TestAi2\config.mcc\dino_game.c.o (_printf_cdopuxX)
c:/progra~1/microc~1/xc8/v3.10/avr/bin/../lib/gcc/avr/5.4.0/../../../../avr/lib/avrxmega4\libc.a(__fmt_d.o)
                              c:/progra~1/microc~1/xc8/v3.10/avr/bin/../lib/gcc/avr/5.4.0/../../../../avr/lib/avrxmega4\libc.a(__sio_printf_dosux.o) (__fmt_d_needed)
c:/progra~1/microc~1/xc8/v3.10/avr/bin/../lib/gcc/avr/5.4.0/../../../../avr/lib/avrxmega4\libc.a(__fmt_o.o)
                              c:/progra~1/microc~1/xc8/v3.10/avr/bin/../lib/gcc/avr/5.4.0/../../../../avr/lib/avrxmega4\libc.a(__sio_printf_dosux.o) (__fmt_o_needed)
c:/progra~1/microc~1/xc8/v3.10/avr/bin/../lib/gcc/avr/5.4.0/../../../../avr/lib/avrxmega4\libc.a(__fmt_s.o)
                              c:/progra~1/microc~1/xc8/v3.10/avr/bin/../lib/gcc/avr/5.4.0/../../../../avr/lib/avrxmega4\libc.a(__sio_printf_dosux.o) (__fmt_s_needed)
c:/progra~1/microc~1/xc8/v3.10/avr/bin/../lib/gcc/avr/5.4.0/../../../../avr/lib/avrxmega4\libc.a(__fmt_u.o)
                              c:/progra~1/microc~1/xc8/v3.10/avr/bin/../lib/gcc/avr/5.4.0/../../../../avr/lib/avrxmega4\libc.a(__fmt_d.o) (__cvt_u)
c:/progra~1/microc~1/xc8/v3.10/avr/bin/../lib/gcc/avr/5.4.0/../../../../avr/lib/avrxmega4\libc.a(__fmt_x.o)
                              c:/progra~1/microc~1/xc8/v3.10/avr/bin/../lib/gcc/avr/5.4.0/../../../../avr/lib/avrxmega4\libc.a(__sio_printf_dosux.o) (__fmt_x_needed)
c:/progra~1/microc~1/xc8/v3.10/avr/bin/../lib/gcc/avr/5.4.0/../../../../avr/lib/avrxmega4\libc.a(__pop_int.o)
                              c:/progra~1/microc~1/xc8/v3.10/avr/bin/../lib/gcc/avr/5.4.0/../../../../avr/lib/avrxmega4\libc.a(__sio_printf_dosux.o) (__pop_int_needed)
c:/progra~1/microc~1/xc8/v3.10/avr/bin/../lib/gcc/avr/5.4.0/../../../../avr/lib/avrxmega4\libc.a(__printf_core.o)
                              c:/progra~1/microc~1/xc8/v3.10/avr/bin/../lib/gcc/avr/5.4.0/../../../../avr/lib/avrxmega4\libc.a(__fmt_d.o) (__pad)
c:/progra~1/microc~1/xc8/v3.10/avr/bin/../lib/gcc/avr/5.4.0/../../../../avr/lib/avrxmega4\libc.a(fputc.o)
                              c:/progra~1/microc~1/xc8/v3.10/avr/bin/../lib/gcc/avr/5.4.0/../../../../avr/lib/avrxmega4\libc.a(__printf_core.o) (fputc)
c:/progra~1/microc~1/xc8/v3.10/avr/bin/../lib/gcc/avr/5.4.0/../../../../avr/lib/avrxmega4\libc.a(puts.o)
                              CMakeFiles\TestAi2_default_default_XC8_compile.dir\C_\Users\A76570\MPLABProjects\TestAi2\config.mcc\dino_game.c.o (puts)
c:/progra~1/microc~1/xc8/v3.10/avr/bin/../lib/gcc/avr/5.4.0/../../../../avr/lib/avrxmega4\libc.a(stdout.o)
[...]
Memory Configuration

Name             Origin             Length             Attributes
text             0x0000000000000000 0x0000000000020000 xr
data             0x0000000000804000 0x0000000000004000 rw !x
eeprom           0x0000000000810000 0x0000000000000200 rw !x
fuse             0x0000000000820000 0x0000000000000010 rw !x
lock             0x0000000000830000 0x0000000000000400 rw !x
signature        0x0000000000840000 0x0000000000000400 rw !x
user_signatures  0x0000000000850000 0x0000000000000400 rw !x
bootrow          0x0000000000860000 0x0000000000000400 rw !x
*default*        0x0000000000000000 0xffffffffffffffff

Linker script and memory map

Address of section .data set to 0x804000
                0x0000000000008000                __RODATA_PM_OFFSET__ = 0x8000
LOAD C:/Users/A76570/.mchp_packs/Microchip/AVR-Dx_DFP/2.8.343/xc8/avr/lib/avrxmega4/crtavr128da48.o
                0x0000000000000001                __MPLAB_BUILD = 0x1
LOAD CMakeFiles\TestAi2_default_default_XC8_assemblePreprocess.dir\C_\Users\A76570\MPLABProjects\TestAi2\config.mcc\mcc_generated_files\system\src\protected_io.S.o
LOAD CMakeFiles\TestAi2_default_default_XC8_compile.dir\C_\Users\A76570\MPLABProjects\TestAi2\config.mcc\bringup.c.o
LOAD CMakeFiles\TestAi2_default_default_XC8_compile.dir\C_\Users\A76570\MPLABProjects\TestAi2\config.mcc\dino_game.c.o
LOAD CMakeFiles\TestAi2_default_default_XC8_compile.dir\C_\Users\A76570\MPLABProjects\TestAi2\config.mcc\gfx_assets.c.o
LOAD CMakeFiles\TestAi2_default_default_XC8_compile.dir\C_\Users\A76570\MPLABProjects\TestAi2\config.mcc\i2c_bus.c.o
LOAD CMakeFiles\TestAi2_default_default_XC8_compile.dir\C_\Users\A76570\MPLABProjects\TestAi2\config.mcc\main.c.o
LOAD CMakeFiles\TestAi2_default_default_XC8_compile.dir\C_\Users\A76570\MPLABProjects\TestAi2\config.mcc\mcc_generated_files\adc\src\adc0.c.o
LOAD CMakeFiles\TestAi2_default_default_XC8_compile.dir\C_\Users\A76570\MPLABProjects\TestAi2\config.mcc\mcc_generated_files\i2c_host\src\twi0.c.o
LOAD CMakeFiles\TestAi2_default_default_XC8_compile.dir\C_\Users\A76570\MPLABProjects\TestAi2\config.mcc\mcc_generated_files\system\src\clock.c.o
LOAD CMakeFiles\TestAi2_default_default_XC8_compile.dir\C_\Users\A76570\MPLABProjects\TestAi2\config.mcc\mcc_generated_files\system\src\config_bits.c.o
LOAD CMakeFiles\TestAi2_default_default_XC8_compile.dir\C_\Users\A76570\MPLABProjects\TestAi2\config.mcc\mcc_generated_files\system\src\interrupt.c.o
LOAD CMakeFiles\TestAi2_default_default_XC8_compile.dir\C_\Users\A76570\MPLABProjects\TestAi2\config.mcc\mcc_generated_files\system\src\pins.c.o
LOAD CMakeFiles\TestAi2_default_default_XC8_compile.dir\C_\Users\A76570\MPLABProjects\TestAi2\config.mcc\mcc_generated_files\system\src\system.c.o
LOAD CMakeFiles\TestAi2_default_default_XC8_compile.dir\C_\Users\A76570\MPLABProjects\TestAi2\config.mcc\mcc_generated_files\timer\src\tca0.c.o
LOAD CMakeFiles\TestAi2_default_default_XC8_compile.dir\C_\Users\A76570\MPLABProjects\TestAi2\config.mcc\mcc_generated_files\uart\src\usart1.c.o
LOAD CMakeFiles\TestAi2_default_default_XC8_compile.dir\C_\Users\A76570\MPLABProjects\TestAi2\config.mcc\mcc_generated_files\vref\src\vref.c.o
LOAD CMakeFiles\TestAi2_default_default_XC8_compile.dir\C_\Users\A76570\MPLABProjects\TestAi2\config.mcc\mcp23008.c.o
LOAD CMakeFiles\TestAi2_default_default_XC8_compile.dir\C_\Users\A76570\MPLABProjects\TestAi2\config.mcc\millis.c.o
LOAD CMakeFiles\TestAi2_default_default_XC8_compile.dir\C_\Users\A76570\MPLABProjects\TestAi2\config.mcc\pot.c.o
LOAD CMakeFiles\TestAi2_default_default_XC8_compile.dir\C_\Users\A76570\MPLABProjects\TestAi2\config.mcc\ssd1306.c.o
START GROUP
LOAD c:/progra~1/microc~1/xc8/v3.10/avr/bin/../lib/gcc/avr/5.4.0/avrxmega4\libgcc.a
LOAD c:/progra~1/microc~1/xc8/v3.10/avr/bin/../lib/gcc/avr/5.4.0/../../../../avr/lib/avrxmega4\libm.a
LOAD c:/progra~1/microc~1/xc8/v3.10/avr/bin/../lib/gcc/avr/5.4.0/../../../../avr/lib/avrxmega4\libc.a
LOAD C:/Users/A76570/.mchp_packs/Microchip/AVR-Dx_DFP/2.8.343/xc8/avr/lib/avrxmega4\libavr128da48.a
END GROUP
                [0x0000000000000000]                __TEXT_REGION_ORIGIN__ = DEFINED (__TEXT_REGION_ORIGIN__)?__TEXT_REGION_ORIGIN__:0x0
                [0x0000000000804000]                __DATA_REGION_ORIGIN__ = DEFINED (__DATA_REGION_ORIGIN__)?__DATA_REGION_ORIGIN__:0x802000
                [0x0000000000020000]                __TEXT_REGION_LENGTH__ = DEFINED (__TEXT_REGION_LENGTH__)?__TEXT_REGION_LENGTH__:0x100000
                [0x0000000000004000]                __DATA_REGION_LENGTH__ = DEFINED (__DATA_REGION_LENGTH__)?__DATA_REGION_LENGTH__:0xffa0
                [0x0000000000000200]                __EEPROM_REGION_LENGTH__ = DEFINED (__EEPROM_REGION_LENGTH__)?__EEPROM_REGION_LENGTH__:0x10000
                [0x0000000000000010]                __FUSE_REGION_LENGTH__ = DEFINED (__FUSE_REGION_LENGTH__)?__FUSE_REGION_LENGTH__:0x400
                0x0000000000000400                __LOCK_REGION_LENGTH__ = DEFINED (__LOCK_REGION_LENGTH__)?__LOCK_REGION_LENGTH__:0x400
                0x0000000000000400                __SIGNATURE_REGION_LENGTH__ = DEFINED (__SIGNATURE_REGION_LENGTH__)?__SIGNATURE_REGION_LENGTH__:0x400
                0x0000000000000400                __USER_SIGNATURE_REGION_LENGTH__ = DEFINED (__USER_SIGNATURE_REGION_LENGTH__)?__USER_SIGNATURE_REGION_LENGTH__:0x400
                0x0000000000000400                __BOOTROW_REGION_LENGTH__ = DEFINED (__BOOTROW_REGION_LENGTH__)?__BOOTROW_REGION_LENGTH__:0x400

.hash
 *(.hash)

.dynsym
 *(.dynsym)

.dynstr
 *(.dynstr)

.gnu.version
 *(.gnu.version)

.gnu.version_d
 *(.gnu.version_d)

.gnu.version_r
 *(.gnu.version_r)

.rel.init
 *(.rel.init)

.rela.init
 *(.rela.init)

.rel.text
 *(.rel.text)
 *(.rel.text.*)
 *(.rel.gnu.linkonce.t*)

.rela.text
 *(.rela.text)
 *(.rela.text.*)
 *(.rela.gnu.linkonce.t*)

.rel.fini
 *(.rel.fini)

.rela.fini
 *(.rela.fini)

.rel.rodata
 *(.rel.rodata)
 *(.rel.rodata.*)
 *(.rel.gnu.linkonce.r*)

.rela.rodata
 *(.rela.rodata)
 *(.rela.rodata.*)
 *(.rela.gnu.linkonce.r*)

.rel.data
 *(.rel.data)
 *(.rel.data.*)
 *(.rel.gnu.linkonce.d*)

.rela.data
 *(.rela.data)
 *(.rela.data.*)
 *(.rela.gnu.linkonce.d*)

.rel.ctors
 *(.rel.ctors)

.rela.ctors
 *(.rela.ctors)

.rel.dtors
 *(.rel.dtors)

.rela.dtors
 *(.rela.dtors)

.rel.got
 *(.rel.got)

.rela.got
 *(.rela.got)

.rel.bss
 *(.rel.bss)

.rela.bss
 *(.rela.bss)

.rel.plt
 *(.rel.plt)

.rela.plt
 *(.rela.plt)

.text           0x0000000000000000      0x206
 *(.vectors)
 .vectors       0x0000000000000000       0xe8 C:/Users/A76570/.mchp_packs/Microchip/AVR-Dx_DFP/2.8.343/xc8/avr/lib/avrxmega4/crtavr128da48.o
                0x0000000000000000                __vector_default
                0x0000000000000000                __vectors
 *(.vectors)
 *(.progmem.gcc*)
 *(.dinit)
 .dinit         0x00000000000000e8       0xc5 data_init
                0x00000000000001ae                . = ALIGN (0x2)
 *fill*         0x00000000000001ad        0x1 
                0x00000000000001ae                __trampolines_start = .
 *(.trampolines)
 .trampolines   0x00000000000001ae        0x0 linker stubs
 *(.trampolines*)
                0x00000000000001ae                __trampolines_end = .
 *libprintf_flt.a:*(.progmem.data)
 *libc.a:*(.progmem.data)
                0x00000000000001ae                . = ALIGN (0x2)
 *(.jumptables)
 *(.jumptables*)
 *(.lowtext)
 *(.lowtext*)
                0x00000000000001ae                __ctors_start = .
 *(.ctors)
                0x00000000000001ae                __ctors_end = .
                0x00000000000001ae                __dtors_start = .
 *(.dtors)
                0x00000000000001ae                __dtors_end = .
 SORT(*)(.ctors)
 SORT(*)(.dtors)
 *(.init0)
 .init0         0x00000000000001ae        0x0 C:/Users/A76570/.mchp_packs/Microchip/AVR-Dx_DFP/2.8.343/xc8/avr/lib/avrxmega4/crtavr128da48.o
                0x00000000000001ae                __init
 *(.init0)
 *(.init1)
 *(.init1)
 *(.init2)
 .init2         0x00000000000001ae        0xc C:/Users/A76570/.mchp_packs/Microchip/AVR-Dx_DFP/2.8.343/xc8/avr/lib/avrxmega4/crtavr128da48.o
 *(.init2)
 *(.init3)
 *(.init3)
 *(.init4)
 .init4         0x00000000000001ba       0x40 c:/progra~1/microc~1/xc8/v3.10/avr/bin/../lib/gcc/avr/5.4.0/avrxmega4\libgcc.a(_copy_data.o)
                0x00000000000001ba                __do_copy_data
                0x00000000000001ec                __do_clear_bss
 *(.init4)
 *(.init5)
 *(.init5)
 *(.init6)
 *(.init6)
 *(.init7)
 *(.init7)
 *(.init8)
 *(.init8)
 *(.init9)
 .init9         0x00000000000001fa        0x8 C:/Users/A76570/.mchp_packs/Microchip/AVR-Dx_DFP/2.8.343/xc8/avr/lib/avrxmega4/crtavr128da48.o
 *(.init9)
                0x0000000000000202                . = ALIGN (0x2)
 *(.fini9)
 .fini9         0x0000000000000202        0x0 c:/progra~1/microc~1/xc8/v3.10/avr/bin/../lib/gcc/avr/5.4.0/avrxmega4\libgcc.a(_exit.o)
                0x0000000000000202                _exit
 *(.fini9)
 *(.fini8)
 *(.fini8)
 *(.fini7)
 *(.fini7)
 *(.fini6)
 *(.fini6)
 *(.fini5)
 *(.fini5)
 *(.fini4)
 *(.fini4)
 *(.fini3)
 *(.fini3)
 *(.fini2)
 *(.fini2)
 *(.fini1)
 *(.fini1)
 *(.fini0)
 .fini0         0x0000000000000202        0x4 c:/progra~1/microc~1/xc8/v3.10/avr/bin/../lib/gcc/avr/5.4.0/avrxmega4\libgcc.a(_exit.o)
 *(.fini0)
                0x0000000000000206                _etext = .

.data           0x0000000000804000        0x0 load address 0x0000000000000206
                [!provide]                        PROVIDE (__data_start, .)
 *(.gnu.linkonce.d*)
 *(.gnu.linkonce.r*)
                0x0000000000804000                . = ALIGN (0x2)
                0x0000000000804000                _edata = .
                [!provide]                        PROVIDE (__data_end, .)

.bss            0x0000000000804000        0x6
                [!provide]                        PROVIDE (__bss_start, .)
 *(COMMON)
 COMMON         0x0000000000804000        0x4 CMakeFiles\TestAi2_default_default_XC8_compile.dir\C_\Users\A76570\MPLABProjects\TestAi2\config.mcc\mcc_generated_files\uart\src\usart1.c.o
                0x0000000000804000                USART1_TxInterruptHandler
                0x0000000000804002                USART1_RxInterruptHandler
 COMMON         0x0000000000804004        0x2 c:/progra~1/microc~1/xc8/v3.10/avr/bin/../lib/gcc/avr/5.4.0/../../../../avr/lib/avrxmega4\libc.a(errno.o)
                0x0000000000804004                __errno_val
                [!provide]                        PROVIDE (__bss_end, .)
                0x0000000000000206                __data_load_start = LOADADDR (.data)
                0x0000000000000206                __data_load_end = (__data_load_start + SIZEOF (.data))

.noinit         0x0000000000804006        0x0
                [!provide]                        PROVIDE (__noinit_start, .)
 *(.noinit*)
                [!provide]                        PROVIDE (__noinit_end, .)
                0x0000000000804006                _end = .

.eeprom         0x0000000000810000        0x0
 *(.eeprom*)
                0x0000000000810000                __eeprom_end = .

.fuse           0x0000000000820000        0x9
 *(.fuse)
 .fuse          0x0000000000820000        0x9 CMakeFiles\TestAi2_default_default_XC8_compile.dir\C_\Users\A76570\MPLABProjects\TestAi2\config.mcc\mcc_generated_files\system\src\config_bits.c.o
                0x0000000000820000                __fuse
 *(.lfuse)
 *(.hfuse)
 *(.efuse)

.lock
 *(.lock*)

.signature
 *(.signature*)

.user_signatures
 *(.user_signatures*)

.bootrow
 *(.bootrow*)

.stab
 *(.stab)

.stabstr
 *(.stabstr)

.stab.excl
 *(.stab.excl)

.stab.exclstr
 *(.stab.exclstr)

.stab.index
 *(.stab.index)

.stab.indexstr
 *(.stab.indexstr)

.comment        0x0000000000000000       0x5b
 *(.comment)
 .comment       0x0000000000000000       0x2f CMakeFiles\TestAi2_default_default_XC8_compile.dir\C_\Users\A76570\MPLABProjects\TestAi2\config.mcc\bringup.c.o
                                         0x30 (size before relaxing)
 .comment       0x000000000000002f       0x30 CMakeFiles\TestAi2_default_default_XC8_compile.dir\C_\Users\A76570\MPLABProjects\TestAi2\config.mcc\dino_game.c.o
 .comment       0x000000000000002f       0x30 CMakeFiles\TestAi2_default_default_XC8_compile.dir\C_\Users\A76570\MPLABProjects\TestAi2\config.mcc\gfx_assets.c.o
 .comment       0x000000000000002f       0x30 CMakeFiles\TestAi2_default_default_XC8_compile.dir\C_\Users\A76570\MPLABProjects\TestAi2\config.mcc\i2c_bus.c.o
 .comment       0x000000000000002f       0x30 CMakeFiles\TestAi2_default_default_XC8_compile.dir\C_\Users\A76570\MPLABProjects\TestAi2\config.mcc\main.c.o
 .comment       0x000000000000002f       0x30 CMakeFiles\TestAi2_default_default_XC8_compile.dir\C_\Users\A76570\MPLABProjects\TestAi2\config.mcc\mcc_generated_files\adc\src\adc0.c.o
 .comment       0x000000000000002f       0x30 CMakeFiles\TestAi2_default_default_XC8_compile.dir\C_\Users\A76570\MPLABProjects\TestAi2\config.mcc\mcc_generated_files\i2c_host\src\twi0.c.o
 .comment       0x000000000000002f       0x30 CMakeFiles\TestAi2_default_default_XC8_compile.dir\C_\Users\A76570\MPLABProjects\TestAi2\config.mcc\mcc_generated_files\system\src\clock.c.o
 .comment       0x000000000000002f       0x30 CMakeFiles\TestAi2_default_default_XC8_compile.dir\C_\Users\A76570\MPLABProjects\TestAi2\config.mcc\mcc_generated_files\system\src\config_bits.c.o
 .comment       0x000000000000002f       0x30 CMakeFiles\TestAi2_default_default_XC8_compile.dir\C_\Users\A76570\MPLABProjects\TestAi2\config.mcc\mcc_generated_files\system\src\interrupt.c.o
 .comment       0x000000000000002f       0x30 CMakeFiles\TestAi2_default_default_XC8_compile.dir\C_\Users\A76570\MPLABProjects\TestAi2\config.mcc\mcc_generated_files\system\src\pins.c.o
 .comment       0x000000000000002f       0x30 CMakeFiles\TestAi2_default_default_XC8_compile.dir\C_\Users\A76570\MPLABProjects\TestAi2\config.mcc\mcc_generated_files\system\src\system.c.o
 .comment       0x000000000000002f       0x30 CMakeFiles\TestAi2_default_default_XC8_compile.dir\C_\Users\A76570\MPLABProjects\TestAi2\config.mcc\mcc_generated_files\timer\src\tca0.c.o
 .comment       0x000000000000002f       0x30 CMakeFiles\TestAi2_default_default_XC8_compile.dir\C_\Users\A76570\MPLABProjects\TestAi2\config.mcc\mcc_generated_files\uart\src\usart1.c.o
 .comment       0x000000000000002f       0x30 CMakeFiles\TestAi2_default_default_XC8_compile.dir\C_\Users\A76570\MPLABProjects\TestAi2\config.mcc\mcc_generated_files\vref\src\vref.c.o
 .comment       0x000000000000002f       0x30 CMakeFiles\TestAi2_default_default_XC8_compile.dir\C_\Users\A76570\MPLABProjects\TestAi2\config.mcc\mcp23008.c.o
 .comment       0x000000000000002f       0x30 CMakeFiles\TestAi2_default_default_XC8_compile.dir\C_\Users\A76570\MPLABProjects\TestAi2\config.mcc\millis.c.o
 .comment       0x000000000000002f       0x30 CMakeFiles\TestAi2_default_default_XC8_compile.dir\C_\Users\A76570\MPLABProjects\TestAi2\config.mcc\pot.c.o
 .comment       0x000000000000002f       0x30 CMakeFiles\TestAi2_default_default_XC8_compile.dir\C_\Users\A76570\MPLABProjects\TestAi2\config.mcc\ssd1306.c.o
 .comment       0x000000000000002f       0x2c c:/progra~1/microc~1/xc8/v3.10/avr/bin/../lib/gcc/avr/5.4.0/../../../../avr/lib/avrxmega4\libc.a(exit.o)
                                         0x2d (size before relaxing)
 .comment       0x000000000000005b       0x2d c:/progra~1/microc~1/xc8/v3.10/avr/bin/../lib/gcc/avr/5.4.0/../../../../avr/lib/avrxmega4\libc.a(__sio_printf_dosux.o)
 .comment       0x000000000000005b       0x2d c:/progra~1/microc~1/xc8/v3.10/avr/bin/../lib/gcc/avr/5.4.0/../../../../avr/lib/avrxmega4\libc.a(__sio_printf_doux.o)
 .comment       0x000000000000005b       0x2d c:/progra~1/microc~1/xc8/v3.10/avr/bin/../lib/gcc/avr/5.4.0/../../../../avr/lib/avrxmega4\libc.a(__fmt_d.o)
 .comment       0x000000000000005b       0x2d c:/progra~1/microc~1/xc8/v3.10/avr/bin/../lib/gcc/avr/5.4.0/../../../../avr/lib/avrxmega4\libc.a(__fmt_o.o)
 .comment       0x000000000000005b       0x2d c:/progra~1/microc~1/xc8/v3.10/avr/bin/../lib/gcc/avr/5.4.0/../../../../avr/lib/avrxmega4\libc.a(__fmt_s.o)
 .comment       0x000000000000005b       0x2d c:/progra~1/microc~1/xc8/v3.10/avr/bin/../lib/gcc/avr/5.4.0/../../../../avr/lib/avrxmega4\libc.a(__fmt_u.o)
 .comment       0x000000000000005b       0x2d c:/progra~1/microc~1/xc8/v3.10/avr/bin/../lib/gcc/avr/5.4.0/../../../../avr/lib/avrxmega4\libc.a(__fmt_x.o)
 .comment       0x000000000000005b       0x2d c:/progra~1/microc~1/xc8/v3.10/avr/bin/../lib/gcc/avr/5.4.0/../../../../avr/lib/avrxmega4\libc.a(__pop_int.o)
 .comment       0x000000000000005b       0x2d c:/progra~1/microc~1/xc8/v3.10/avr/bin/../lib/gcc/avr/5.4.0/../../../../avr/lib/avrxmega4\libc.a(__printf_core.o)
 .comment       0x000000000000005b       0x2d c:/progra~1/microc~1/xc8/v3.10/avr/bin/../lib/gcc/avr/5.4.0/../../../../avr/lib/avrxmega4\libc.a(fputc.o)
 .comment       0x000000000000005b       0x2d c:/progra~1/microc~1/xc8/v3.10/avr/bin/../lib/gcc/avr/5.4.0/../../../../avr/lib/avrxmega4\libc.a(puts.o)
 .comment       0x000000000000005b       0x2d c:/progra~1/microc~1/xc8/v3.10/avr/bin/../lib/gcc/avr/5.4.0/../../../../avr/lib/avrxmega4\libc.a(stdout.o)
 .comment       0x000000000000005b       0x2d c:/progra~1/microc~1/xc8/v3.10/avr/bin/../lib/gcc/avr/5.4.0/../../../../avr/lib/avrxmega4\libc.a(memcpy.o)
 .comment       0x000000000000005b       0x2d c:/progra~1/microc~1/xc8/v3.10/avr/bin/../lib/gcc/avr/5.4.0/../../../../avr/lib/avrxmega4\libc.a(memset.o)
 .comment       0x000000000000005b       0x2d c:/progra~1/microc~1/xc8/v3.10/avr/bin/../lib/gcc/avr/5.4.0/../../../../avr/lib/avrxmega4\libc.a(strlen.o)
 .comment       0x000000000000005b       0x2d c:/progra~1/microc~1/xc8/v3.10/avr/bin/../lib/gcc/avr/5.4.0/../../../../avr/lib/avrxmega4\libc.a(tolower.o)
 .comment       0x000000000000005b       0x2d c:/progra~1/microc~1/xc8/v3.10/avr/bin/../lib/gcc/avr/5.4.0/../../../../avr/lib/avrxmega4\libc.a(toupper.o)
 .comment       0x000000000000005b       0x2d c:/progra~1/microc~1/xc8/v3.10/avr/bin/../lib/gcc/avr/5.4.0/../../../../avr/lib/avrxmega4\libc.a(errno.o)
 .comment       0x000000000000005b       0x2d c:/progra~1/microc~1/xc8/v3.10/avr/bin/../lib/gcc/avr/5.4.0/../../../../avr/lib/avrxmega4\libc.a(_Exit.o)
 .comment       0x000000000000005b       0x2d c:/progra~1/microc~1/xc8/v3.10/avr/bin/../lib/gcc/avr/5.4.0/../../../../avr/lib/avrxmega4\libc.a(__int_vfprintf.o)
 .comment       0x000000000000005b       0x2d c:/progra~1/microc~1/xc8/v3.10/avr/bin/../lib/gcc/avr/5.4.0/../../../../avr/lib/avrxmega4\libc.a(fputs.o)

.stack.descriptors.hdr
                0x0000000000000000      0x188
 .stack.descriptors.hdr
                0x0000000000000000        0xe c:/progra~1/microc~1/xc8/v3.10/avr/bin/../lib/gcc/avr/5.4.0/avrxmega4\libgcc.a(_mulsi3.o)
 .stack.descriptors.hdr
                0x000000000000000e        0xe c:/progra~1/microc~1/xc8/v3.10/avr/bin/../lib/gcc/avr/5.4.0/avrxmega4\libgcc.a(_udivmodhi4.o)
 .stack.descriptors.hdr
                0x000000000000001c        0xe c:/progra~1/microc~1/xc8/v3.10/avr/bin/../lib/gcc/avr/5.4.0/avrxmega4\libgcc.a(_udivmodsi4.o)
 .stack.descriptors.hdr
                0x000000000000002a        0xe c:/progra~1/microc~1/xc8/v3.10/avr/bin/../lib/gcc/avr/5.4.0/avrxmega4\libgcc.a(_umulhisi3.o)
 .stack.descriptors.hdr
                0x0000000000000038        0xe c:/progra~1/microc~1/xc8/v3.10/avr/bin/../lib/gcc/avr/5.4.0/avrxmega4\libgcc.a(_muluhisi3.o)
 .stack.descriptors.hdr
                0x0000000000000046        0xe c:/progra~1/microc~1/xc8/v3.10/avr/bin/../lib/gcc/avr/5.4.0/../../../../avr/lib/avrxmega4\libc.a(exit.o)
 .stack.descriptors.hdr
                0x0000000000000054        0xe c:/progra~1/microc~1/xc8/v3.10/avr/bin/../lib/gcc/avr/5.4.0/../../../../avr/lib/avrxmega4\libc.a(__sio_printf_dosux.o)
 .stack.descriptors.hdr
                0x0000000000000062        0xe c:/progra~1/microc~1/xc8/v3.10/avr/bin/../lib/gcc/avr/5.4.0/../../../../avr/lib/avrxmega4\libc.a(__sio_printf_doux.o)
 .stack.descriptors.hdr
                0x0000000000000070        0xe c:/progra~1/microc~1/xc8/v3.10/avr/bin/../lib/gcc/avr/5.4.0/../../../../avr/lib/avrxmega4\libc.a(__fmt_d.o)
 .stack.descriptors.hdr
                0x000000000000007e        0xe c:/progra~1/microc~1/xc8/v3.10/avr/bin/../lib/gcc/avr/5.4.0/../../../../avr/lib/avrxmega4\libc.a(__fmt_o.o)
 .stack.descriptors.hdr
                0x000000000000008c        0xe c:/progra~1/microc~1/xc8/v3.10/avr/bin/../lib/gcc/avr/5.4.0/../../../../avr/lib/avrxmega4\libc.a(__fmt_s.o)
 .stack.descriptors.hdr
                0x000000000000009a        0xe c:/progra~1/microc~1/xc8/v3.10/avr/bin/../lib/gcc/avr/5.4.0/../../../../avr/lib/avrxmega4\libc.a(__fmt_u.o)
 .stack.descriptors.hdr
                0x00000000000000a8        0xe c:/progra~1/microc~1/xc8/v3.10/avr/bin/../lib/gcc/avr/5.4.0/../../../../avr/lib/avrxmega4\libc.a(__fmt_x.o)
 .stack.descriptors.hdr
                0x00000000000000b6        0xe c:/progra~1/microc~1/xc8/v3.10/avr/bin/../lib/gcc/avr/5.4.0/../../../../avr/lib/avrxmega4\libc.a(__pop_int.o)
 .stack.descriptors.hdr
                0x00000000000000c4        0xe c:/progra~1/microc~1/xc8/v3.10/avr/bin/../lib/gcc/avr/5.4.0/../../../../avr/lib/avrxmega4\libc.a(__printf_core.o)
 .stack.descriptors.hdr
                0x00000000000000d2        0xe c:/progra~1/microc~1/xc8/v3.10/avr/bin/../lib/gcc/avr/5.4.0/../../../../avr/lib/avrxmega4\libc.a(fputc.o)
 .stack.descriptors.hdr
                0x00000000000000e0        0xe c:/progra~1/microc~1/xc8/v3.10/avr/bin/../lib/gcc/avr/5.4.0/../../../../avr/lib/avrxmega4\libc.a(puts.o)
 .stack.descriptors.hdr
                0x00000000000000ee        0xe c:/progra~1/microc~1/xc8/v3.10/avr/bin/../lib/gcc/avr/5.4.0/../../../../avr/lib/avrxmega4\libc.a(stdout.o)
 .stack.descriptors.hdr
                0x00000000000000fc        0xe c:/progra~1/microc~1/xc8/v3.10/avr/bin/../lib/gcc/avr/5.4.0/../../../../avr/lib/avrxmega4\libc.a(memcpy.o)
 .stack.descriptors.hdr
                0x000000000000010a        0xe c:/progra~1/microc~1/xc8/v3.10/avr/bin/../lib/gcc/avr/5.4.0/../../../../avr/lib/avrxmega4\libc.a(memset.o)
 .stack.descriptors.hdr
                0x0000000000000118        0xe c:/progra~1/microc~1/xc8/v3.10/avr/bin/../lib/gcc/avr/5.4.0/../../../../avr/lib/avrxmega4\libc.a(strlen.o)
 .stack.descriptors.hdr
                0x0000000000000126        0xe c:/progra~1/microc~1/xc8/v3.10/avr/bin/../lib/gcc/avr/5.4.0/../../../../avr/lib/avrxmega4\libc.a(tolower.o)
 .stack.descriptors.hdr
                0x0000000000000134        0xe c:/progra~1/microc~1/xc8/v3.10/avr/bin/../lib/gcc/avr/5.4.0/../../../../avr/lib/avrxmega4\libc.a(toupper.o)
 .stack.descriptors.hdr
                0x0000000000000142        0xe c:/progra~1/microc~1/xc8/v3.10/avr/bin/../lib/gcc/avr/5.4.0/../../../../avr/lib/avrxmega4\libc.a(errno.o)
 .stack.descriptors.hdr
                0x0000000000000150        0xe c:/progra~1/microc~1/xc8/v3.10/avr/bin/../lib/gcc/avr/5.4.0/../../../../avr/lib/avrxmega4\libc.a(_Exit.o)
 .stack.descriptors.hdr
                0x000000000000015e        0xe c:/progra~1/microc~1/xc8/v3.10/avr/bin/../lib/gcc/avr/5.4.0/../../../../avr/lib/avrxmega4\libc.a(__int_vfprintf.o)
 .stack.descriptors.hdr
                0x000000000000016c        0xe c:/progra~1/microc~1/xc8/v3.10/avr/bin/../lib/gcc/avr/5.4.0/../../../../avr/lib/avrxmega4\libc.a(fputs.o)
 .stack.descriptors.hdr
                0x000000000000017a        0xe c:/progra~1/microc~1/xc8/v3.10/avr/bin/../lib/gcc/avr/5.4.0/avrxmega4\libgcc.a(_exit.o)

.note.GNU-stack
                0x0000000000000000        0x0
 .note.GNU-stack
                0x0000000000000000        0x0 c:/progra~1/microc~1/xc8/v3.10/avr/bin/../lib/gcc/avr/5.4.0/../../../../avr/lib/avrxmega4\libc.a(exit.o)
 .note.GNU-stack
                0x0000000000000000        0x0 c:/progra~1/microc~1/xc8/v3.10/avr/bin/../lib/gcc/avr/5.4.0/../../../../avr/lib/avrxmega4\libc.a(__sio_printf_dosux.o)
 .note.GNU-stack
                0x0000000000000000        0x0 c:/progra~1/microc~1/xc8/v3.10/avr/bin/../lib/gcc/avr/5.4.0/../../../../avr/lib/avrxmega4\libc.a(__sio_printf_doux.o)
 .note.GNU-stack
                0x0000000000000000        0x0 c:/progra~1/microc~1/xc8/v3.10/avr/bin/../lib/gcc/avr/5.4.0/../../../../avr/lib/avrxmega4\libc.a(__fmt_d.o)
 .note.GNU-stack
                0x0000000000000000        0x0 c:/progra~1/microc~1/xc8/v3.10/avr/bin/../lib/gcc/avr/5.4.0/../../../../avr/lib/avrxmega4\libc.a(__fmt_o.o)
 .note.GNU-stack
                0x0000000000000000        0x0 c:/progra~1/microc~1/xc8/v3.10/avr/bin/../lib/gcc/avr/5.4.0/../../../../avr/lib/avrxmega4\libc.a(__fmt_s.o)
 .note.GNU-stack
                0x0000000000000000        0x0 c:/progra~1/microc~1/xc8/v3.10/avr/bin/../lib/gcc/avr/5.4.0/../../../../avr/lib/avrxmega4\libc.a(__fmt_u.o)
 .note.GNU-stack
                0x0000000000000000        0x0 c:/progra~1/microc~1/xc8/v3.10/avr/bin/../lib/gcc/avr/5.4.0/../../../../avr/lib/avrxmega4\libc.a(__fmt_x.o)
 .note.GNU-stack
                0x0000000000000000        0x0 c:/progra~1/microc~1/xc8/v3.10/avr/bin/../lib/gcc/avr/5.4.0/../../../../avr/lib/avrxmega4\libc.a(__pop_int.o)
 .note.GNU-stack
                0x0000000000000000        0x0 c:/progra~1/microc~1/xc8/v3.10/avr/bin/../lib/gcc/avr/5.4.0/../../../../avr/lib/avrxmega4\libc.a(__printf_core.o)
 .note.GNU-stack
                0x0000000000000000        0x0 c:/progra~1/microc~1/xc8/v3.10/avr/bin/../lib/gcc/avr/5.4.0/../../../../avr/lib/avrxmega4\libc.a(fputc.o)
 .note.GNU-stack
                0x0000000000000000        0x0 c:/progra~1/microc~1/xc8/v3.10/avr/bin/../lib/gcc/avr/5.4.0/../../../../avr/lib/avrxmega4\libc.a(puts.o)
 .note.GNU-stack
                0x0000000000000000        0x0 c:/progra~1/microc~1/xc8/v3.10/avr/bin/../lib/gcc/avr/5.4.0/../../../../avr/lib/avrxmega4\libc.a(stdout.o)
 .note.GNU-stack
                0x0000000000000000        0x0 c:/progra~1/microc~1/xc8/v3.10/avr/bin/../lib/gcc/avr/5.4.0/../../../../avr/lib/avrxmega4\libc.a(memcpy.o)
 .note.GNU-stack
                0x0000000000000000        0x0 c:/progra~1/microc~1/xc8/v3.10/avr/bin/../lib/gcc/avr/5.4.0/../../../../avr/lib/avrxmega4\libc.a(memset.o)
 .note.GNU-stack
                0x0000000000000000        0x0 c:/progra~1/microc~1/xc8/v3.10/avr/bin/../lib/gcc/avr/5.4.0/../../../../avr/lib/avrxmega4\libc.a(strlen.o)
 .note.GNU-stack
                0x0000000000000000        0x0 c:/progra~1/microc~1/xc8/v3.10/avr/bin/../lib/gcc/avr/5.4.0/../../../../avr/lib/avrxmega4\libc.a(tolower.o)
 .note.GNU-stack
                0x0000000000000000        0x0 c:/progra~1/microc~1/xc8/v3.10/avr/bin/../lib/gcc/avr/5.4.0/../../../../avr/lib/avrxmega4\libc.a(toupper.o)
 .note.GNU-stack
                0x0000000000000000        0x0 c:/progra~1/microc~1/xc8/v3.10/avr/bin/../lib/gcc/avr/5.4.0/../../../../avr/lib/avrxmega4\libc.a(errno.o)
 .note.GNU-stack
                0x0000000000000000        0x0 c:/progra~1/microc~1/xc8/v3.10/avr/bin/../lib/gcc/avr/5.4.0/../../../../avr/lib/avrxmega4\libc.a(_Exit.o)
 .note.GNU-stack
                0x0000000000000000        0x0 c:/progra~1/microc~1/xc8/v3.10/avr/bin/../lib/gcc/avr/5.4.0/../../../../avr/lib/avrxmega4\libc.a(__int_vfprintf.o)
 .note.GNU-stack
                0x0000000000000000        0x0 c:/progra~1/microc~1/xc8/v3.10/avr/bin/../lib/gcc/avr/5.4.0/../../../../avr/lib/avrxmega4\libc.a(fputs.o)

.note.gnu.build-id
 *(.note.gnu.build-id)

.debug
 *(.debug)

.line
 *(.line)

.debug_srcinfo
 *(.debug_srcinfo)

.debug_sfnames
 *(.debug_sfnames)

.debug_aranges  0x0000000000000000      0x8b8
 *(.debug_aranges)
 .debug_aranges
                0x0000000000000000       0x20 CMakeFiles\TestAi2_default_default_XC8_assemblePreprocess.dir\C_\Users\A76570\MPLABProjects\TestAi2\config.mcc\mcc_generated_files\system\src\protected_io.S.o
 .debug_aranges
                0x0000000000000020       0x30 CMakeFiles\TestAi2_default_default_XC8_compile.dir\C_\Users\A76570\MPLABProjects\TestAi2\config.mcc\bringup.c.o
 .debug_aranges
                0x0000000000000050       0xa8 CMakeFiles\TestAi2_default_default_XC8_compile.dir\C_\Users\A76570\MPLABProjects\TestAi2\config.mcc\dino_game.c.o
 .debug_aranges
                0x00000000000000f8       0x18 CMakeFiles\TestAi2_default_default_XC8_compile.dir\C_\Users\A76570\MPLABProjects\TestAi2\config.mcc\gfx_assets.c.o
 .debug_aranges
                0x0000000000000110       0x90 CMakeFiles\TestAi2_default_default_XC8_compile.dir\C_\Users\A76570\MPLABProjects\TestAi2\config.mcc\i2c_bus.c.o
 .debug_aranges
                0x00000000000001a0       0x20 CMakeFiles\TestAi2_default_default_XC8_compile.dir\C_\Users\A76570\MPLABProjects\TestAi2\config.mcc\main.c.o
 .debug_aranges
                0x00000000000001c0      0x120 CMakeFiles\TestAi2_default_default_XC8_compile.dir\C_\Users\A76570\MPLABProjects\TestAi2\config.mcc\mcc_generated_files\adc\src\adc0.c.o
 .debug_aranges
                0x00000000000002e0       0xd8 CMakeFiles\TestAi2_default_default_XC8_compile.dir\C_\Users\A76570\MPLABProjects\TestAi2\config.mcc\mcc_generated_files\i2c_host\src\twi0.c.o
 .debug_aranges
                0x00000000000003b8       0x28 CMakeFiles\TestAi2_default_default_XC8_compile.dir\C_\Users\A76570\MPLABProjects\TestAi2\config.mcc\mcc_generated_files\system\src\clock.c.o
 .debug_aranges
                0x00000000000003e0       0x18 CMakeFiles\TestAi2_default_default_XC8_compile.dir\C_\Users\A76570\MPLABProjects\TestAi2\config.mcc\mcc_generated_files\system\src\config_bits.c.o
 .debug_aranges
                0x00000000000003f8       0x28 CMakeFiles\TestAi2_default_default_XC8_compile.dir\C_\Users\A76570\MPLABProjects\TestAi2\config.mcc\mcc_generated_files\system\src\interrupt.c.o
 .debug_aranges
                0x0000000000000420       0xb0 CMakeFiles\TestAi2_default_default_XC8_compile.dir\C_\Users\A76570\MPLABProjects\TestAi2\config.mcc\mcc_generated_files\system\src\pins.c.o
 .debug_aranges
                0x00000000000004d0       0x20 CMakeFiles\TestAi2_default_default_XC8_compile.dir\C_\Users\A76570\MPLABProjects\TestAi2\config.mcc\mcc_generated_files\system\src\system.c.o
 .debug_aranges
                0x00000000000004f0       0x70 CMakeFiles\TestAi2_default_default_XC8_compile.dir\C_\Users\A76570\MPLABProjects\TestAi2\config.mcc\mcc_generated_files\timer\src\tca0.c.o
 .debug_aranges
                0x0000000000000560      0x138 CMakeFiles\TestAi2_default_default_XC8_compile.dir\C_\Users\A76570\MPLABProjects\TestAi2\config.mcc\mcc_generated_files\uart\src\usart1.c.o
 .debug_aranges
                0x0000000000000698       0x20 CMakeFiles\TestAi2_default_default_XC8_compile.dir\C_\Users\A76570\MPLABProjects\TestAi2\config.mcc\mcc_generated_files\vref\src\vref.c.o
 .debug_aranges
                0x00000000000006b8       0x68 CMakeFiles\TestAi2_default_default_XC8_compile.dir\C_\Users\A76570\MPLABProjects\TestAi2\config.mcc\mcp23008.c.o
 .debug_aranges
                0x0000000000000720       0x50 CMakeFiles\TestAi2_default_default_XC8_compile.dir\C_\Users\A76570\MPLABProjects\TestAi2\config.mcc\millis.c.o
 .debug_aranges
                0x0000000000000770       0x48 CMakeFiles\TestAi2_default_default_XC8_compile.dir\C_\Users\A76570\MPLABProjects\TestAi2\config.mcc\pot.c.o
 .debug_aranges
                0x00000000000007b8      0x100 CMakeFiles\TestAi2_default_default_XC8_compile.dir\C_\Users\A76570\MPLABProjects\TestAi2\config.mcc\ssd1306.c.o

.debug_pubnames
 *(.debug_pubnames)

.debug_info     0x0000000000000000    0x67488
 *(.debug_info .gnu.linkonce.wi.*)
 .debug_info    0x0000000000000000     0x2fda C:/Users/A76570/.mchp_packs/Microchip/AVR-Dx_DFP/2.8.343/xc8/avr/lib/avrxmega4/crtavr128da48.o
 .debug_info    0x0000000000002fda       0xc2 CMakeFiles\TestAi2_default_default_XC8_assemblePreprocess.dir\C_\Users\A76570\MPLABProjects\TestAi2\config.mcc\mcc_generated_files\system\src\protected_io.S.o
 .debug_info    0x000000000000309c      0x4a7 CMakeFiles\TestAi2_default_default_XC8_compile.dir\C_\Users\A76570\MPLABProjects\TestAi2\config.mcc\bringup.c.o
 .debug_info    0x0000000000003543      0xc25 CMakeFiles\TestAi2_default_default_XC8_compile.dir\C_\Users\A76570\MPLABProjects\TestAi2\config.mcc\dino_game.c.o
 .debug_info    0x0000000000004168      0x464 CMakeFiles\TestAi2_default_default_XC8_compile.dir\C_\Users\A76570\MPLABProjects\TestAi2\config.mcc\gfx_assets.c.o
 .debug_info    0x00000000000045cc     0xa773 CMakeFiles\TestAi2_default_default_XC8_compile.dir\C_\Users\A76570\MPLABProjects\TestAi2\config.mcc\i2c_bus.c.o
 .debug_info    0x000000000000ed3f      0x44d CMakeFiles\TestAi2_default_default_XC8_compile.dir\C_\Users\A76570\MPLABProjects\TestAi2\config.mcc\main.c.o
 .debug_info    0x000000000000f18c     0xb5e6 CMakeFiles\TestAi2_default_default_XC8_compile.dir\C_\Users\A76570\MPLABProjects\TestAi2\config.mcc\mcc_generated_files\adc\src\adc0.c.o
 .debug_info    0x000000000001a772     0xaaf3 CMakeFiles\TestAi2_default_default_XC8_compile.dir\C_\Users\A76570\MPLABProjects\TestAi2\config.mcc\mcc_generated_files\i2c_host\src\twi0.c.o
 .debug_info    0x0000000000025265      0x805 CMakeFiles\TestAi2_default_default_XC8_compile.dir\C_\Users\A76570\MPLABProjects\TestAi2\config.mcc\mcc_generated_files\system\src\clock.c.o
 .debug_info    0x0000000000025a6a     0xa538 CMakeFiles\TestAi2_default_default_XC8_compile.dir\C_\Users\A76570\MPLABProjects\TestAi2\config.mcc\mcc_generated_files\system\src\config_bits.c.o
 .debug_info    0x000000000002ffa2      0x3a2 CMakeFiles\TestAi2_default_default_XC8_compile.dir\C_\Users\A76570\MPLABProjects\TestAi2\config.mcc\mcc_generated_files\system\src\interrupt.c.o
 .debug_info    0x0000000000030344     0xa728 CMakeFiles\TestAi2_default_default_XC8_compile.dir\C_\Users\A76570\MPLABProjects\TestAi2\config.mcc\mcc_generated_files\system\src\pins.c.o
 .debug_info    0x000000000003aa6c      0x27a CMakeFiles\TestAi2_default_default_XC8_compile.dir\C_\Users\A76570\MPLABProjects\TestAi2\config.mcc\mcc_generated_files\system\src\system.c.o
 .debug_info    0x000000000003ace6     0xad80 CMakeFiles\TestAi2_default_default_XC8_compile.dir\C_\Users\A76570\MPLABProjects\TestAi2\config.mcc\mcc_generated_files\timer\src\tca0.c.o
 .debug_info    0x0000000000045a66     0xafe7 CMakeFiles\TestAi2_default_default_XC8_compile.dir\C_\Users\A76570\MPLABProjects\TestAi2\config.mcc\mcc_generated_files\uart\src\usart1.c.o
 .debug_info    0x0000000000050a4d      0x32a CMakeFiles\TestAi2_default_default_XC8_compile.dir\C_\Users\A76570\MPLABProjects\TestAi2\config.mcc\mcc_generated_files\vref\src\vref.c.o
 .debug_info    0x0000000000050d77      0x630 CMakeFiles\TestAi2_default_default_XC8_compile.dir\C_\Users\A76570\MPLABProjects\TestAi2\config.mcc\mcp23008.c.o
 .debug_info    0x00000000000513a7     0xa7b6 CMakeFiles\TestAi2_default_default_XC8_compile.dir\C_\Users\A76570\MPLABProjects\TestAi2\config.mcc\millis.c.o
 .debug_info    0x000000000005bb5d     0xa7ea CMakeFiles\TestAi2_default_default_XC8_compile.dir\C_\Users\A76570\MPLABProjects\TestAi2\config.mcc\pot.c.o
 .debug_info    0x0000000000066347     0x1141 CMakeFiles\TestAi2_default_default_XC8_compile.dir\C_\Users\A76570\MPLABProjects\TestAi2\config.mcc\ssd1306.c.o

.debug_abbrev   0x0000000000000000     0x47b7
 *(.debug_abbrev)
 .debug_abbrev  0x0000000000000000     0x2d52 C:/Users/A76570/.mchp_packs/Microchip/AVR-Dx_DFP/2.8.343/xc8/avr/lib/avrxmega4/crtavr128da48.o
 .debug_abbrev  0x0000000000002d52       0x14 CMakeFiles\TestAi2_default_default_XC8_assemblePreprocess.dir\C_\Users\A76570\MPLABProjects\TestAi2\config.mcc\mcc_generated_files\system\src\protected_io.S.o
 .debug_abbrev  0x0000000000002d66       0xd4 CMakeFiles\TestAi2_default_default_XC8_compile.dir\C_\Users\A76570\MPLABProjects\TestAi2\config.mcc\bringup.c.o
 .debug_abbrev  0x0000000000002e3a      0x1f7 CMakeFiles\TestAi2_default_default_XC8_compile.dir\C_\Users\A76570\MPLABProjects\TestAi2\config.mcc\dino_game.c.o
 .debug_abbrev  0x0000000000003031       0x8d CMakeFiles\TestAi2_default_default_XC8_compile.dir\C_\Users\A76570\MPLABProjects\TestAi2\config.mcc\gfx_assets.c.o
 .debug_abbrev  0x00000000000030be      0x1d9 CMakeFiles\TestAi2_default_default_XC8_compile.dir\C_\Users\A76570\MPLABProjects\TestAi2\config.mcc\i2c_bus.c.o
 .debug_abbrev  0x0000000000003297       0x91 CMakeFiles\TestAi2_default_default_XC8_compile.dir\C_\Users\A76570\MPLABProjects\TestAi2\config.mcc\main.c.o
 .debug_abbrev  0x0000000000003328      0x1ae CMakeFiles\TestAi2_default_default_XC8_compile.dir\C_\Users\A76570\MPLABProjects\TestAi2\config.mcc\mcc_generated_files\adc\src\adc0.c.o
 .debug_abbrev  0x00000000000034d6      0x2ac CMakeFiles\TestAi2_default_default_XC8_compile.dir\C_\Users\A76570\MPLABProjects\TestAi2\config.mcc\mcc_generated_files\i2c_host\src\twi0.c.o
 .debug_abbrev  0x0000000000003782       0xd0 CMakeFiles\TestAi2_default_default_XC8_compile.dir\C_\Users\A76570\MPLABProjects\TestAi2\config.mcc\mcc_generated_files\system\src\clock.c.o
 .debug_abbrev  0x0000000000003852       0x9e CMakeFiles\TestAi2_default_default_XC8_compile.dir\C_\Users\A76570\MPLABProjects\TestAi2\config.mcc\mcc_generated_files\system\src\config_bits.c.o
 .debug_abbrev  0x00000000000038f0       0xd0 CMakeFiles\TestAi2_default_default_XC8_compile.dir\C_\Users\A76570\MPLABProjects\TestAi2\config.mcc\mcc_generated_files\system\src\interrupt.c.o
 .debug_abbrev  0x00000000000039c0      0x148 CMakeFiles\TestAi2_default_default_XC8_compile.dir\C_\Users\A76570\MPLABProjects\TestAi2\config.mcc\mcc_generated_files\system\src\pins.c.o
 .debug_abbrev  0x0000000000003b08       0x37 CMakeFiles\TestAi2_default_default_XC8_compile.dir\C_\Users\A76570\MPLABProjects\TestAi2\config.mcc\mcc_generated_files\system\src\system.c.o
 .debug_abbrev  0x0000000000003b3f      0x1c9 CMakeFiles\TestAi2_default_default_XC8_compile.dir\C_\Users\A76570\MPLABProjects\TestAi2\config.mcc\mcc_generated_files\timer\src\tca0.c.o
 .debug_abbrev  0x0000000000003d08      0x2e2 CMakeFiles\TestAi2_default_default_XC8_compile.dir\C_\Users\A76570\MPLABProjects\TestAi2\config.mcc\mcc_generated_files\uart\src\usart1.c.o
 .debug_abbrev  0x0000000000003fea       0x8a CMakeFiles\TestAi2_default_default_XC8_compile.dir\C_\Users\A76570\MPLABProjects\TestAi2\config.mcc\mcc_generated_files\vref\src\vref.c.o
 .debug_abbrev  0x0000000000004074      0x122 CMakeFiles\TestAi2_default_default_XC8_compile.dir\C_\Users\A76570\MPLABProjects\TestAi2\config.mcc\mcp23008.c.o
 .debug_abbrev  0x0000000000004196      0x1b2 CMakeFiles\TestAi2_default_default_XC8_compile.dir\C_\Users\A76570\MPLABProjects\TestAi2\config.mcc\millis.c.o
 .debug_abbrev  0x0000000000004348      0x1ab CMakeFiles\TestAi2_default_default_XC8_compile.dir\C_\Users\A76570\MPLABProjects\TestAi2\config.mcc\pot.c.o
 .debug_abbrev  0x00000000000044f3      0x2c4 CMakeFiles\TestAi2_default_default_XC8_compile.dir\C_\Users\A76570\MPLABProjects\TestAi2\config.mcc\ssd1306.c.o

.debug_line     0x0000000000000000     0x5191
 *(.debug_line .debug_line.* .debug_line_end)
 .debug_line    0x0000000000000000      0x1f3 C:/Users/A76570/.mchp_packs/Microchip/AVR-Dx_DFP/2.8.343/xc8/avr/lib/avrxmega4/crtavr128da48.o
 .debug_line    0x00000000000001f3       0xa4 CMakeFiles\TestAi2_default_default_XC8_assemblePreprocess.dir\C_\Users\A76570\MPLABProjects\TestAi2\config.mcc\mcc_generated_files\system\src\protected_io.S.o
 .debug_line    0x0000000000000297      0x35b CMakeFiles\TestAi2_default_default_XC8_compile.dir\C_\Users\A76570\MPLABProjects\TestAi2\config.mcc\bringup.c.o
 .debug_line    0x00000000000005f2      0x8a7 CMakeFiles\TestAi2_default_default_XC8_compile.dir\C_\Users\A76570\MPLABProjects\TestAi2\config.mcc\dino_game.c.o
 .debug_line    0x0000000000000e99       0xad CMakeFiles\TestAi2_default_default_XC8_compile.dir\C_\Users\A76570\MPLABProjects\TestAi2\config.mcc\gfx_assets.c.o
 .debug_line    0x0000000000000f46      0x54d CMakeFiles\TestAi2_default_default_XC8_compile.dir\C_\Users\A76570\MPLABProjects\TestAi2\config.mcc\i2c_bus.c.o
 .debug_line    0x0000000000001493      0x3f1 CMakeFiles\TestAi2_default_default_XC8_compile.dir\C_\Users\A76570\MPLABProjects\TestAi2\config.mcc\main.c.o
 .debug_line    0x0000000000001884      0x67e CMakeFiles\TestAi2_default_default_XC8_compile.dir\C_\Users\A76570\MPLABProjects\TestAi2\config.mcc\mcc_generated_files\adc\src\adc0.c.o
 .debug_line    0x0000000000001f02      0x779 CMakeFiles\TestAi2_default_default_XC8_compile.dir\C_\Users\A76570\MPLABProjects\TestAi2\config.mcc\mcc_generated_files\i2c_host\src\twi0.c.o
 .debug_line    0x000000000000267b      0x1d5 CMakeFiles\TestAi2_default_default_XC8_compile.dir\C_\Users\A76570\MPLABProjects\TestAi2\config.mcc\mcc_generated_files\system\src\clock.c.o
 .debug_line    0x0000000000002850      0x11c CMakeFiles\TestAi2_default_default_XC8_compile.dir\C_\Users\A76570\MPLABProjects\TestAi2\config.mcc\mcc_generated_files\system\src\config_bits.c.o
 .debug_line    0x000000000000296c      0x1c1 CMakeFiles\TestAi2_default_default_XC8_compile.dir\C_\Users\A76570\MPLABProjects\TestAi2\config.mcc\mcc_generated_files\system\src\interrupt.c.o
 .debug_line    0x0000000000002b2d      0x527 CMakeFiles\TestAi2_default_default_XC8_compile.dir\C_\Users\A76570\MPLABProjects\TestAi2\config.mcc\mcc_generated_files\system\src\pins.c.o
 .debug_line    0x0000000000003054       0xbc CMakeFiles\TestAi2_default_default_XC8_compile.dir\C_\Users\A76570\MPLABProjects\TestAi2\config.mcc\mcc_generated_files\system\src\system.c.o
 .debug_line    0x0000000000003110      0x384 CMakeFiles\TestAi2_default_default_XC8_compile.dir\C_\Users\A76570\MPLABProjects\TestAi2\config.mcc\mcc_generated_files\timer\src\tca0.c.o
 .debug_line    0x0000000000003494      0x83f CMakeFiles\TestAi2_default_default_XC8_compile.dir\C_\Users\A76570\MPLABProjects\TestAi2\config.mcc\mcc_generated_files\uart\src\usart1.c.o
 .debug_line    0x0000000000003cd3      0x141 CMakeFiles\TestAi2_default_default_XC8_compile.dir\C_\Users\A76570\MPLABProjects\TestAi2\config.mcc\mcc_generated_files\vref\src\vref.c.o
 .debug_line    0x0000000000003e14      0x384 CMakeFiles\TestAi2_default_default_XC8_compile.dir\C_\Users\A76570\MPLABProjects\TestAi2\config.mcc\mcp23008.c.o
 .debug_line    0x0000000000004198      0x246 CMakeFiles\TestAi2_default_default_XC8_compile.dir\C_\Users\A76570\MPLABProjects\TestAi2\config.mcc\millis.c.o
 .debug_line    0x00000000000043de      0x2ba CMakeFiles\TestAi2_default_default_XC8_compile.dir\C_\Users\A76570\MPLABProjects\TestAi2\config.mcc\pot.c.o
 .debug_line    0x0000000000004698      0xaf9 CMakeFiles\TestAi2_default_default_XC8_compile.dir\C_\Users\A76570\MPLABProjects\TestAi2\config.mcc\ssd1306.c.o

.debug_frame    0x0000000000000000     0x20d8
 *(.debug_frame)
 .debug_frame   0x0000000000000000       0x90 CMakeFiles\TestAi2_default_default_XC8_compile.dir\C_\Users\A76570\MPLABProjects\TestAi2\config.mcc\bringup.c.o
 .debug_frame   0x0000000000000090      0x290 CMakeFiles\TestAi2_default_default_XC8_compile.dir\C_\Users\A76570\MPLABProjects\TestAi2\config.mcc\dino_game.c.o
 .debug_frame   0x0000000000000320      0x24c CMakeFiles\TestAi2_default_default_XC8_compile.dir\C_\Users\A76570\MPLABProjects\TestAi2\config.mcc\i2c_bus.c.o
 .debug_frame   0x000000000000056c       0x48 CMakeFiles\TestAi2_default_default_XC8_compile.dir\C_\Users\A76570\MPLABProjects\TestAi2\config.mcc\main.c.o
 .debug_frame   0x00000000000005b4      0x4bc CMakeFiles\TestAi2_default_default_XC8_compile.dir\C_\Users\A76570\MPLABProjects\TestAi2\config.mcc\mcc_generated_files\adc\src\adc0.c.o
 .debug_frame   0x0000000000000a70      0x364 CMakeFiles\TestAi2_default_default_XC8_compile.dir\C_\Users\A76570\MPLABProjects\TestAi2\config.mcc\mcc_generated_files\i2c_host\src\twi0.c.o
 .debug_frame   0x0000000000000dd4       0x54 CMakeFiles\TestAi2_default_default_XC8_compile.dir\C_\Users\A76570\MPLABProjects\TestAi2\config.mcc\mcc_generated_files\system\src\clock.c.o
 .debug_frame   0x0000000000000e28       0x54 CMakeFiles\TestAi2_default_default_XC8_compile.dir\C_\Users\A76570\MPLABProjects\TestAi2\config.mcc\mcc_generated_files\system\src\interrupt.c.o
 .debug_frame   0x0000000000000e7c      0x37c CMakeFiles\TestAi2_default_default_XC8_compile.dir\C_\Users\A76570\MPLABProjects\TestAi2\config.mcc\mcc_generated_files\system\src\pins.c.o
 .debug_frame   0x00000000000011f8       0x34 CMakeFiles\TestAi2_default_default_XC8_compile.dir\C_\Users\A76570\MPLABProjects\TestAi2\config.mcc\mcc_generated_files\system\src\system.c.o
 .debug_frame   0x000000000000122c      0x1b8 CMakeFiles\TestAi2_default_default_XC8_compile.dir\C_\Users\A76570\MPLABProjects\TestAi2\config.mcc\mcc_generated_files\timer\src\tca0.c.o
 .debug_frame   0x00000000000013e4      0x560 CMakeFiles\TestAi2_default_default_XC8_compile.dir\C_\Users\A76570\MPLABProjects\TestAi2\config.mcc\mcc_generated_files\uart\src\usart1.c.o
 .debug_frame   0x0000000000001944       0x34 CMakeFiles\TestAi2_default_default_XC8_compile.dir\C_\Users\A76570\MPLABProjects\TestAi2\config.mcc\mcc_generated_files\vref\src\vref.c.o
 .debug_frame   0x0000000000001978      0x194 CMakeFiles\TestAi2_default_default_XC8_compile.dir\C_\Users\A76570\MPLABProjects\TestAi2\config.mcc\mcp23008.c.o
 .debug_frame   0x0000000000001b0c      0x108 CMakeFiles\TestAi2_default_default_XC8_compile.dir\C_\Users\A76570\MPLABProjects\TestAi2\config.mcc\millis.c.o
 .debug_frame   0x0000000000001c14       0xe8 CMakeFiles\TestAi2_default_default_XC8_compile.dir\C_\Users\A76570\MPLABProjects\TestAi2\config.mcc\pot.c.o
 .debug_frame   0x0000000000001cfc      0x3dc CMakeFiles\TestAi2_default_default_XC8_compile.dir\C_\Users\A76570\MPLABProjects\TestAi2\config.mcc\ssd1306.c.o

.debug_str      0x0000000000000000     0x1587
 *(.debug_str)
 .debug_str     0x0000000000000000     0x1411 C:/Users/A76570/.mchp_packs/Microchip/AVR-Dx_DFP/2.8.343/xc8/avr/lib/avrxmega4/crtavr128da48.o
 .debug_str     0x0000000000001411        0x0 CMakeFiles\TestAi2_default_default_XC8_compile.dir\C_\Users\A76570\MPLABProjects\TestAi2\config.mcc\bringup.c.o
 .debug_str     0x0000000000001411        0xa CMakeFiles\TestAi2_default_default_XC8_compile.dir\C_\Users\A76570\MPLABProjects\TestAi2\config.mcc\dino_game.c.o
 .debug_str     0x000000000000141b        0x0 CMakeFiles\TestAi2_default_default_XC8_compile.dir\C_\Users\A76570\MPLABProjects\TestAi2\config.mcc\gfx_assets.c.o
 .debug_str     0x000000000000141b        0xd CMakeFiles\TestAi2_default_default_XC8_compile.dir\C_\Users\A76570\MPLABProjects\TestAi2\config.mcc\i2c_bus.c.o
 .debug_str     0x0000000000001428        0x0 CMakeFiles\TestAi2_default_default_XC8_compile.dir\C_\Users\A76570\MPLABProjects\TestAi2\config.mcc\main.c.o
 .debug_str     0x0000000000001428        0x9 CMakeFiles\TestAi2_default_default_XC8_compile.dir\C_\Users\A76570\MPLABProjects\TestAi2\config.mcc\mcc_generated_files\adc\src\adc0.c.o
 .debug_str     0x0000000000001431       0x42 CMakeFiles\TestAi2_default_default_XC8_compile.dir\C_\Users\A76570\MPLABProjects\TestAi2\config.mcc\mcc_generated_files\i2c_host\src\twi0.c.o
 .debug_str     0x0000000000001473        0x0 CMakeFiles\TestAi2_default_default_XC8_compile.dir\C_\Users\A76570\MPLABProjects\TestAi2\config.mcc\mcc_generated_files\system\src\clock.c.o
 .debug_str     0x0000000000001473        0x0 CMakeFiles\TestAi2_default_default_XC8_compile.dir\C_\Users\A76570\MPLABProjects\TestAi2\config.mcc\mcc_generated_files\system\src\config_bits.c.o
 .debug_str     0x0000000000001473        0x0 CMakeFiles\TestAi2_default_default_XC8_compile.dir\C_\Users\A76570\MPLABProjects\TestAi2\config.mcc\mcc_generated_files\system\src\interrupt.c.o
 .debug_str     0x0000000000001473       0x25 CMakeFiles\TestAi2_default_default_XC8_compile.dir\C_\Users\A76570\MPLABProjects\TestAi2\config.mcc\mcc_generated_files\system\src\pins.c.o
 .debug_str     0x0000000000001498        0x0 CMakeFiles\TestAi2_default_default_XC8_compile.dir\C_\Users\A76570\MPLABProjects\TestAi2\config.mcc\mcc_generated_files\system\src\system.c.o
 .debug_str     0x0000000000001498       0x52 CMakeFiles\TestAi2_default_default_XC8_compile.dir\C_\Users\A76570\MPLABProjects\TestAi2\config.mcc\mcc_generated_files\timer\src\tca0.c.o
 .debug_str     0x00000000000014ea       0x10 CMakeFiles\TestAi2_default_default_XC8_compile.dir\C_\Users\A76570\MPLABProjects\TestAi2\config.mcc\mcc_generated_files\uart\src\usart1.c.o
 .debug_str     0x00000000000014fa        0x0 CMakeFiles\TestAi2_default_default_XC8_compile.dir\C_\Users\A76570\MPLABProjects\TestAi2\config.mcc\mcc_generated_files\vref\src\vref.c.o
 .debug_str     0x00000000000014fa        0x0 CMakeFiles\TestAi2_default_default_XC8_compile.dir\C_\Users\A76570\MPLABProjects\TestAi2\config.mcc\mcp23008.c.o
 .debug_str     0x00000000000014fa       0x52 CMakeFiles\TestAi2_default_default_XC8_compile.dir\C_\Users\A76570\MPLABProjects\TestAi2\config.mcc\millis.c.o
 .debug_str     0x000000000000154c       0x16 CMakeFiles\TestAi2_default_default_XC8_compile.dir\C_\Users\A76570\MPLABProjects\TestAi2\config.mcc\pot.c.o
 .debug_str     0x0000000000001562       0x25 CMakeFiles\TestAi2_default_default_XC8_compile.dir\C_\Users\A76570\MPLABProjects\TestAi2\config.mcc\ssd1306.c.o

.debug_loc
 *(.debug_loc)

.debug_macinfo
 *(.debug_macinfo)

.debug_weaknames
 *(.debug_weaknames)

.debug_funcnames
 *(.debug_funcnames)

.debug_typenames
 *(.debug_typenames)

.debug_varnames
 *(.debug_varnames)

.debug_pubtypes
 *(.debug_pubtypes)

.debug_ranges   0x0000000000000000      0x788
 *(.debug_ranges)
 .debug_ranges  0x0000000000000000       0x20 CMakeFiles\TestAi2_default_default_XC8_compile.dir\C_\Users\A76570\MPLABProjects\TestAi2\config.mcc\bringup.c.o
 .debug_ranges  0x0000000000000020       0x98 CMakeFiles\TestAi2_default_default_XC8_compile.dir\C_\Users\A76570\MPLABProjects\TestAi2\config.mcc\dino_game.c.o
 .debug_ranges  0x00000000000000b8       0x80 CMakeFiles\TestAi2_default_default_XC8_compile.dir\C_\Users\A76570\MPLABProjects\TestAi2\config.mcc\i2c_bus.c.o
 .debug_ranges  0x0000000000000138       0x10 CMakeFiles\TestAi2_default_default_XC8_compile.dir\C_\Users\A76570\MPLABProjects\TestAi2\config.mcc\main.c.o
 .debug_ranges  0x0000000000000148      0x110 CMakeFiles\TestAi2_default_default_XC8_compile.dir\C_\Users\A76570\MPLABProjects\TestAi2\config.mcc\mcc_generated_files\adc\src\adc0.c.o
 .debug_ranges  0x0000000000000258       0xc8 CMakeFiles\TestAi2_default_default_XC8_compile.dir\C_\Users\A76570\MPLABProjects\TestAi2\config.mcc\mcc_generated_files\i2c_host\src\twi0.c.o
 .debug_ranges  0x0000000000000320       0x18 CMakeFiles\TestAi2_default_default_XC8_compile.dir\C_\Users\A76570\MPLABProjects\TestAi2\config.mcc\mcc_generated_files\system\src\clock.c.o
 .debug_ranges  0x0000000000000338       0x18 CMakeFiles\TestAi2_default_default_XC8_compile.dir\C_\Users\A76570\MPLABProjects\TestAi2\config.mcc\mcc_generated_files\system\src\interrupt.c.o
 .debug_ranges  0x0000000000000350       0xa0 CMakeFiles\TestAi2_default_default_XC8_compile.dir\C_\Users\A76570\MPLABProjects\TestAi2\config.mcc\mcc_generated_files\system\src\pins.c.o
 .debug_ranges  0x00000000000003f0       0x10 CMakeFiles\TestAi2_default_default_XC8_compile.dir\C_\Users\A76570\MPLABProjects\TestAi2\config.mcc\mcc_generated_files\system\src\system.c.o
 .debug_ranges  0x0000000000000400       0x60 CMakeFiles\TestAi2_default_default_XC8_compile.dir\C_\Users\A76570\MPLABProjects\TestAi2\config.mcc\mcc_generated_files\timer\src\tca0.c.o
 .debug_ranges  0x0000000000000460      0x128 CMakeFiles\TestAi2_default_default_XC8_compile.dir\C_\Users\A76570\MPLABProjects\TestAi2\config.mcc\mcc_generated_files\uart\src\usart1.c.o
 .debug_ranges  0x0000000000000588       0x10 CMakeFiles\TestAi2_default_default_XC8_compile.dir\C_\Users\A76570\MPLABProjects\TestAi2\config.mcc\mcc_generated_files\vref\src\vref.c.o
 .debug_ranges  0x0000000000000598       0x70 CMakeFiles\TestAi2_default_default_XC8_compile.dir\C_\Users\A76570\MPLABProjects\TestAi2\config.mcc\mcp23008.c.o
 .debug_ranges  0x0000000000000608       0x40 CMakeFiles\TestAi2_default_default_XC8_compile.dir\C_\Users\A76570\MPLABProjects\TestAi2\config.mcc\millis.c.o
 .debug_ranges  0x0000000000000648       0x38 CMakeFiles\TestAi2_default_default_XC8_compile.dir\C_\Users\A76570\MPLABProjects\TestAi2\config.mcc\pot.c.o
 .debug_ranges  0x0000000000000680      0x108 CMakeFiles\TestAi2_default_default_XC8_compile.dir\C_\Users\A76570\MPLABProjects\TestAi2\config.mcc\ssd1306.c.o

.debug_macro
 *(.debug_macro)
OUTPUT(C:\Users\A76570\MPLABProjects\TestAi2\out\TestAi2\default.elf elf32-avr)
LOAD linker stubs
LOAD data_init

.note.gnu.avr.deviceinfo
                0x0000000000000000       0x40
 .note.gnu.avr.deviceinfo
                0x0000000000000000       0x40 C:/Users/A76570/.mchp_packs/Microchip/AVR-Dx_DFP/2.8.343/xc8/avr/lib/avrxmega4/crtavr128da48.o

.bss.bringupLastFrame
                0x0000000000804cb4        0x4
 .bss.bringupLastFrame
                0x0000000000804cb4        0x4 CMakeFiles\TestAi2_default_default_XC8_compile.dir\C_\Users\A76570\MPLABProjects\TestAi2\config.mcc\bringup.c.o

.bss.bringupFpsWindow
                0x0000000000804cb8        0x4
 .bss.bringupFpsWindow
                0x0000000000804cb8        0x4 CMakeFiles\TestAi2_default_default_XC8_compile.dir\C_\Users\A76570\MPLABProjects\TestAi2\config.mcc\bringup.c.o

.bss.bringupFrameCount
                0x0000000000804cfb        0x2
 .bss.bringupFrameCount
                0x0000000000804cfb        0x2 CMakeFiles\TestAi2_default_default_XC8_compile.dir\C_\Users\A76570\MPLABProjects\TestAi2\config.mcc\bringup.c.o

.bss.bringupFps
                0x0000000000804cfd        0x2
 .bss.bringupFps
                0x0000000000804cfd        0x2 CMakeFiles\TestAi2_default_default_XC8_compile.dir\C_\Users\A76570\MPLABProjects\TestAi2\config.mcc\bringup.c.o

.bss.gameState  0x0000000000804d3b        0x1
 .bss.gameState
                0x0000000000804d3b        0x1 CMakeFiles\TestAi2_default_default_XC8_compile.dir\C_\Users\A76570\MPLABProjects\TestAi2\config.mcc\dino_game.c.o

.bss.dinoVelocity
                0x0000000000804d01        0x2
 .bss.dinoVelocity
                0x0000000000804d01        0x2 CMakeFiles\TestAi2_default_default_XC8_compile.dir\C_\Users\A76570\MPLABProjects\TestAi2\config.mcc\dino_game.c.o

.bss.dinoAirborne
                0x0000000000804d3c        0x1
 .bss.dinoAirborne
                0x0000000000804d3c        0x1 CMakeFiles\TestAi2_default_default_XC8_compile.dir\C_\Users\A76570\MPLABProjects\TestAi2\config.mcc\dino_game.c.o

.bss.jumpVelocity
                0x0000000000804d03        0x2
 .bss.jumpVelocity
                0x0000000000804d03        0x2 CMakeFiles\TestAi2_default_default_XC8_compile.dir\C_\Users\A76570\MPLABProjects\TestAi2\config.mcc\dino_game.c.o

.bss.obstacles  0x0000000000804c82        0xf
 .bss.obstacles
                0x0000000000804c82        0xf CMakeFiles\TestAi2_default_default_XC8_compile.dir\C_\Users\A76570\MPLABProjects\TestAi2\config.mcc\dino_game.c.o

.bss.gameScore  0x0000000000804d09        0x2
 .bss.gameScore
                0x0000000000804d09        0x2 CMakeFiles\TestAi2_default_default_XC8_compile.dir\C_\Users\A76570\MPLABProjects\TestAi2\config.mcc\dino_game.c.o

.bss.gameHighScore
                0x0000000000804d0b        0x2
 .bss.gameHighScore
                0x0000000000804d0b        0x2 CMakeFiles\TestAi2_default_default_XC8_compile.dir\C_\Users\A76570\MPLABProjects\TestAi2\config.mcc\dino_game.c.o

.bss.distanceAccumulator
                0x0000000000804cbc        0x4
 .bss.distanceAccumulator
                0x0000000000804cbc        0x4 CMakeFiles\TestAi2_default_default_XC8_compile.dir\C_\Users\A76570\MPLABProjects\TestAi2\config.mcc\dino_game.c.o

.bss.runFrame   0x0000000000804d3d        0x1
 .bss.runFrame  0x0000000000804d3d        0x1 CMakeFiles\TestAi2_default_default_XC8_compile.dir\C_\Users\A76570\MPLABProjects\TestAi2\config.mcc\dino_game.c.o

.bss.runFrameTimer
                0x0000000000804d3e        0x1
 .bss.runFrameTimer
                0x0000000000804d3e        0x1 CMakeFiles\TestAi2_default_default_XC8_compile.dir\C_\Users\A76570\MPLABProjects\TestAi2\config.mcc\dino_game.c.o

.bss.groundOffset
                0x0000000000804d3f        0x1
 .bss.groundOffset
                0x0000000000804d3f        0x1 CMakeFiles\TestAi2_default_default_XC8_compile.dir\C_\Users\A76570\MPLABProjects\TestAi2\config.mcc\dino_game.c.o

.bss.lastTick   0x0000000000804cc0        0x4
 .bss.lastTick  0x0000000000804cc0        0x4 CMakeFiles\TestAi2_default_default_XC8_compile.dir\C_\Users\A76570\MPLABProjects\TestAi2\config.mcc\dino_game.c.o

.bss.lastFrame  0x0000000000804cc4        0x4
 .bss.lastFrame
                0x0000000000804cc4        0x4 CMakeFiles\TestAi2_default_default_XC8_compile.dir\C_\Users\A76570\MPLABProjects\TestAi2\config.mcc\dino_game.c.o

.bss.rngSeeded  0x0000000000804d41        0x1
 .bss.rngSeeded
                0x0000000000804d41        0x1 CMakeFiles\TestAi2_default_default_XC8_compile.dir\C_\Users\A76570\MPLABProjects\TestAi2\config.mcc\dino_game.c.o

.bss.i2cCurrentSpeed
                0x0000000000804ce0        0x4
 .bss.i2cCurrentSpeed
                0x0000000000804ce0        0x4 CMakeFiles\TestAi2_default_default_XC8_compile.dir\C_\Users\A76570\MPLABProjects\TestAi2\config.mcc\i2c_bus.c.o

.bss.i2cLastError
                0x0000000000804d42        0x1
 .bss.i2cLastError
                0x0000000000804d42        0x1 CMakeFiles\TestAi2_default_default_XC8_compile.dir\C_\Users\A76570\MPLABProjects\TestAi2\config.mcc\i2c_bus.c.o

.bss.ADC0_ConversionDoneCallback
                0x0000000000804d13        0x2
 .bss.ADC0_ConversionDoneCallback
                0x0000000000804d13        0x2 CMakeFiles\TestAi2_default_default_XC8_compile.dir\C_\Users\A76570\MPLABProjects\TestAi2\config.mcc\mcc_generated_files\adc\src\adc0.c.o

.bss.ADC0_ThresholdCallback
                0x0000000000804d15        0x2
 .bss.ADC0_ThresholdCallback
                0x0000000000804d15        0x2 CMakeFiles\TestAi2_default_default_XC8_compile.dir\C_\Users\A76570\MPLABProjects\TestAi2\config.mcc\mcc_generated_files\adc\src\adc0.c.o

.bss.TWI0_Callback
                0x0000000000804d17        0x2
 .bss.TWI0_Callback
                0x0000000000804d17        0x2 CMakeFiles\TestAi2_default_default_XC8_compile.dir\C_\Users\A76570\MPLABProjects\TestAi2\config.mcc\mcc_generated_files\i2c_host\src\twi0.c.o

.bss.twi0_Status
                0x0000000000804c91        0xe
 .bss.twi0_Status
                0x0000000000804c91        0xe CMakeFiles\TestAi2_default_default_XC8_compile.dir\C_\Users\A76570\MPLABProjects\TestAi2\config.mcc\mcc_generated_files\i2c_host\src\twi0.c.o

.bss.IO_PD7_InterruptHandler
                0x0000000000804d19        0x2
 .bss.IO_PD7_InterruptHandler
                0x0000000000804d19        0x2 CMakeFiles\TestAi2_default_default_XC8_compile.dir\C_\Users\A76570\MPLABProjects\TestAi2\config.mcc\mcc_generated_files\system\src\pins.c.o

.bss.IO_PC1_InterruptHandler
                0x0000000000804d1b        0x2
 .bss.IO_PC1_InterruptHandler
                0x0000000000804d1b        0x2 CMakeFiles\TestAi2_default_default_XC8_compile.dir\C_\Users\A76570\MPLABProjects\TestAi2\config.mcc\mcc_generated_files\system\src\pins.c.o

.bss.IO_PC0_InterruptHandler
                0x0000000000804d1d        0x2
 .bss.IO_PC0_InterruptHandler
                0x0000000000804d1d        0x2 CMakeFiles\TestAi2_default_default_XC8_compile.dir\C_\Users\A76570\MPLABProjects\TestAi2\config.mcc\mcc_generated_files\system\src\pins.c.o

.bss.IO_PC3_InterruptHandler
                0x0000000000804d1f        0x2
 .bss.IO_PC3_InterruptHandler
                0x0000000000804d1f        0x2 CMakeFiles\TestAi2_default_default_XC8_compile.dir\C_\Users\A76570\MPLABProjects\TestAi2\config.mcc\mcc_generated_files\system\src\pins.c.o

.bss.IO_PC2_InterruptHandler
                0x0000000000804d21        0x2
 .bss.IO_PC2_InterruptHandler
                0x0000000000804d21        0x2 CMakeFiles\TestAi2_default_default_XC8_compile.dir\C_\Users\A76570\MPLABProjects\TestAi2\config.mcc\mcc_generated_files\system\src\pins.c.o

.bss.IO_PC6_InterruptHandler
                0x0000000000804d23        0x2
 .bss.IO_PC6_InterruptHandler
                0x0000000000804d23        0x2 CMakeFiles\TestAi2_default_default_XC8_compile.dir\C_\Users\A76570\MPLABProjects\TestAi2\config.mcc\mcc_generated_files\system\src\pins.c.o

.bss.TCA0_OverflowCallback
                0x0000000000804d25        0x2
 .bss.TCA0_OverflowCallback
                0x0000000000804d25        0x2 CMakeFiles\TestAi2_default_default_XC8_compile.dir\C_\Users\A76570\MPLABProjects\TestAi2\config.mcc\mcc_generated_files\timer\src\tca0.c.o

.bss.usart1TxHead
                0x0000000000804d43        0x1
 .bss.usart1TxHead
                0x0000000000804d43        0x1 CMakeFiles\TestAi2_default_default_XC8_compile.dir\C_\Users\A76570\MPLABProjects\TestAi2\config.mcc\mcc_generated_files\uart\src\usart1.c.o

.bss.usart1TxTail
                0x0000000000804d44        0x1
 .bss.usart1TxTail
                0x0000000000804d44        0x1 CMakeFiles\TestAi2_default_default_XC8_compile.dir\C_\Users\A76570\MPLABProjects\TestAi2\config.mcc\mcc_generated_files\uart\src\usart1.c.o

.bss.usart1TxBufferRemaining
                0x0000000000804d45        0x1
 .bss.usart1TxBufferRemaining
                0x0000000000804d45        0x1 CMakeFiles\TestAi2_default_default_XC8_compile.dir\C_\Users\A76570\MPLABProjects\TestAi2\config.mcc\mcc_generated_files\uart\src\usart1.c.o

.bss.usart1TxBuffer
                0x0000000000804bbd       0x20
 .bss.usart1TxBuffer
                0x0000000000804bbd       0x20 CMakeFiles\TestAi2_default_default_XC8_compile.dir\C_\Users\A76570\MPLABProjects\TestAi2\config.mcc\mcc_generated_files\uart\src\usart1.c.o

.bss.usart1IsTxComplete
                0x0000000000804d46        0x1
 .bss.usart1IsTxComplete
                0x0000000000804d46        0x1 CMakeFiles\TestAi2_default_default_XC8_compile.dir\C_\Users\A76570\MPLABProjects\TestAi2\config.mcc\mcc_generated_files\uart\src\usart1.c.o

.bss.usart1RxHead
                0x0000000000804d47        0x1
 .bss.usart1RxHead
                0x0000000000804d47        0x1 CMakeFiles\TestAi2_default_default_XC8_compile.dir\C_\Users\A76570\MPLABProjects\TestAi2\config.mcc\mcc_generated_files\uart\src\usart1.c.o

.bss.usart1RxTail
                0x0000000000804d48        0x1
 .bss.usart1RxTail
                0x0000000000804d48        0x1 CMakeFiles\TestAi2_default_default_XC8_compile.dir\C_\Users\A76570\MPLABProjects\TestAi2\config.mcc\mcc_generated_files\uart\src\usart1.c.o

.bss.usart1RxCount
                0x0000000000804d49        0x1
 .bss.usart1RxCount
                0x0000000000804d49        0x1 CMakeFiles\TestAi2_default_default_XC8_compile.dir\C_\Users\A76570\MPLABProjects\TestAi2\config.mcc\mcc_generated_files\uart\src\usart1.c.o

.bss.usart1RxBuffer
                0x0000000000804c9f        0x8
 .bss.usart1RxBuffer
                0x0000000000804c9f        0x8 CMakeFiles\TestAi2_default_default_XC8_compile.dir\C_\Users\A76570\MPLABProjects\TestAi2\config.mcc\mcc_generated_files\uart\src\usart1.c.o

.bss.usart1RxStatusBuffer
                0x0000000000804c62       0x10
 .bss.usart1RxStatusBuffer
                0x0000000000804c62       0x10 CMakeFiles\TestAi2_default_default_XC8_compile.dir\C_\Users\A76570\MPLABProjects\TestAi2\config.mcc\mcc_generated_files\uart\src\usart1.c.o

.bss.usart1RxLastError
                0x0000000000804d27        0x2
 .bss.usart1RxLastError
                0x0000000000804d27        0x2 CMakeFiles\TestAi2_default_default_XC8_compile.dir\C_\Users\A76570\MPLABProjects\TestAi2\config.mcc\mcc_generated_files\uart\src\usart1.c.o

.bss.USART1_FramingErrorHandler
                0x0000000000804d29        0x2
 .bss.USART1_FramingErrorHandler
                0x0000000000804d29        0x2 CMakeFiles\TestAi2_default_default_XC8_compile.dir\C_\Users\A76570\MPLABProjects\TestAi2\config.mcc\mcc_generated_files\uart\src\usart1.c.o

.bss.USART1_OverrunErrorHandler
                0x0000000000804d2b        0x2
 .bss.USART1_OverrunErrorHandler
                0x0000000000804d2b        0x2 CMakeFiles\TestAi2_default_default_XC8_compile.dir\C_\Users\A76570\MPLABProjects\TestAi2\config.mcc\mcc_generated_files\uart\src\usart1.c.o

.bss.USART1_ParityErrorHandler
                0x0000000000804d2d        0x2
 .bss.USART1_ParityErrorHandler
                0x0000000000804d2d        0x2 CMakeFiles\TestAi2_default_default_XC8_compile.dir\C_\Users\A76570\MPLABProjects\TestAi2\config.mcc\mcc_generated_files\uart\src\usart1.c.o

.bss.USART1_TxCompleteInterruptHandler
                0x0000000000804d2f        0x2
 .bss.USART1_TxCompleteInterruptHandler
                0x0000000000804d2f        0x2 CMakeFiles\TestAi2_default_default_XC8_compile.dir\C_\Users\A76570\MPLABProjects\TestAi2\config.mcc\mcc_generated_files\uart\src\usart1.c.o

.bss.USART1_RxCompleteInterruptHandler
                0x0000000000804d31        0x2
 .bss.USART1_RxCompleteInterruptHandler
                0x0000000000804d31        0x2 CMakeFiles\TestAi2_default_default_XC8_compile.dir\C_\Users\A76570\MPLABProjects\TestAi2\config.mcc\mcc_generated_files\uart\src\usart1.c.o

.bss.mcpDebounced
                0x0000000000804d4b        0x1
 .bss.mcpDebounced
                0x0000000000804d4b        0x1 CMakeFiles\TestAi2_default_default_XC8_compile.dir\C_\Users\A76570\MPLABProjects\TestAi2\config.mcc\mcp23008.c.o

.bss.mcpHistory
                0x0000000000804cf8        0x3
 .bss.mcpHistory
                0x0000000000804cf8        0x3 CMakeFiles\TestAi2_default_default_XC8_compile.dir\C_\Users\A76570\MPLABProjects\TestAi2\config.mcc\mcp23008.c.o

.bss.mcpHistoryIndex
                0x0000000000804d4c        0x1
 .bss.mcpHistoryIndex
                0x0000000000804d4c        0x1 CMakeFiles\TestAi2_default_default_XC8_compile.dir\C_\Users\A76570\MPLABProjects\TestAi2\config.mcc\mcp23008.c.o

.bss.mcpPressedLatch
                0x0000000000804d4d        0x1
 .bss.mcpPressedLatch
                0x0000000000804d4d        0x1 CMakeFiles\TestAi2_default_default_XC8_compile.dir\C_\Users\A76570\MPLABProjects\TestAi2\config.mcc\mcp23008.c.o

.bss.mcpReleasedLatch
                0x0000000000804d4e        0x1
 .bss.mcpReleasedLatch
                0x0000000000804d4e        0x1 CMakeFiles\TestAi2_default_default_XC8_compile.dir\C_\Users\A76570\MPLABProjects\TestAi2\config.mcc\mcp23008.c.o

.bss.mcpLastPoll
                0x0000000000804ce4        0x4
 .bss.mcpLastPoll
                0x0000000000804ce4        0x4 CMakeFiles\TestAi2_default_default_XC8_compile.dir\C_\Users\A76570\MPLABProjects\TestAi2\config.mcc\mcp23008.c.o

.bss.mcpOnline  0x0000000000804d4f        0x1
 .bss.mcpOnline
                0x0000000000804d4f        0x1 CMakeFiles\TestAi2_default_default_XC8_compile.dir\C_\Users\A76570\MPLABProjects\TestAi2\config.mcc\mcp23008.c.o

.bss.millisCounter
                0x0000000000804cec        0x4
 .bss.millisCounter
                0x0000000000804cec        0x4 CMakeFiles\TestAi2_default_default_XC8_compile.dir\C_\Users\A76570\MPLABProjects\TestAi2\config.mcc\millis.c.o

.bss.potAverage
                0x0000000000804d33        0x2
 .bss.potAverage
                0x0000000000804d33        0x2 CMakeFiles\TestAi2_default_default_XC8_compile.dir\C_\Users\A76570\MPLABProjects\TestAi2\config.mcc\pot.c.o

.bss.potBusy    0x0000000000804d50        0x1
 .bss.potBusy   0x0000000000804d50        0x1 CMakeFiles\TestAi2_default_default_XC8_compile.dir\C_\Users\A76570\MPLABProjects\TestAi2\config.mcc\pot.c.o

.bss.potLastSample
                0x0000000000804cf0        0x4
 .bss.potLastSample
                0x0000000000804cf0        0x4 CMakeFiles\TestAi2_default_default_XC8_compile.dir\C_\Users\A76570\MPLABProjects\TestAi2\config.mcc\pot.c.o

.bss.ssd1306Buffer
                0x0000000000804449      0x401
 .bss.ssd1306Buffer
                0x0000000000804449      0x401 CMakeFiles\TestAi2_default_default_XC8_compile.dir\C_\Users\A76570\MPLABProjects\TestAi2\config.mcc\ssd1306.c.o

.bss.ssd1306DirtyPages
                0x0000000000804d51        0x1
 .bss.ssd1306DirtyPages
                0x0000000000804d51        0x1 CMakeFiles\TestAi2_default_default_XC8_compile.dir\C_\Users\A76570\MPLABProjects\TestAi2\config.mcc\ssd1306.c.o

.bss.ssd1306InitFailError
                0x0000000000804d53        0x1
 .bss.ssd1306InitFailError
                0x0000000000804d53        0x1 CMakeFiles\TestAi2_default_default_XC8_compile.dir\C_\Users\A76570\MPLABProjects\TestAi2\config.mcc\ssd1306.c.o

.bss.__stdout   0x0000000000804d37        0x2
 .bss.__stdout  0x0000000000804d37        0x2 c:/progra~1/microc~1/xc8/v3.10/avr/bin/../lib/gcc/avr/5.4.0/../../../../avr/lib/avrxmega4\libc.a(stdout.o)

.text.main      0x0000000000000206      0x70e
 .text.main     0x0000000000000206      0x70e CMakeFiles\TestAi2_default_default_XC8_compile.dir\C_\Users\A76570\MPLABProjects\TestAi2\config.mcc\main.c.o
                0x0000000000000206                main

.text.BRINGUP_Tasks
                0x0000000000000914      0x3fc
 .text.BRINGUP_Tasks
                0x0000000000000914      0x3fc CMakeFiles\TestAi2_default_default_XC8_compile.dir\C_\Users\A76570\MPLABProjects\TestAi2\config.mcc\bringup.c.o
                0x0000000000000914                BRINGUP_Tasks

.text.vfpfcnvrt
                0x0000000000000d10      0x3fc
 .text.vfpfcnvrt
                0x0000000000000d10      0x3fc c:/progra~1/microc~1/xc8/v3.10/avr/bin/../lib/gcc/avr/5.4.0/../../../../avr/lib/avrxmega4\libc.a(__printf_core.o)
                0x0000000000000d10                vfpfcnvrt

.text.GAME_Step
                0x000000000000110c      0x3d4
 .text.GAME_Step
                0x000000000000110c      0x3d4 CMakeFiles\TestAi2_default_default_XC8_compile.dir\C_\Users\A76570\MPLABProjects\TestAi2\config.mcc\dino_game.c.o

.text.PIN_MANAGER_Initialize
                0x00000000000014e0      0x27e
 .text.PIN_MANAGER_Initialize
                0x00000000000014e0      0x27e CMakeFiles\TestAi2_default_default_XC8_compile.dir\C_\Users\A76570\MPLABProjects\TestAi2\config.mcc\mcc_generated_files\system\src\pins.c.o
                0x00000000000014e0                PIN_MANAGER_Initialize

.text.GAME_Render
                0x000000000000175e      0x26c
 .text.GAME_Render
                0x000000000000175e      0x26c CMakeFiles\TestAi2_default_default_XC8_compile.dir\C_\Users\A76570\MPLABProjects\TestAi2\config.mcc\dino_game.c.o

.text.SSD1306_SpriteDraw
                0x00000000000019ca      0x22a
 .text.SSD1306_SpriteDraw
                0x00000000000019ca      0x22a CMakeFiles\TestAi2_default_default_XC8_compile.dir\C_\Users\A76570\MPLABProjects\TestAi2\config.mcc\ssd1306.c.o
                0x00000000000019ca                SSD1306_SpriteDraw

.text.__fmt_x   0x0000000000001bf4      0x1dc
 .text.__fmt_x  0x0000000000001bf4      0x1dc c:/progra~1/microc~1/xc8/v3.10/avr/bin/../lib/gcc/avr/5.4.0/../../../../avr/lib/avrxmega4\libc.a(__fmt_x.o)
                0x0000000000001bf4                __fmt_x_needed
                0x0000000000001bf4                __fmt_x

.text.SSD1306_TextDrawUint
                0x0000000000001dd0      0x188
 .text.SSD1306_TextDrawUint
                0x0000000000001dd0      0x188 CMakeFiles\TestAi2_default_default_XC8_compile.dir\C_\Users\A76570\MPLABProjects\TestAi2\config.mcc\ssd1306.c.o
                0x0000000000001dd0                SSD1306_TextDrawUint

.text.SSD1306_Update
                0x0000000000001f58      0x176
 .text.SSD1306_Update
                0x0000000000001f58      0x176 CMakeFiles\TestAi2_default_default_XC8_compile.dir\C_\Users\A76570\MPLABProjects\TestAi2\config.mcc\ssd1306.c.o
                0x0000000000001f58                SSD1306_Update

.text.GAME_ObstacleSpawn
                0x00000000000020ce      0x162
 .text.GAME_ObstacleSpawn
                0x00000000000020ce      0x162 CMakeFiles\TestAi2_default_default_XC8_compile.dir\C_\Users\A76570\MPLABProjects\TestAi2\config.mcc\dino_game.c.o

.text.SSD1306_TextDraw
                0x0000000000002230      0x14a
 .text.SSD1306_TextDraw
                0x0000000000002230      0x14a CMakeFiles\TestAi2_default_default_XC8_compile.dir\C_\Users\A76570\MPLABProjects\TestAi2\config.mcc\ssd1306.c.o
                0x0000000000002230                SSD1306_TextDraw

.text.USART1_ReceiveISR
                0x000000000000237a      0x146
 .text.USART1_ReceiveISR
                0x000000000000237a      0x146 CMakeFiles\TestAi2_default_default_XC8_compile.dir\C_\Users\A76570\MPLABProjects\TestAi2\config.mcc\mcc_generated_files\uart\src\usart1.c.o
                0x000000000000237a                USART1_ReceiveISR

.text.GAME_JumpVelocityFor
                0x00000000000024c0      0x144
 .text.GAME_JumpVelocityFor
                0x00000000000024c0      0x144 CMakeFiles\TestAi2_default_default_XC8_compile.dir\C_\Users\A76570\MPLABProjects\TestAi2\config.mcc\dino_game.c.o

.text.MCP23008_Tasks
                0x0000000000002604      0x144
 .text.MCP23008_Tasks
                0x0000000000002604      0x144 CMakeFiles\TestAi2_default_default_XC8_compile.dir\C_\Users\A76570\MPLABProjects\TestAi2\config.mcc\mcp23008.c.o
                0x0000000000002604                MCP23008_Tasks

.text.GAME_Initialize
                0x0000000000002748      0x142
 .text.GAME_Initialize
                0x0000000000002748      0x142 CMakeFiles\TestAi2_default_default_XC8_compile.dir\C_\Users\A76570\MPLABProjects\TestAi2\config.mcc\dino_game.c.o
                0x0000000000002748                GAME_Initialize

.text.GAME_Tasks
                0x000000000000288a      0x13c
 .text.GAME_Tasks
                0x000000000000288a      0x13c CMakeFiles\TestAi2_default_default_XC8_compile.dir\C_\Users\A76570\MPLABProjects\TestAi2\config.mcc\dino_game.c.o
                0x000000000000288a                GAME_Tasks

.text.SSD1306_PixelDraw
                0x00000000000029c6      0x126
 .text.SSD1306_PixelDraw
                0x00000000000029c6      0x126 CMakeFiles\TestAi2_default_default_XC8_compile.dir\C_\Users\A76570\MPLABProjects\TestAi2\config.mcc\ssd1306.c.o
                0x00000000000029c6                SSD1306_PixelDraw

.text.SSD1306_VSpanDraw
                0x0000000000002aec      0x122
 .text.SSD1306_VSpanDraw
                0x0000000000002aec      0x122 CMakeFiles\TestAi2_default_default_XC8_compile.dir\C_\Users\A76570\MPLABProjects\TestAi2\config.mcc\ssd1306.c.o

.text.I2C_SpeedSet
                0x0000000000002c0e      0x120
 .text.I2C_SpeedSet
                0x0000000000002c0e      0x120 CMakeFiles\TestAi2_default_default_XC8_compile.dir\C_\Users\A76570\MPLABProjects\TestAi2\config.mcc\i2c_bus.c.o
                0x0000000000002c0e                I2C_SpeedSet

.text.GAME_HasCollided
                0x0000000000002d2e      0x116
 .text.GAME_HasCollided
                0x0000000000002d2e      0x116 CMakeFiles\TestAi2_default_default_XC8_compile.dir\C_\Users\A76570\MPLABProjects\TestAi2\config.mcc\dino_game.c.o

.text.MCP23008_Initialize
                0x0000000000002e44      0x114
 .text.MCP23008_Initialize
                0x0000000000002e44      0x114 CMakeFiles\TestAi2_default_default_XC8_compile.dir\C_\Users\A76570\MPLABProjects\TestAi2\config.mcc\mcp23008.c.o
                0x0000000000002e44                MCP23008_Initialize

.text.__vector_29
                0x0000000000002f58      0x104
 .text.__vector_29
                0x0000000000002f58      0x104 CMakeFiles\TestAi2_default_default_XC8_compile.dir\C_\Users\A76570\MPLABProjects\TestAi2\config.mcc\mcc_generated_files\system\src\pins.c.o
                0x0000000000002f58                __vector_29

.text.I2C_TimeoutCalc
                0x000000000000305c       0xfa
 .text.I2C_TimeoutCalc
                0x000000000000305c       0xfa CMakeFiles\TestAi2_default_default_XC8_compile.dir\C_\Users\A76570\MPLABProjects\TestAi2\config.mcc\i2c_bus.c.o

.text.GAME_Sqrt
                0x0000000000003156       0xf8
 .text.GAME_Sqrt
                0x0000000000003156       0xf8 CMakeFiles\TestAi2_default_default_XC8_compile.dir\C_\Users\A76570\MPLABProjects\TestAi2\config.mcc\dino_game.c.o

.text.SSD1306_Initialize
                0x000000000000324e       0xea
 .text.SSD1306_Initialize
                0x000000000000324e       0xea CMakeFiles\TestAi2_default_default_XC8_compile.dir\C_\Users\A76570\MPLABProjects\TestAi2\config.mcc\ssd1306.c.o
                0x000000000000324e                SSD1306_Initialize

.text.TWI0_ErrorEventHandler
                0x0000000000003338       0xe8
 .text.TWI0_ErrorEventHandler
                0x0000000000003338       0xe8 CMakeFiles\TestAi2_default_default_XC8_compile.dir\C_\Users\A76570\MPLABProjects\TestAi2\config.mcc\mcc_generated_files\i2c_host\src\twi0.c.o

.text.SSD1306_MaskApply
                0x0000000000003420       0xe8
 .text.SSD1306_MaskApply
                0x0000000000003420       0xe8 CMakeFiles\TestAi2_default_default_XC8_compile.dir\C_\Users\A76570\MPLABProjects\TestAi2\config.mcc\ssd1306.c.o

.text.__fmt_d   0x0000000000003508       0xe4
 .text.__fmt_d  0x0000000000003508       0xe4 c:/progra~1/microc~1/xc8/v3.10/avr/bin/../lib/gcc/avr/5.4.0/../../../../avr/lib/avrxmega4\libc.a(__fmt_d.o)
                0x0000000000003508                __fmt_d
                0x0000000000003508                __fmt_d_needed

.text.I2C_MBaudFor
                0x00000000000035ec       0xe2
 .text.I2C_MBaudFor
                0x00000000000035ec       0xe2 CMakeFiles\TestAi2_default_default_XC8_compile.dir\C_\Users\A76570\MPLABProjects\TestAi2\config.mcc\i2c_bus.c.o
                0x00000000000035ec                I2C_MBaudFor

.text.USART1_Initialize
                0x00000000000036ce       0xd8
 .text.USART1_Initialize
                0x00000000000036ce       0xd8 CMakeFiles\TestAi2_default_default_XC8_compile.dir\C_\Users\A76570\MPLABProjects\TestAi2\config.mcc\mcc_generated_files\uart\src\usart1.c.o
                0x00000000000036ce                USART1_Initialize

.text.I2C_EVENT_RX
                0x00000000000037a6       0xd0
 .text.I2C_EVENT_RX
                0x00000000000037a6       0xd0 CMakeFiles\TestAi2_default_default_XC8_compile.dir\C_\Users\A76570\MPLABProjects\TestAi2\config.mcc\mcc_generated_files\i2c_host\src\twi0.c.o

.text.__pop_int
                0x0000000000003876       0xd0
 .text.__pop_int
                0x0000000000003876       0xd0 c:/progra~1/microc~1/xc8/v3.10/avr/bin/../lib/gcc/avr/5.4.0/../../../../avr/lib/avrxmega4\libc.a(__pop_int.o)
                0x0000000000003876                __pop_int_needed
                0x0000000000003876                __pop_int

.text.SSD1306_RectDraw
                0x0000000000003946       0xce
 .text.SSD1306_RectDraw
                0x0000000000003946       0xce CMakeFiles\TestAi2_default_default_XC8_compile.dir\C_\Users\A76570\MPLABProjects\TestAi2\config.mcc\ssd1306.c.o
                0x0000000000003946                SSD1306_RectDraw

.text.GAME_RightmostObstacleEdge
                0x0000000000003a14       0xcc
 .text.GAME_RightmostObstacleEdge
                0x0000000000003a14       0xcc CMakeFiles\TestAi2_default_default_XC8_compile.dir\C_\Users\A76570\MPLABProjects\TestAi2\config.mcc\dino_game.c.o

.text.ADC0_Initialize
                0x0000000000003ae0       0xca
 .text.ADC0_Initialize
                0x0000000000003ae0       0xca CMakeFiles\TestAi2_default_default_XC8_compile.dir\C_\Users\A76570\MPLABProjects\TestAi2\config.mcc\mcc_generated_files\adc\src\adc0.c.o
                0x0000000000003ae0                ADC0_Initialize

.text.__cvt_u   0x0000000000003baa       0xca
 .text.__cvt_u  0x0000000000003baa       0xca c:/progra~1/microc~1/xc8/v3.10/avr/bin/../lib/gcc/avr/5.4.0/../../../../avr/lib/avrxmega4\libc.a(__fmt_u.o)
                0x0000000000003baa                __cvt_u

.text.GAME_HudDraw
                0x0000000000003c74       0xbe
 .text.GAME_HudDraw
                0x0000000000003c74       0xbe CMakeFiles\TestAi2_default_default_XC8_compile.dir\C_\Users\A76570\MPLABProjects\TestAi2\config.mcc\dino_game.c.o

.text.TCA0_Initialize
                0x0000000000003d32       0xb2
 .text.TCA0_Initialize
                0x0000000000003d32       0xb2 CMakeFiles\TestAi2_default_default_XC8_compile.dir\C_\Users\A76570\MPLABProjects\TestAi2\config.mcc\mcc_generated_files\timer\src\tca0.c.o
                0x0000000000003d32                TCA0_Initialize

.text.__fmt_o   0x0000000000003de4       0xb2
 .text.__fmt_o  0x0000000000003de4       0xb2 c:/progra~1/microc~1/xc8/v3.10/avr/bin/../lib/gcc/avr/5.4.0/../../../../avr/lib/avrxmega4\libc.a(__fmt_o.o)
                0x0000000000003de4                __fmt_o
                0x0000000000003de4                __fmt_o_needed

.text.BRINGUP_Initialize
                0x0000000000003e96       0xa8
 .text.BRINGUP_Initialize
                0x0000000000003e96       0xa8 CMakeFiles\TestAi2_default_default_XC8_compile.dir\C_\Users\A76570\MPLABProjects\TestAi2\config.mcc\bringup.c.o
                0x0000000000003e96                BRINGUP_Initialize

.text.SSD1306_PagesClear
                0x0000000000003f3e       0xa6
 .text.SSD1306_PagesClear
                0x0000000000003f3e       0xa6 CMakeFiles\TestAi2_default_default_XC8_compile.dir\C_\Users\A76570\MPLABProjects\TestAi2\config.mcc\ssd1306.c.o
                0x0000000000003f3e                SSD1306_PagesClear

.text.MILLIS_IntervalElapsed
                0x0000000000003fe4       0xa2
 .text.MILLIS_IntervalElapsed
                0x0000000000003fe4       0xa2 CMakeFiles\TestAi2_default_default_XC8_compile.dir\C_\Users\A76570\MPLABProjects\TestAi2\config.mcc\millis.c.o
                0x0000000000003fe4                MILLIS_IntervalElapsed

.text.__vector_33
                0x0000000000004086       0xa0
 .text.__vector_33
                0x0000000000004086       0xa0 CMakeFiles\TestAi2_default_default_XC8_compile.dir\C_\Users\A76570\MPLABProjects\TestAi2\config.mcc\mcc_generated_files\uart\src\usart1.c.o
                0x0000000000004086                __vector_33

.text.GAME_JumpRiseGet
                0x0000000000004126       0x9e
 .text.GAME_JumpRiseGet
                0x0000000000004126       0x9e CMakeFiles\TestAi2_default_default_XC8_compile.dir\C_\Users\A76570\MPLABProjects\TestAi2\config.mcc\dino_game.c.o

.text.TWI0_WriteRead
                0x00000000000041c4       0x9c
 .text.TWI0_WriteRead
                0x00000000000041c4       0x9c CMakeFiles\TestAi2_default_default_XC8_compile.dir\C_\Users\A76570\MPLABProjects\TestAi2\config.mcc\mcc_generated_files\i2c_host\src\twi0.c.o
                0x00000000000041c4                TWI0_WriteRead

.text.I2C_SclLowTimeNsFor
                0x0000000000004260       0x9a
 .text.I2C_SclLowTimeNsFor
                0x0000000000004260       0x9a CMakeFiles\TestAi2_default_default_XC8_compile.dir\C_\Users\A76570\MPLABProjects\TestAi2\config.mcc\i2c_bus.c.o
                0x0000000000004260                I2C_SclLowTimeNsFor

.text.POT_ScaledGet
                0x00000000000042fa       0x9a
 .text.POT_ScaledGet
                0x00000000000042fa       0x9a CMakeFiles\TestAi2_default_default_XC8_compile.dir\C_\Users\A76570\MPLABProjects\TestAi2\config.mcc\pot.c.o
                0x00000000000042fa                POT_ScaledGet

.text.POT_Tasks
                0x0000000000004394       0x98
 .text.POT_Tasks
                0x0000000000004394       0x98 CMakeFiles\TestAi2_default_default_XC8_compile.dir\C_\Users\A76570\MPLABProjects\TestAi2\config.mcc\pot.c.o
                0x0000000000004394                POT_Tasks

.text.fputc     0x000000000000442c       0x98
 .text.fputc    0x000000000000442c       0x98 c:/progra~1/microc~1/xc8/v3.10/avr/bin/../lib/gcc/avr/5.4.0/../../../../avr/lib/avrxmega4\libc.a(fputc.o)
                0x000000000000442c                fputc
                0x000000000000442c                putc

.text.SSD1306_HLineDraw
                0x00000000000044c4       0x90
 .text.SSD1306_HLineDraw
                0x00000000000044c4       0x90 CMakeFiles\TestAi2_default_default_XC8_compile.dir\C_\Users\A76570\MPLABProjects\TestAi2\config.mcc\ssd1306.c.o
                0x00000000000044c4                SSD1306_HLineDraw

.text.__fmt_u   0x0000000000004554       0x8e
 .text.__fmt_u  0x0000000000004554       0x8e c:/progra~1/microc~1/xc8/v3.10/avr/bin/../lib/gcc/avr/5.4.0/../../../../avr/lib/avrxmega4\libc.a(__fmt_u.o)
                0x0000000000004554                __fmt_u_needed
                0x0000000000004554                __fmt_u

.text.I2C_WriteRead
                0x00000000000045e2       0x8c
 .text.I2C_WriteRead
                0x00000000000045e2       0x8c CMakeFiles\TestAi2_default_default_XC8_compile.dir\C_\Users\A76570\MPLABProjects\TestAi2\config.mcc\i2c_bus.c.o
                0x00000000000045e2                I2C_WriteRead

.text.__vector_17
                0x000000000000466e       0x8c
 .text.__vector_17
                0x000000000000466e       0x8c CMakeFiles\TestAi2_default_default_XC8_compile.dir\C_\Users\A76570\MPLABProjects\TestAi2\config.mcc\mcc_generated_files\i2c_host\src\twi0.c.o
                0x000000000000466e                __vector_17

.text.I2C_BusScan
                0x00000000000046fa       0x88
 .text.I2C_BusScan
                0x00000000000046fa       0x88 CMakeFiles\TestAi2_default_default_XC8_compile.dir\C_\Users\A76570\MPLABProjects\TestAi2\config.mcc\i2c_bus.c.o
                0x00000000000046fa                I2C_BusScan

.text.POT_ConversionDone
                0x0000000000004782       0x88
 .text.POT_ConversionDone
                0x0000000000004782       0x88 CMakeFiles\TestAi2_default_default_XC8_compile.dir\C_\Users\A76570\MPLABProjects\TestAi2\config.mcc\pot.c.o

.text.I2C_SclLowMinNsFor
                0x000000000000480a       0x82
 .text.I2C_SclLowMinNsFor
                0x000000000000480a       0x82 CMakeFiles\TestAi2_default_default_XC8_compile.dir\C_\Users\A76570\MPLABProjects\TestAi2\config.mcc\i2c_bus.c.o
                0x000000000000480a                I2C_SclLowMinNsFor

.text.TWI0_Write
                0x000000000000488c       0x82
 .text.TWI0_Write
                0x000000000000488c       0x82 CMakeFiles\TestAi2_default_default_XC8_compile.dir\C_\Users\A76570\MPLABProjects\TestAi2\config.mcc\mcc_generated_files\i2c_host\src\twi0.c.o
                0x000000000000488c                TWI0_Write

.text.GAME_ObstaclesClear
                0x000000000000490e       0x7c
 .text.GAME_ObstaclesClear
                0x000000000000490e       0x7c CMakeFiles\TestAi2_default_default_XC8_compile.dir\C_\Users\A76570\MPLABProjects\TestAi2\config.mcc\dino_game.c.o

.text.__vector_24
                0x000000000000498a       0x7c
 .text.__vector_24
                0x000000000000498a       0x7c CMakeFiles\TestAi2_default_default_XC8_compile.dir\C_\Users\A76570\MPLABProjects\TestAi2\config.mcc\mcc_generated_files\adc\src\adc0.c.o
                0x000000000000498a                __vector_24

.text.__vector_25
                0x0000000000004a06       0x7c
 .text.__vector_25
                0x0000000000004a06       0x7c CMakeFiles\TestAi2_default_default_XC8_compile.dir\C_\Users\A76570\MPLABProjects\TestAi2\config.mcc\mcc_generated_files\adc\src\adc0.c.o
                0x0000000000004a06                __vector_25

.text.__vector_22
                0x0000000000004a82       0x7c
 .text.__vector_22
                0x0000000000004a82       0x7c CMakeFiles\TestAi2_default_default_XC8_compile.dir\C_\Users\A76570\MPLABProjects\TestAi2\config.mcc\mcc_generated_files\system\src\pins.c.o
                0x0000000000004a82                __vector_22

.text.__vector_7
                0x0000000000004afe       0x7c
 .text.__vector_7
                0x0000000000004afe       0x7c CMakeFiles\TestAi2_default_default_XC8_compile.dir\C_\Users\A76570\MPLABProjects\TestAi2\config.mcc\mcc_generated_files\timer\src\tca0.c.o
                0x0000000000004afe                __vector_7

.text.SSD1306_CommandSend
                0x0000000000004b7a       0x7c
 .text.SSD1306_CommandSend
                0x0000000000004b7a       0x7c CMakeFiles\TestAi2_default_default_XC8_compile.dir\C_\Users\A76570\MPLABProjects\TestAi2\config.mcc\ssd1306.c.o

.text.I2C_TimingIsInSpec
                0x0000000000004bf6       0x7a
 .text.I2C_TimingIsInSpec
                0x0000000000004bf6       0x7a CMakeFiles\TestAi2_default_default_XC8_compile.dir\C_\Users\A76570\MPLABProjects\TestAi2\config.mcc\i2c_bus.c.o
                0x0000000000004bf6                I2C_TimingIsInSpec

.text.I2C_EVENT_TX
                0x0000000000004c70       0x7a
 .text.I2C_EVENT_TX
                0x0000000000004c70       0x7a CMakeFiles\TestAi2_default_default_XC8_compile.dir\C_\Users\A76570\MPLABProjects\TestAi2\config.mcc\mcc_generated_files\i2c_host\src\twi0.c.o

.text.GAME_GroundDraw
                0x0000000000004cea       0x78
 .text.GAME_GroundDraw
                0x0000000000004cea       0x78 CMakeFiles\TestAi2_default_default_XC8_compile.dir\C_\Users\A76570\MPLABProjects\TestAi2\config.mcc\dino_game.c.o

.text.I2C_DeviceIsPresent
                0x0000000000004d62       0x78
 .text.I2C_DeviceIsPresent
                0x0000000000004d62       0x78 CMakeFiles\TestAi2_default_default_XC8_compile.dir\C_\Users\A76570\MPLABProjects\TestAi2\config.mcc\i2c_bus.c.o
                0x0000000000004d62                I2C_DeviceIsPresent

.text.TWI0_Initialize
                0x0000000000004dda       0x78
 .text.TWI0_Initialize
                0x0000000000004dda       0x78 CMakeFiles\TestAi2_default_default_XC8_compile.dir\C_\Users\A76570\MPLABProjects\TestAi2\config.mcc\mcc_generated_files\i2c_host\src\twi0.c.o
                0x0000000000004dda                TWI0_Initialize

.text.I2C_SpeedActualFor
                0x0000000000004e52       0x76
 .text.I2C_SpeedActualFor
                0x0000000000004e52       0x76 CMakeFiles\TestAi2_default_default_XC8_compile.dir\C_\Users\A76570\MPLABProjects\TestAi2\config.mcc\i2c_bus.c.o
                0x0000000000004e52                I2C_SpeedActualFor

.text.POT_Initialize
                0x0000000000004ec8       0x74
 .text.POT_Initialize
                0x0000000000004ec8       0x74 CMakeFiles\TestAi2_default_default_XC8_compile.dir\C_\Users\A76570\MPLABProjects\TestAi2\config.mcc\pot.c.o
                0x0000000000004ec8                POT_Initialize

.text.__pad     0x0000000000004f3c       0x72
 .text.__pad    0x0000000000004f3c       0x72 c:/progra~1/microc~1/xc8/v3.10/avr/bin/../lib/gcc/avr/5.4.0/../../../../avr/lib/avrxmega4\libc.a(__printf_core.o)
                0x0000000000004f3c                __pad

.text.BRINGUP_ButtonBoxDraw
                0x0000000000004fae       0x70
 .text.BRINGUP_ButtonBoxDraw
                0x0000000000004fae       0x70 CMakeFiles\TestAi2_default_default_XC8_compile.dir\C_\Users\A76570\MPLABProjects\TestAi2\config.mcc\bringup.c.o

.text.I2C_WaitIdle
                0x000000000000501e       0x70
 .text.I2C_WaitIdle
                0x000000000000501e       0x70 CMakeFiles\TestAi2_default_default_XC8_compile.dir\C_\Users\A76570\MPLABProjects\TestAi2\config.mcc\i2c_bus.c.o

.text.I2C_TransferFinish
                0x000000000000508e       0x70
 .text.I2C_TransferFinish
                0x000000000000508e       0x70 CMakeFiles\TestAi2_default_default_XC8_compile.dir\C_\Users\A76570\MPLABProjects\TestAi2\config.mcc\i2c_bus.c.o

.text.USART1_Write
                0x00000000000050fe       0x70
 .text.USART1_Write
                0x00000000000050fe       0x70 CMakeFiles\TestAi2_default_default_XC8_compile.dir\C_\Users\A76570\MPLABProjects\TestAi2\config.mcc\mcc_generated_files\uart\src\usart1.c.o
                0x00000000000050fe                USART1_Write

.text.MCP23008_RegRead
                0x000000000000516e       0x6c
 .text.MCP23008_RegRead
                0x000000000000516e       0x6c CMakeFiles\TestAi2_default_default_XC8_compile.dir\C_\Users\A76570\MPLABProjects\TestAi2\config.mcc\mcp23008.c.o

.text.SSD1306_TextWidth
                0x00000000000051da       0x6c
 .text.SSD1306_TextWidth
                0x00000000000051da       0x6c CMakeFiles\TestAi2_default_default_XC8_compile.dir\C_\Users\A76570\MPLABProjects\TestAi2\config.mcc\ssd1306.c.o
                0x00000000000051da                SSD1306_TextWidth

.text.CLOCK_Initialize
                0x0000000000005246       0x6a
 .text.CLOCK_Initialize
                0x0000000000005246       0x6a CMakeFiles\TestAi2_default_default_XC8_compile.dir\C_\Users\A76570\MPLABProjects\TestAi2\config.mcc\mcc_generated_files\system\src\clock.c.o
                0x0000000000005246                CLOCK_Initialize

.text.__printf_core
                0x00000000000052b0       0x68
 .text.__printf_core
                0x00000000000052b0       0x68 c:/progra~1/microc~1/xc8/v3.10/avr/bin/../lib/gcc/avr/5.4.0/../../../../avr/lib/avrxmega4\libc.a(__printf_core.o)
                0x00000000000052b0                __printf_core

.text.I2C_Write
                0x0000000000005318       0x66
 .text.I2C_Write
                0x0000000000005318       0x66 CMakeFiles\TestAi2_default_default_XC8_compile.dir\C_\Users\A76570\MPLABProjects\TestAi2\config.mcc\i2c_bus.c.o
                0x0000000000005318                I2C_Write

.text.__vector_31
                0x000000000000537e       0x66
 .text.__vector_31
                0x000000000000537e       0x66 CMakeFiles\TestAi2_default_default_XC8_compile.dir\C_\Users\A76570\MPLABProjects\TestAi2\config.mcc\mcc_generated_files\uart\src\usart1.c.o
                0x000000000000537e                __vector_31

.text.__vector_32
                0x00000000000053e4       0x66
 .text.__vector_32
                0x00000000000053e4       0x66 CMakeFiles\TestAi2_default_default_XC8_compile.dir\C_\Users\A76570\MPLABProjects\TestAi2\config.mcc\mcc_generated_files\uart\src\usart1.c.o
                0x00000000000053e4                __vector_32

.text.SSD1306_TextDrawHex8
                0x000000000000544a       0x66
 .text.SSD1306_TextDrawHex8
                0x000000000000544a       0x66 CMakeFiles\TestAi2_default_default_XC8_compile.dir\C_\Users\A76570\MPLABProjects\TestAi2\config.mcc\ssd1306.c.o
                0x000000000000544a                SSD1306_TextDrawHex8

.text.SSD1306_TextDrawCentred
                0x00000000000054b0       0x64
 .text.SSD1306_TextDrawCentred
                0x00000000000054b0       0x64 CMakeFiles\TestAi2_default_default_XC8_compile.dir\C_\Users\A76570\MPLABProjects\TestAi2\config.mcc\ssd1306.c.o
                0x00000000000054b0                SSD1306_TextDrawCentred

.text.fputs     0x0000000000005514       0x64
 .text.fputs    0x0000000000005514       0x64 c:/progra~1/microc~1/xc8/v3.10/avr/bin/../lib/gcc/avr/5.4.0/../../../../avr/lib/avrxmega4\libc.a(fputs.o)
                0x0000000000005514                fputs